Archive member included because of file (symbol)

C:\nburn/lib/MOD5270.a(bsp.o)
                              c:/nburn/gcc-m68k/bin/../lib/gcc/m68k-elf/4.2.1/../../../../m68k-elf/lib/m5206e\nb-crt0.o (atexit)
C:\nburn/lib/MOD5270.a(ioboard.o)
                              observations.o (getdipsw)
C:\nburn/lib/MOD5270.a(pins.o)
                              argus_io.o (PinIO::set(unsigned char))
C:\nburn/lib/MOD5270.a(i2cmulti.o)
                              argus_io.o (Multi_I2CReadBuf)
C:\nburn/lib/NetBurner.a(ucosmcfa.o)
                              C:\nburn/lib/MOD5270.a(bsp.o) (OSCtxSw)
C:\nburn/lib/NetBurner.a(software_init.o)
                              c:/nburn/gcc-m68k/bin/../lib/gcc/m68k-elf/4.2.1/../../../../m68k-elf/lib/m5206e\nb-crt0.o (software_init_hook)
C:\nburn/lib/NetBurner.a(ucosmcfc.o)
                              services.o (OSTaskCreate)
C:\nburn/lib/NetBurner.a(ucos.o)
                              C:\nburn/lib/NetBurner.a(ucosmcfc.o) (OSSched)
C:\nburn/lib/NetBurner.a(ucosmain.o)
                              C:\nburn/lib/MOD5270.a(i2cmulti.o) (critical_count)
C:\nburn/lib/NetBurner.a(fileio.o)
                              C:\nburn/lib/NetBurner.a(ucosmain.o) (ioctl)
C:\nburn/lib/NetBurner.a(system.o)
                              utils.o (GetUserParameters)
C:\nburn/lib/NetBurner.a(main.o)
                              c:/nburn/gcc-m68k/bin/../lib/gcc/m68k-elf/4.2.1/../../../../m68k-elf/lib/m5206e\nb-crt0.o (main)
C:\nburn/lib/NetBurner.a(utils.o)
                              C:\nburn/lib/NetBurner.a(system.o) (AsciiToIp)
C:\nburn/lib/NetBurner.a(ip.o)
                              main.o (InitializeStack(unsigned long, unsigned long, unsigned long, unsigned long))
C:\nburn/lib/NetBurner.a(buffers.o)
                              C:\nburn/lib/NetBurner.a(ip.o) (FreeBuffer)
C:\nburn/lib/NetBurner.a(arp.o)
                              C:\nburn/lib/NetBurner.a(ip.o) (wArpLifetime)
C:\nburn/lib/NetBurner.a(udp.o)
                              services.o (UDPPacket::SetSourcePort(unsigned short))
C:\nburn/lib/NetBurner.a(tcp.o)
                              C:\nburn/lib/NetBurner.a(ip.o) (DumpTcpPacket(IPPKT*))
C:\nburn/lib/NetBurner.a(http.o)
                              main.o (StartHTTP)
C:\nburn/lib/NetBurner.a(httpinternal.o)
                              C:\nburn/lib/NetBurner.a(http.o) (TheErrorHandler)
C:\nburn/lib/NetBurner.a(htmldecomp.o)
                              C:\nburn/lib/NetBurner.a(httpinternal.o) (SendHeaderResponse(char*, int))
C:\nburn/lib/NetBurner.a(htmlvarplaceholder.o)
                              C:\nburn/lib/NetBurner.a(htmldecomp.o) (DoHtmlVariable(int, unsigned short))
C:\nburn/lib/NetBurner.a(iosys.o)
                              C:\nburn/lib/NetBurner.a(tcp.o) (FD_ZERO)
C:\nburn/lib/NetBurner.a(new_ops.o)
                              services.o (operator new(unsigned long))
C:\nburn/lib/NetBurner.a(autoip.o)
                              C:\nburn/lib/NetBurner.a(arp.o) (AutoIPClient::addressCollision())
C:\nburn/lib/NetBurner.a(dhcpc.o)
                              main.o (GetDHCPAddress(int))
C:\nburn/lib/NetBurner.a(netinterface.o)
                              C:\nburn/lib/NetBurner.a(ip.o) (GetFirstInterface())
C:\nburn/lib/NetBurner.a(taskmon.o)
                              main.o (EnableTaskMonitor())
C:\nburn/lib/NetBurner.a(smarttrap.o)
                              main.o (EnableSmartTraps())
C:\nburn/lib/NetBurner.a(autoupdate.o)
                              main.o (EnableAutoUpdate)
C:\nburn/lib/NetBurner.a(device.o)
                              C:\nburn/lib/NetBurner.a(main.o) (DeviceInitializeSem)
C:\nburn/lib/MOD5270.a(serial.o)
                              C:\nburn/lib/NetBurner.a(fileio.o) (SerialClose)
C:\nburn/lib/MOD5270.a(ethernet.o)
                              C:\nburn/lib/NetBurner.a(netinterface.o) (AddEthernetInterface())
C:\nburn/lib/MOD5270.a(etherprint.o)
                              C:\nburn/lib/MOD5270.a(ethernet.o) (EtherLink())
C:\nburn/lib/MOD5270.a(emulticast.o)
                              C:\nburn/lib/MOD5270.a(ethernet.o) (EthEnableMulticast(MACADR))
C:\nburn/lib/NetBurner.a(extraio.o)
                              C:\nburn/lib/MOD5270.a(serial.o) (GetExtraFD)
C:\nburn/lib/NetBurner.a(netrx.o)
                              C:\nburn/lib/MOD5270.a(ethernet.o) (NetDoRX(pool_buffer*, unsigned short, int))
c:/nburn/gcc-m68k/bin/../lib/gcc/m68k-elf/4.2.1/../../../../m68k-elf/lib/m5206e\libstdc++.a(functexcept.o)
                              services.o (std::__throw_bad_alloc())
c:/nburn/gcc-m68k/bin/../lib/gcc/m68k-elf/4.2.1/../../../../m68k-elf/lib/m5206e\libstdc++.a(ios_failure.o)
                              c:/nburn/gcc-m68k/bin/../lib/gcc/m68k-elf/4.2.1/../../../../m68k-elf/lib/m5206e\libstdc++.a(functexcept.o) (std::ios_base::failure::~failure())
c:/nburn/gcc-m68k/bin/../lib/gcc/m68k-elf/4.2.1/../../../../m68k-elf/lib/m5206e\libstdc++.a(stdexcept.o)
[...]
Memory Configuration

Name             Origin             Length             Attributes
ram              0x02000000         0x00200000         xrw
SRAM             0x20000400         0x0000fc00         xrw
*default*        0x00000000         0xffffffff

Linker script and memory map

LOAD c:/nburn/gcc-m68k/bin/../lib/gcc/m68k-elf/4.2.1/../../../../m68k-elf/lib/m5206e\nb-crt0.o
LOAD c:/nburn/gcc-m68k/bin/../lib/gcc/m68k-elf/4.2.1/m5206e/crtbegin.o
LOAD utils.o
LOAD services.o
LOAD observations.o
LOAD obs.o
LOAD main.o
LOAD io.o
LOAD dhtml.o
LOAD data.o
LOAD control.o
LOAD boot.o
LOAD argus_io.o
LOAD argus_control.o
LOAD C:\nburn/MOD5270/lib/sys.ld
                0x20000000                vector_base = 0x20000000
                0x20010000                SRAM_END_ADDR = 0x20010000
                0x40000000                sim = 0x40000000
                0xffc04000                gConfigRec = 0xffc04000
                0xffc06000                UserParamBase = 0xffc06000
                0xffc00008                _RESET_ADDR = 0xffc00008
                0xffc08000                FlashAppBase = 0xffc08000
START GROUP
LOAD C:\nburn/lib/MOD5270.a
LOAD C:\nburn/lib/NetBurner.a
LOAD C:\nburn/lib/FatFile.a
LOAD C:\nburn\lib\debugLibrary.a
LOAD C:\nburn\lib\Lua_Full.a
END GROUP
LOAD c:/nburn/gcc-m68k/bin/../lib/gcc/m68k-elf/4.2.1/../../../../m68k-elf/lib/m5206e\libstdc++.a
LOAD c:/nburn/gcc-m68k/bin/../lib/gcc/m68k-elf/4.2.1/../../../../m68k-elf/lib/m5206e\libm.a
LOAD c:/nburn/gcc-m68k/bin/../lib/gcc/m68k-elf/4.2.1/m5206e\libgcc.a
LOAD c:/nburn/gcc-m68k/bin/../lib/gcc/m68k-elf/4.2.1/../../../../m68k-elf/lib/m5206e\libc.a
LOAD c:/nburn/gcc-m68k/bin/../lib/gcc/m68k-elf/4.2.1/m5206e\libgcc.a
LOAD c:/nburn/gcc-m68k/bin/../lib/gcc/m68k-elf/4.2.1/m5206e/crtend.o
START GROUP
LOAD c:/nburn/gcc-m68k/bin/../lib/gcc/m68k-elf/4.2.1/../../../../m68k-elf/lib/m5206e\libc.a
LOAD c:/nburn/gcc-m68k/bin/../lib/gcc/m68k-elf/4.2.1/m5206e\libgcc.a
LOAD c:/nburn/gcc-m68k/bin/../lib/gcc/m68k-elf/4.2.1/../../../../m68k-elf/lib/m5206e\libm.a
END GROUP
                0x00000000                __DYNAMIC = 0x0
                0x02200000                PROVIDE (__stack, 0x2200000)
                0x00000000                PROVIDE (hardware_init_hook, 0x0)
                0x00000000                PROVIDE (_hardware_init_hook, 0x0)
                0x00000000                PROVIDE (software_init_hook, 0x0)
                0x00000000                PROVIDE (_software_init_hook, 0x0)

.SRAM_SECT      0x20000400     0x8900
                0x20000400                SRAM_START = .
 *(SYS_VAR_SECT)
 SYS_VAR_SECT   0x20000400      0x238 C:\nburn/lib/NetBurner.a(ucos.o)
                0x2000052c                TimeTick
                0x2000051c                OSLockNesting
                0x20000526                OSRunning
                0x20000508                OSTCBList
                0x20000530                OSMapTbl
                0x20000528                Secs
                0x20000514                OSTCBFreeList
                0x20000524                OSISRLevel
                0x20000510                OSTCBHighRdy
                0x20000520                OSRdyGrp
                0x20000538                OSUnMapTbl
                0x20000500                OSRdyTbl
                0x20000518                OSIntNesting
                0x2000050c                OSTCBCur
                0x20000400                OSTCBPrioTbl
 SYS_VAR_SECT   0x20000638      0x1ac C:\nburn/lib/NetBurner.a(ucosmain.o)
                0x20000638                OSTcbStructSize
                0x20000650                critical_count
                0x20000654                OSTCBTbl
 SYS_VAR_SECT   0x200007e4       0x1c C:\nburn/lib/NetBurner.a(fileio.o)
                0x200007fc                pExtraFdFunc
 SYS_VAR_SECT   0x20000800       0x20 C:\nburn/lib/NetBurner.a(iosys.o)
                0x20000800                read_file_sets
                0x20000810                error_file_sets
                0x20000808                write_file_sets
                0x20000820                SYS_VAR_SECT_END = .
                0x20000820                . = ALIGN (0x10)
 *(IDLE_STK_SECT)
                0x20000820                IDLE_STK_SECT_END = .
                0x20000820                . = ALIGN (0x10)
 *(MAIN_STK_SECT)
 MAIN_STK_SECT  0x20000820     0x2000 C:\nburn/lib/NetBurner.a(main.o)
                0x20000820                MainStk
                0x20002820                MAIN_STK_SECT_END = .
                0x20002820                . = ALIGN (0x4)
 *(ETHER_VAR_SECT)
 ETHER_VAR_SECT
                0x20002820      0x128 C:\nburn/lib/MOD5270.a(ethernet.o)
                0x200028f6                TxcPosts
                0x200028fa                TxcSems
                0x20002820                EthernetMac
                0x200028ee                LastIsrStatus
                0x20002912                MIILockOut
                0x20002850                RxBD
                0x200028e0                TxBDFlag
                0x200028fe                RxIsr
                0x2000291a                PHY_addr
                0x200028f2                RxPosts
                0x20002916                phy_data
                0x20002920                PHY_ID
                0x2000291c                PHY_OUI_ID
                0x2000290a                bEthLink
                0x2000290e                bEverHadLink
                0x200028d4                RxBDFlag
                0x200028ea                last_rxbd
                0x20002906                bEthAutoNeg
                0x200028a0                RxBDpp
                0x20002924                last_phy_read
                0x20002826                nTx
                0x20002902                TxIsr
                0x200028c8                TxBDpp
                0x20002830                TxBD
                0x20002948                ETHER_VAR_SECT_END = .
                0x20002950                . = ALIGN (0x10)
 *fill*         0x20002948        0x8 00
 *(ETHER_STK_SECT)
 ETHER_STK_SECT
                0x20002950     0x2000 C:\nburn/lib/MOD5270.a(ethernet.o)
                0x20002950                EtherSendStk
                0x20004950                ETHER_STK_SECT_END = .
                0x20004950                . = ALIGN (0x4)
 *(IP_VAR_SECT)
 IP_VAR_SECT    0x20004950      0x2fa C:\nburn/lib/NetBurner.a(ip.o)
                0x20004952                bTTL_Default
                0x20004c42                next_arp_time
                0x20004954                ipRxFifo
                0x20004986                multi_home_if_record
                0x20004966                IcmpFifo
                0x20004982                nAdditional_Homes
                0x20004950                wGlobalPktId
                0x20004976                pPromisciousPacketFunc
                0x2000497e                pFragFunc
                0x2000497a                pMultiCastFunc
                0x20004c46                delay
                0x20004972                pAutoIPTick
                0x2000496e                pMultiTick
                0x2000496a                pDHCPTick
                0x200049ae                multi_if_block
 IP_VAR_SECT    0x20004c4a       0x74 C:\nburn/lib/NetBurner.a(udp.o)
                0x20004cba                UdpNetbiosNameServicePtr
                0x20004c4a                udp_fifos
                0x20004cb2                pDHCPProcessFunction
                0x20004cb6                pTaskPacketFunc
                0x20004cae                UDP_fifos_used
                0x20004cbe                IP_VAR_SECT_END = .
                0x20004cc0                . = ALIGN (0x10)
 *fill*         0x20004cbe        0x2 00
 *(IP_STK_SECT)
 IP_STK_SECT    0x20004cc0     0x2000 C:\nburn/lib/NetBurner.a(ip.o)
                0x20004cc0                IPStk
                0x20006cc0                IP_STK_SECT_END = .
                0x20006cc0                . = ALIGN (0x4)
 *(TCP_VAR_SECT)
 TCP_VAR_SECT   0x20006cc0       0x1e C:\nburn/lib/NetBurner.a(tcp.o)
                0x20006cd0                TCP_TimerSemaphore
                0x20006cc0                TCP_critical_section
                0x20006cde                TCP_VAR_SECT_END = .
                0x20006ce0                . = ALIGN (0x10)
 *fill*         0x20006cde        0x2 00
 *(TCP_STK_SECT)
 TCP_STK_SECT   0x20006ce0     0x2000 C:\nburn/lib/NetBurner.a(tcp.o)
                0x20006ce0                TCPStk
                0x20008ce0                TCP_STK_SECT_END = .
                0x20008ce0                . = ALIGN (0x10)
 *(HTTP_STK_SECT)
                0x20008ce0                HTTP_STK_SECT_END = .
                0x20008ce0                . = ALIGN (0x10)
 *(FTP_STK_SECT)
                0x20008ce0                FTP_STK_SECT_END = .
                0x20008ce0                . = ALIGN (0x10)
 *(WIFI_STK_SECT)
                0x20008ce0                WIFI_STK_SECT_END = .
                0x20008ce0                . = ALIGN (0x10)
 *(PPP_STK_SECT)
                0x20008ce0                PPP_STK_SECT_END = .
                0x20008ce0                . = ALIGN (0x10)
 *(COMMAND_STK_SECT)
                0x20008ce0                COMMAND_STK_SECT_END = .
                0x20008ce0                . = ALIGN (0x4)
 *(USER_VAR_SECT)
                0x20008ce0                USER_VAR_SECT_END = .
                0x20008ce0                . = ALIGN (0x10)
 *(USER_STK_SECT)
                0x20008ce0                USER_STK_SECT_END = .
                0x20008ce0                BUFFERS_SECT_START = .
                0x20008ce0                . = ALIGN (0x10)
 *(BUFFERS_VAR_SECT)
 BUFFERS_VAR_SECT
                0x20008ce0       0x1c C:\nburn/lib/NetBurner.a(buffers.o)
                0x20008ce0                FAST_BUFFER_POOL_SIZE
                0x20008cee                free_fast_list
                0x20008cf8                free_list_is_initialized
                0x20008ce4                free_list
                0x20008d00                . = ALIGN (0x10)
 *fill*         0x20008cfc        0x4 00
                0x20008d00                BUFFERS_VAR_SECT_END = .
                0x20008d00                . = ALIGN (0x10)
                0x20008d00                SRAM_END = .

.text           0x02000000    0x6cb10
 *(.text)
 .text          0x02000000       0xaa c:/nburn/gcc-m68k/bin/../lib/gcc/m68k-elf/4.2.1/../../../../m68k-elf/lib/m5206e\nb-crt0.o
                0x02000000                start
 *fill*         0x020000aa        0x2 00
 .text          0x020000ac       0x9c c:/nburn/gcc-m68k/bin/../lib/gcc/m68k-elf/4.2.1/m5206e/crtbegin.o
 .text          0x02000148      0x9ca utils.o
                0x02000800                zpec_change_prio
                0x02000760                zpec_version
                0x02000678                zpec_write_if_full
                0x0200095c                zpec_parse_spec
                0x02000a40                zpec_writeFlash
                0x02000854                zpec_interrupt
                0x02000148                zpec_usleep
                0x020002c4                zpec_iptostr
                0x02000aa4                zpec_readFlash
                0x020001f0                zpec_severity
                0x020008bc                zpec_print_fixed
                0x0200038c                zpec_write_retry
                0x02000514                zpec_write_strcpy
                0x02000308                zpec_log
                0x02000290                zpec_log10_fix16
                0x02000240                zpec_log2_fix16
                0x02000af0                zpec_getSerialNo
 *fill*         0x02000b12        0x2 00
 .text          0x02000b14     0x1ac2 services.o
                0x02001aa4                MessageService::handleClient(Client*)
                0x02000bf8                MonitorService::handleRequest(TcpClient*, char*)
                0x02002324                ControlService::handleClient(Client*)
                0x02001708                TcpService::offerService()
                0x02000ff8                Service::readLine(char*, unsigned int, int, bool)
                0x02001cd0                UdpService::offerService()
                0x02000b14                Service::serviceTask(void*)
                0x02001624                Service::createServer(Client*)
                0x02001134                SimpleTcpService::handleClient(Client*)
                0x0200131c                Service::serverTask(void*)
                0x02002208                MessageService::post(char const*)
                0x02000e34                UdpService::send(void const*, unsigned short, unsigned long, unsigned short)
                0x020011e4                Service::closeClient(Client*)
                0x020013d8                Service::openClient(Client*)
                0x02000ebc                Service::start()
                0x02000d0c                DataService::handleRequest(TcpClient*, char*)
                0x020022d8                zpec_post_msg
 *fill*         0x020025d6        0x2 00
 .text          0x020025d8      0x6aa observations.o
                0x02002c18                StatsObservation::computeStats()
                0x020025d8                StatsObservation::mul_64bit(unsigned int*, unsigned int, unsigned int)
                0x0200289c                StatsObservation::computeMean(int, unsigned int)
                0x02002aac                BasicObservation::processFrame(long const*, long const*)
                0x02002984                PutDispDecimal(unsigned short, unsigned char)
                0x02002b98                StatsObservation::processFrame(long const*, long const*)
                0x02002910                ScopeObservation::processFrame(long const*, long const*)
                0x02002728                StatsObservation::computeVar(int, int, int, unsigned int)
                0x02002680                StatsObservation::div_64bit(unsigned int*, unsigned int const*, unsigned int)
 *fill*         0x02002c82        0x2 00
 .text          0x02002c84     0x3ac2 obs.o
                0x02003138                Correlator::readADCs(Observation*, unsigned int, Correlator::argument_type&, char*, unsigned int)
                0x02003cac                Correlator::findCounts(char*, unsigned int*, BasicObservation*, int, unsigned int, unsigned int, int)
                0x02004654                Correlator::execScopeObs(char*, Correlator::argument_type)
                0x020061a8                Correlator::execDiodeObs(char*, Correlator::argument_type)
                0x02005cac                Correlator::execTotalPower(char*, Correlator::argument_type)
                0x02003e00                Correlator::execLevel(char*, Correlator::argument_type)
                0x02002c84                Correlator::setIntegStatus(char*, unsigned int, unsigned int, bool)
                0x02004aec                Correlator::execStatsObs(char*, Correlator::argument_type)
                0x020056e4                Correlator::execZero(char*, Correlator::argument_type)
                0x02002f98                Correlator::collateData(LagData const&, unsigned int)
 *fill*         0x02006746        0x2 00
 .text          0x02006748     0x5272 main.o
                0x02007014                initCommandShell()
                0x0200b930                UserMain
                0x02006748                startNetwork()
 *fill*         0x0200b9ba        0x2 00
 .text          0x0200b9bc     0x111e io.o
                0x0200ba3c                zpec_disable_irq
                0x0200bb7c                cpld_get_bit
                0x0200c0cc                cpld_read_mon_adc
                0x0200bbe4                zpec_mode_name
                0x0200ba10                zpec_enable_irq
                0x0200bb0c                cpld_set_bit
                0x0200ba68                zpec_setup_irq
                0x0200b9bc                fake_ADC_isr
                0x0200bc58                cpld_set_atten
                0x0200bba8                Ipow
                0x0200c5d4                zpec_setup_watchdog
                0x0200bae8                zpec_setup_mmap
                0x0200b9c0                ADC_isr
                0x0200bdb8                cpld_init_corl_adc
                0x0200c648                real_ADC_isr
 *fill*         0x0200cada        0x2 00
 .text          0x0200cadc       0x86 dhtml.o
                0x0200cadc                dhtml_getSerialNo
 *fill*         0x0200cb62        0x2 00
 .text          0x0200cb64      0x316 data.o
                0x0200ccb4                MonitorData::write(int, char const*) const
                0x0200cb64                ControlData::setAttenuation(unsigned short)
                0x0200cb7c                LagData::write(int, unsigned int, unsigned int) const
 *fill*         0x0200ce7a        0x2 00
 .text          0x0200ce7c     0x3428 control.o
                0x0200d1d8                Correlator::execTime(char*, Correlator::argument_type)
                0x0200f024                Correlator::createHelpSummary(CommandInterpreter<Correlator, Correlator::command_type, char*, Correlator::argument_type, std::string>*)
                0x0200e1d0                Correlator::isMaster() const
                0x0200e404                Correlator::execHalt(char*, Correlator::argument_type)
                0x0200dd04                Correlator::timestamp(unsigned int, unsigned int)
                0x0200ec34                CommandInterpreter<Correlator, Correlator::command_type, char*, Correlator::argument_type, std::string>::parse(std::string&, Correlator::argument_type&, Correlator::command_type&) const
                0x0200d470                Correlator::getMode() const
                0x0200f654                Correlator::setMonitorPoint(int, bool)
                0x0200d154                Correlator::execVersion(char*, Correlator::argument_type)
                0x0200e03c                Correlator::setMode(mode_type_enum)
                0x0200e3bc                Correlator::setAccumulating(bool)
                0x0200fcbc                Correlator::execQuery(char*, Correlator::argument_type)
                0x0200e2d0                Correlator::execBoss(char*, Correlator::argument_type)
                0x0200d01c                Correlator::execQuit(char*, Correlator::argument_type)
                0x0200e514                Correlator::execVerbose(char*, Correlator::argument_type)
                0x0200d060                Correlator::execPeek(char*, Correlator::argument_type)
                0x0200d4ac                Correlator::execReboot(char*, Correlator::argument_type)
                0x0200e4d0                Correlator::setVerbosity(int)
                0x0200ed50                Correlator::execHelp(char*, Correlator::argument_type)
                0x0200ddc0                CommandInterpreter<Correlator, Correlator::command_type, char*, Correlator::argument_type, std::string>::cmdNotFound(char*, std::string&, Correlator::argument_type&, Correlator::command_type&) const
                0x0200e158                Correlator::setMaster(bool)
                0x0200d84c                Correlator::execFlash(char*, Correlator::argument_type)
                0x0200e000                Correlator::getVerbosity() const
                0x0200de5c                Correlator::execInitADCs(char*, Correlator::argument_type)
                0x0200e210                Correlator::execSync(char*, Correlator::argument_type)
                0x0200e948                Correlator::execSend(char*, Correlator::argument_type)
                0x0200e490                Correlator::isAccumulating() const
                0x0200d4fc                Correlator::execPower(char*, Correlator::argument_type)
                0x0200d300                Correlator::execPoke(char*, Correlator::argument_type)
                0x0200cf70                Correlator::execjUpTime(char*, Correlator::argument_type)
                0x0200e5d4                Correlator::execStatus(char*, Correlator::argument_type)
                0x0200ce7c                Correlator::longHelp(char*, char const*, void (Correlator::*)(char*, Correlator::argument_type)) const
                0x0200e080                Correlator::execMode(char*, Correlator::argument_type)
 .text          0x020102a4      0x43e boot.o
                0x020102bc                Correlator::initHardware()
                0x020105f8                Correlator::boot(CommandInterpreter<Correlator, Correlator::command_type, char*, Correlator::argument_type, std::string>*, global_io_struct*)
                0x020102a4                Correlator::initState()
 *fill*         0x020106e2        0x2 00
 .text          0x020106e4     0x6782 argus_io.o
                0x02011238                closeI2Cssbus(unsigned char, unsigned char)
                0x02012604                sb_readPLLmon
                0x020108cc                v2t_670(float)
                0x0201103c                argus_test
                0x02013f78                dcm2_blockMod
                0x02012c84                dcm2_readMBtemp
                0x02011158                init_vane
                0x02012404                dcm2_readMBadc
                0x020159f8                comap_presets
                0x02010e34                argus_powCheck
                0x02016744                argus_clearBus
                0x020152e4                argus_setLNAbias
                0x020142e8                dcm2_setPow
                0x020139b8                init_saddlebags
                0x02010f4c                argus_thermCheck
                0x02016598                init_bias()
                0x020125b0                readBEX(unsigned char)
                0x020151a0                argus_readAllSystemADCs
                0x020135c8                argus_readBCpsV
                0x02011530                vane_angle()
                0x02015e94                argus_lnaPower
                0x02011d50                AD7860_SPI_bitbang(unsigned char, unsigned char, unsigned char, float, unsigned char)
                0x020126a0                sb_ledOnOff
                0x02012da8                dcm2_ampPow
                0x020112b8                openI2Cssbus(unsigned char, unsigned char, unsigned char, unsigned char)
                0x020113c4                openI2Csbus(unsigned char, unsigned char)
                0x02011028                argus_systemState
                0x02016ccc                argus_init
                0x02013bf8                sb_setAllAmps
                0x02011b7c                sb_readADC
                0x0201165c                vane_obscal
                0x020127c8                AD7814_SPI_bitbang(unsigned char, unsigned char, unsigned char, unsigned char)
                0x02012e70                argus_readThermADCs
                0x02013d90                sb_ampPow
                0x02012020                dcm2_readAllModTotPwr
                0x02010c70                argus_biasCheck
                0x02014688                dcm2_setAllPow
                0x0201402c                HMC624_SPI_bitbang(unsigned char, unsigned char, unsigned char, float, unsigned char, unsigned char*)
                0x020149fc                dcm2_setAtten
                0x020106e4                v2dac(float, float, float, char)
                0x02012ce0                dcm2_ledOnOff
                0x02015d74                argus_setAllBias
                0x020168f0                init_dcm2
                0x020119c0                vane_readADC
                0x02011110                configBEX(unsigned char, unsigned char)
                0x020110c8                writeBEX(unsigned char, unsigned char)
                0x020131b4                argus_lnaPowerPIO
                0x02011380                closeI2Csbus(unsigned char)
                0x02014774                dcm2_setAllAttens
                0x020132dc                argus_readPwrADCs
                0x0201144c                vane_relayCtrl(char*)
                0x02012adc                dcm2_readAllModTemps
                0x02010838                adc2v(short, float, float, char)
                0x02014bec                argus_readLNAbiasADCs
 *fill*         0x02016e66        0x2 00
 .text          0x02016e68     0xaca6 argus_control.o
                0x02018204                Correlator::execVane(char*, Correlator::argument_type)
                0x02016e68                Correlator::execArgusLock(char*, Correlator::argument_type)
                0x02020ab0                Correlator::execJArgusSetAll(char*, Correlator::argument_type)
                0x02018db8                Correlator::execJSaddlebag(char*, Correlator::argument_type)
                0x0201a8c4                Correlator::execJCOMAPcryo(char*, Correlator::argument_type)
                0x0201a1f4                Correlator::execJArgusGate(char*, Correlator::argument_type)
                0x0201a55c                Correlator::execJArgusDrain(char*, Correlator::argument_type)
                0x02020d74                Correlator::execJCOMAPpow(char*, Correlator::argument_type)
                0x020193bc                Correlator::execJDCM2(char*, Correlator::argument_type)
                0x02019c70                Correlator::execDCM2(char*, Correlator::argument_type)
                0x0202070c                Correlator::execArgusSetAll(char*, Correlator::argument_type)
                0x02018624                Correlator::execSaddlebag(char*, Correlator::argument_type)
                0x020205c8                Correlator::execJCOMAPpresets(char*, Correlator::argument_type)
                0x02021088                Correlator::execJCOMAPatten(char*, Correlator::argument_type)
                0x0201a6e0                Correlator::execArgusDrain(char*, Correlator::argument_type)
                0x02017ab0                Correlator::execArgusLimits(char*, Correlator::argument_type)
                0x020171d0                Correlator::execJArgusFreeze(char*, Correlator::argument_type)
                0x02021934                Correlator::execArgusInit(char*, Correlator::argument_type)
                0x0202173c                Correlator::execArgusRxHealth(char*, Correlator::argument_type)
                0x0201a378                Correlator::execArgusGate(char*, Correlator::argument_type)
                0x020211f8                Correlator::execCOMAPatten(char*, Correlator::argument_type)
                0x02017258                Correlator::execJCOMAPsets(char*, Correlator::argument_type)
                0x0202065c                Correlator::execCOMAPpresets(char*, Correlator::argument_type)
                0x0201eabc                Correlator::execJCOMAPlna(char*, Correlator::argument_type)
                0x0201f224                Correlator::execArgusPwrCtrl(char*, Correlator::argument_type)
                0x020213a0                Correlator::execArgusEngr(char*, Correlator::argument_type)
                0x020219c0                Correlator::execArgusTest(char*, Correlator::argument_type)
                0x02020ee0                Correlator::execCOMAPpow(char*, Correlator::argument_type)
                0x02017b44                Correlator::execArgusThaw(char*, Correlator::argument_type)
                0x0201a9fc                Correlator::execArgusCryo(char*, Correlator::argument_type)
                0x02017c40                Correlator::execJVane(char*, Correlator::argument_type)
                0x0201ac2c                Correlator::execArgusMonPts(char*, Correlator::argument_type)
                0x020176a4                Correlator::execJCOMAPlnaTestRet(char*, Correlator::argument_type)
                0x02017148                Correlator::execJArgusThaw(char*, Correlator::argument_type)
                0x02017a24                Correlator::execJArgusLimits(char*, Correlator::argument_type)
                0x02017bc0                Correlator::execArgusFreeze(char*, Correlator::argument_type)
 *fill*         0x02021b0e        0x2 00
 .text          0x02021b10      0x5de C:\nburn/lib/MOD5270.a(bsp.o)
                0x02021e54                _sbrk_r
                0x02021fbc                HardwareSetup
                0x02021de8                DisableCache
                0x02021f54                spaceleft
                0x02021eac                LocalInByte
                0x02021fa0                ForceReboot
                0x02021d2c                FlashProgram
                0x02021f8c                BspGetTickFraction
                0x02021b10                xTick
                0x02021cac                FlashErase
                0x02021ee0                LocalOutByte
                0x02021ea0                atexit
                0x02021c04                GetPreciseTime
                0x02021dfc                EnableCache
                0x02021b2c                SetIntc
                0x02021f30                LocalCharAvail
                0x02021b14                Tick5270
 *fill*         0x020220ee        0x2 00
 .text          0x020220f0      0x3d8 C:\nburn/lib/MOD5270.a(ioboard.o)
                0x02022288                getleds
                0x02022470                getCPLDver
                0x020223c4                getDecimal
                0x02022228                putleds
                0x020222c0                putdisp
                0x02022384                putDecimal
                0x0202249c                getCPLDrev
                0x020220f0                InitChipBoardSelect
                0x02022338                getdisp
                0x020221d8                getdipsw
                0x020223f8                putSegments
                0x02022148                OnModDev70
 .text          0x020224c8     0x1d82 C:\nburn/lib/MOD5270.a(pins.o)
                0x020224c8                PinIO::set(unsigned char)
                0x02023b80                PinIO::function(int)
                0x02023080                PinIO::drive()
                0x020241e8                CReadPin
                0x020234c8                PinIO::read()
                0x0202420c                CGPInPin
 *fill*         0x0202424a        0x2 00
 .text          0x0202424c      0xde2 C:\nburn/lib/MOD5270.a(i2cmulti.o)
                0x02024854                Multi_I2CReadBuf
                0x02024310                I2CRXAvail
                0x02024330                I2CTXAvail
                0x0202424c                fake_i2c_multi_int_routine()
                0x020244ec                I2CGetByte
                0x02024488                I2CMultiResetPeripheral()
                0x02024b2c                I2C_Multi_Isr()
                0x020242a0                Multi_I2CStop
                0x020245bc                Multi_I2CSend
                0x02024eec                real_i2c_multi_int_routine
                0x02024a30                Multi_I2CSendBuf
                0x02024370                I2CFillSlaveTXBuf
                0x02024250                i2c_multi_int_routine
                0x0202464c                Multi_I2CRestart
                0x02024ef8                Multi_I2CInit
                0x02024540                Multi_I2CRead
                0x02024714                Multi_I2CStart
 *fill*         0x0202502e        0x2 00
 .text          0x02025030      0x44a C:\nburn/lib/NetBurner.a(ucosmcfa.o)
                0x02025110                OSDebugTraceHalt
                0x02025030                OSStartHighRdy
                0x02025120                TrapOutByte
                0x02025150                memcpy
                0x02025150                fmemcpy
                0x02025050                OSCtxSw
                0x02025140                TrapCharAvail
                0x02025080                OSIntCtxSw
                0x02025130                TrapInByte
                0x020250b0                OSTickISR
                0x02025220                memcpysum
                0x020250f0                OSSetupVBR
                0x02025450                GetSR_IntLevel
                0x020253b0                memset
                0x020253b0                fmemset
                0x02025460                SetSR_IntLevel
 *fill*         0x0202547a        0x2 00
 .text          0x0202547c        0x8 C:\nburn/lib/NetBurner.a(software_init.o)
                0x0202547c                software_init_hook
 .text          0x02025484      0x320 C:\nburn/lib/NetBurner.a(ucosmcfc.o)
                0x0202576c                OSTaskCreate
                0x02025798                TopOfStackKillfunction
                0x02025540                OSTaskCreatewName
                0x02025484                OSTCBInit
                0x0202579c                KillFunctionLink
 .text          0x020257a4     0x1de4 C:\nburn/lib/NetBurner.a(ucos.o)
                0x02027128                OSCritEnterNoWait
                0x02025854                UCOSWAITS_HERE
                0x02026dd4                OSFifoPostFirst
                0x0202719c                OSCritLeave
                0x02026f34                getpid
                0x02025a60                OSLock
                0x020268a4                OSQPostFirst
                0x020272b4                OSTaskID
                0x02026690                OSQPendNoWait
                0x020272cc                OSSetName
                0x020272f4                OSIntExit
                0x02025ee4                OSSemPendNoWait
                0x02025bcc                OSTaskDelete
                0x02025a88                OSUnlock
                0x02026f4c                OSCritInit
                0x0202670c                OSQPost
                0x02026f88                OSCritEnter
                0x02026a90                OSFifoPend
                0x02025d44                OSSemPend
                0x020260b0                OSMboxInit
                0x020262cc                OSMboxPost
                0x02026a44                OSFifoInit
                0x020264a8                OSQPend
                0x020257d0                OSSched
                0x0202588c                OSTimeDly
                0x02025f24                OSSemPost
                0x02025ac8                OSChangePrio
                0x02025a30                OSTCBGetFree
                0x02025864                OSIntEnterWAS
                0x0202628c                OSMboxPendNoWait
                0x02026c74                OSFifoPost
                0x02025ce4                OSSemInit
                0x02027390                OSStart
                0x02025944                OSTimeTick
                0x02026434                OSQInit
                0x020272e0                OSTaskName
                0x02026c24                OSFifoPendNoWait
                0x020260f8                OSMboxPend
                0x0202740c                OSInit
                0x02025924                OSChangeTaskDly
 .text          0x02027588      0x1b8 C:\nburn/lib/NetBurner.a(ucosmain.o)
                0x02027664                __malloc_unlock
                0x02027588                UCosBegin
                0x02027684                balloc_lock
                0x020276c4                UCosSetup
                0x02027648                balloc_unlock
                0x020276a4                __malloc_lock
 .text          0x02027740      0x5f8 C:\nburn/lib/NetBurner.a(fileio.o)
                0x020278d0                ioctl
                0x02027740                isatty
                0x02027828                CurrentStdioFD
                0x020278a0                lseek
                0x02027778                ReplaceStdio
                0x0202793c                write
                0x0202775c                fstat
                0x02027a6c                rawwrite
                0x02027c78                stdioinbyte
                0x02027af0                read
                0x02027858                outbyte
                0x020278b8                open
                0x02027870                charavail
                0x0202784c                fcntl
                0x02027cf0                close
 .text          0x02027d38      0x6d8 C:\nburn/lib/NetBurner.a(system.o)
                0x02027db0                GetUserParameters
                0x02028110                UpdateConfigRecord_Num
                0x02027d84                RawGetConfig
                0x02027d38                isvalidcr
                0x020282cc                SetupDialog
                0x02027e28                ReadLine
                0x020282b8                UpdateConfigRecord
                0x02027fe8                IpQuestion
                0x0202809c                SaveUserParameters
                0x02027dc0                ShowChange
 .text          0x02028410       0x78 C:\nburn/lib/NetBurner.a(main.o)
                0x02028448                main
                0x02028410                __do_global_ctors
 .text          0x02028488      0xbe0 C:\nburn/lib/NetBurner.a(utils.o)
                0x02028e74                fShowMac
                0x02028678                FancyDump(unsigned char*, int)
                0x02028f04                ShowCounters
                0x020285c0                convertHexAsciiToBinary
                0x02028838                ShowData
                0x02028488                kill
                0x02028f6c                fShowCounters
                0x02028e34                fShowIP
                0x02028498                _fini
                0x020287a4                ShowIP
                0x020284a4                AsciiToIp
                0x02028fe4                sShowCounters
                0x02028ed0                DiagMenuPicker(int, unsigned char)
                0x020287e0                ShowMac
                0x02028528                convertBinaryToHexAscii
                0x02028660                __builtin_delete
                0x02028490                _exit
 .text          0x02029068     0x1aaa C:\nburn/lib/NetBurner.a(ip.o)
                0x020294b8                FixUpICMP(IPPKT*, unsigned char, unsigned char, unsigned char*, unsigned short)
                0x02029228                IsMultiCast(unsigned long)
                0x02029e58                FixHeaderAndSend(pool_buffer*, IPPKT*)
                0x020297cc                DoIPPacket(pool_buffer*, EFRAME*, unsigned short)
                0x02029124                GetSum20
                0x0202a154                PingViaInterface
                0x0202976c                SaveError(pool_buffer*)
                0x02029adc                process_icmp(pool_buffer*, IPPKT*, unsigned short)
                0x02029364                IpProcessEthernetPacket
                0x02029990                FixHeaderAndSendViaInterface(pool_buffer*, IPPKT*, int)
                0x0202a3d0                ShowIPBuffer(pool_buffer*)
                0x02029fb8                SendICMPError(pool_buffer*, unsigned char, unsigned char)
                0x020295d0                InitializeStack(unsigned long, unsigned long, unsigned long, unsigned long)
                0x02029278                GetData(IPPKT*)
                0x020296f4                InitializeCStack
                0x0202a264                Ping
                0x02029068                GetSum
                0x02029700                GetMultiHomeInterface(unsigned long, int)
                0x020297b0                IsMyIp
                0x02029574                IsBroadCast(unsigned long, int)
                0x02029520                KillStack
                0x020292a4                PrepareIPOutput(pool_buffer*, unsigned long, unsigned short)
                0x02029248                GetMultiAddress(unsigned long)
                0x0202a08c                SendPing
                0x0202915c                GetSumHdr
                0x0202952c                IsLocal(unsigned long, int)
                0x0202a298                GetLocalIPInterface(unsigned long)
                0x0202a2f0                AddInterface(unsigned long, unsigned long, unsigned long, int)
                0x02029bf8                IPTask(void*)
 *fill*         0x0202ab12        0x2 00
 .text          0x0202ab14      0xef8 C:\nburn/lib/NetBurner.a(buffers.o)
                0x0202abf8                FreeBufferList
                0x0202b004                fifo_buffer_storage::Full()
                0x0202b0f4                ShowBuffer
                0x0202b3d8                fifo_buffer_storage::Reset(unsigned char)
                0x0202ac28                InitBuffers
                0x0202ad54                buffer_list::InsertBefore(pool_buffer*, pool_buffer*)
                0x0202af2c                GetBuffer
                0x0202b0d4                fifo_buffer_storage::fifo_buffer_storage(unsigned char, unsigned char)
                0x0202afec                fifo_buffer_storage::Empty()
                0x0202b850                fifo_buffer_storage::ReadDatawSum(unsigned char*, int, unsigned long&)
                0x0202afd8                fifo_buffer_storage::SpaceUsed()
                0x0202ab14                ShowBuffers()
                0x0202ab40                buffer_list::InsertHead(pool_buffer*)
                0x0202b220                GetFreeCount
                0x0202ab24                IncUsageCount
                0x0202b0b4                fifo_buffer_storage::fifo_buffer_storage(unsigned char, unsigned char)
                0x0202acf0                buffer_list::InsertTail(pool_buffer*)
                0x0202b498                fifo_buffer_storage::~fifo_buffer_storage()
                0x0202b588                fifo_buffer_storage::SetMaxBuffers(unsigned char)
                0x0202b298                fifo_buffer_storage::ReadData(unsigned char*, int)
                0x0202b04c                fifo_buffer_storage::Init(unsigned char, unsigned char)
                0x0202ab1c                DumpBuffers()
                0x0202aec4                buffer_list::RemoveHead()
                0x0202ae3c                buffer_list::Remove(pool_buffer*)
                0x0202af78                buffer_list::RemoveTail()
                0x0202b4ac                fifo_buffer_storage::LongSpaceAvail()
                0x0202b618                fifo_buffer_storage::WriteData(unsigned char*, int)
                0x0202abb0                FreeBuffer
                0x0202adc8                buffer_list::InsertAfter(pool_buffer*, pool_buffer*)
                0x0202b564                fifo_buffer_storage::SpaceAvail()
                0x0202b484                fifo_buffer_storage::~fifo_buffer_storage()
 .text          0x0202ba0c     0x1922 C:\nburn/lib/NetBurner.a(arp.o)
                0x0202c740                FindAddArp(unsigned long)
                0x0202bb68                sendGratuitousArp(int)
                0x0202ba34                MacEqual(MACADR, MACADR)
                0x0202bd70                InitializeArp()
                0x0202be18                FindArp(unsigned long)
                0x0202c074                SendArp(ArpRecord*, int)
                0x0202bd24                GetInterface(unsigned long)
                0x0202d024                AddCheckArp(MACADR*, unsigned long, int)
                0x0202ba94                SetMac(ArpRecord*, MACADR, int)
                0x0202c57c                DeleteArpFromIp(unsigned long)
                0x0202bf1c                GetArpMacFromIp(unsigned long, MACADR&)
                0x0202cb4c                RouteOutVia(EFRAME*, unsigned long, pool_buffer*, int)
                0x0202bfd0                GetProperInterface(unsigned long)
                0x0202c690                FreeOneArp()
                0x0202d0b0                processArp(pool_buffer*, EFRAME*)
                0x0202bb2c                NeedsArp(int)
                0x0202c1a4                GetNextArp(ArpRecord*)
                0x0202bc38                RawSendArp(ArpRecord*, unsigned long, int)
                0x0202c59c                AgeArp()
                0x0202cd6c                RouteOut(EFRAME*, unsigned long, pool_buffer*)
                0x0202c26c                ShowArp()
                0x0202c3ac                DeleteArp(ArpRecord*)
                0x0202c214                GetFirstArp()
                0x0202c0e0                GetSrcIp
                0x0202c9dc                IsMyAddressUsedArpDetect(unsigned short, int)
                0x0202ba2c                Cleanup()
                0x0202ba0c                IsNull(ArpRecord*)
                0x0202c300                fShowArp(__sFILE*)
                0x0202bf74                AddPending(MACADR*, unsigned long, int)
 *fill*         0x0202d32e        0x2 00
 .text          0x0202d330     0x1404 C:\nburn/lib/NetBurner.a(udp.o)
                0x0202dbf8                UDPPacket::Send(unsigned long, unsigned char)
                0x0202d478                UDPPacket::SetDestinationPort(unsigned short)
                0x0202d53c                UDPPacket::GetPacketId()
                0x0202d588                UDPPacket::GetSourceAddress()
                0x0202e344                UDPPacket::UDPPacket()
                0x0202d934                UDPPacket::AddDataByte(unsigned char)
                0x0202dd10                UDPPacket::SendAndKeep(unsigned long, unsigned char)
                0x0202d888                UDPPacket::AddData(unsigned char*, unsigned short)
                0x0202d5ac                RegisterUDPFifo(unsigned short, os_fifo*)
                0x0202d97c                UDPPacket::AddData(char const*)
                0x0202d3a4                UDPPacket::UDPPacket(pool_buffer*)
                0x0202da3c                UDPPacket::SendViaInterface(unsigned long, int, unsigned char)
                0x0202d524                UDPPacket::GetIpPacket()
                0x0202db64                UDPPacket::SendVia(unsigned long, unsigned long, unsigned char)
                0x0202dd80                UDPPacket::~UDPPacket()
                0x0202d330                GetUdpFifoRec(unsigned short)
                0x0202d4b4                UDPPacket::GetDataBuffer()
                0x0202d674                RegisterUDPFifoWithNotify(unsigned short, os_fifo*, void (*)(os_fifo*, unsigned short))
                0x0202d3f0                UDPPacket::UDPPacket(pool_buffer*)
                0x0202d4e8                UDPPacket::GetDataSize() const
                0x0202ddec                ProcessIDPacket(UDPPacket&, int)
                0x0202d958                UDPPacket::AddDataWord(unsigned short)
                0x0202e388                process_udp(pool_buffer*, IPPKT*, unsigned short)
                0x0202d9ac                UDPPacket::Validate()
                0x0202d494                UDPPacket::GetDestinationPort() const
                0x0202d73c                UnregisterUDPFifo(unsigned short)
                0x0202e674                UDPPacket::UDPPacket(os_fifo*, unsigned long)
                0x0202d4c8                UDPPacket::SetDataSize(unsigned short)
                0x0202d804                FixIDDataPacket(UDPPacket&, _InterfaceBlock*)
                0x0202d510                UDPPacket::ResetData()
                0x0202dd58                UDPPacket::~UDPPacket()
                0x0202e6d4                UDPPacket::UDPPacket(os_fifo*, unsigned long)
                0x0202dba4                UDPPacket::SendAndKeepVia(unsigned long, unsigned long, unsigned char)
                0x0202d43c                UDPPacket::SetSourcePort(unsigned short)
                0x0202d458                UDPPacket::GetSourcePort() const
                0x0202d860                FixIDDataPacket(UDPPacket&, int)
                0x0202dda8                UDPPacket::UDPPacket()
                0x0202d564                UDPPacket::GetDestinationAddress()
 .text          0x0202e734     0x538a C:\nburn/lib/NetBurner.a(tcp.o)
                0x0202fe54                SendTcpRst(IPPKT*)
                0x0202ed70                GetTcpState(int)
                0x02030098                InitTCP()
                0x0203281c                _Socket_Private_read
                0x0202ed24                ShortSocketList::ShortSocketList()
                0x0202edd0                SetOutOfOrderbuffers(int, unsigned char)
                0x0202e9a4                GetSocketRemotePort(int)
                0x0202f5c4                socket_struct::MyAdvertisedWindow()
                0x0202f460                SetSocketTxBuffers(int, int)
                0x0202eab8                setsockoption(int, int)
                0x0202f908                TcpSend(socket_struct*, unsigned long, pool_buffer*, unsigned short, unsigned char)
                0x02033998                TCPTimerTask(void*)
                0x02033798                process_tcp(pool_buffer*, IPPKT*, unsigned short)
                0x02030db0                socket_struct::ProcessRST()
                0x02032358                NoBlockconnectvia(unsigned long, unsigned short, unsigned short, unsigned long)
                0x0202ee14                TcpGetLastRxTime(int)
                0x02031eac                abortsocket
                0x02032f14                socket_struct::ProcessDataSegment(TCPPKT*, unsigned short, unsigned char*, pool_buffer*&)
                0x020321d4                connectvia(unsigned long, unsigned short, unsigned short, unsigned long, unsigned long)
                0x02030718                HashSocketList::RemoveSocket(socket_struct*) const
                0x02032424                _Socket_Private_write
                0x0202eaf0                getsockoption(int)
                0x02031a8c                socket_struct::ProcessAck(TCPPKT*)
                0x02032c34                socket_struct::SaveData(unsigned char*, unsigned short, unsigned char)
                0x02030408                GetTcpRtxCount(int)
                0x0202e898                fixoverlap(unsigned long, unsigned long, unsigned long&, unsigned long&)
                0x0202f3e0                socket_struct::SetTimer(unsigned long)
                0x02032330                connect(unsigned long, unsigned short, unsigned short, unsigned long)
                0x0202eb7c                HashSocketList::HashSocketList()
                0x0203095c                GetTcpSocket(TCPPKT*, unsigned long)
                0x020323a8                NoBlockConnect(unsigned long, unsigned short, unsigned short, unsigned long)
                0x0202f060                TcpGetRxBufferSpaceUsed(int)
                0x02030ff0                socket_struct::DoRawSend()
                0x0202f0a0                ShowFdTcpSocket(int)
                0x0202f364                socket_struct::ClearPending(int)
                0x0203047c                ShortSocketList::findsocket(unsigned short, unsigned short, unsigned long) const
                0x020322a8                connect(unsigned long, unsigned short, unsigned short, unsigned long, unsigned long)
                0x02030394                TcpSendKeepAlive(int)
                0x0202e914                getsocketerror(int)
                0x0202eb64                EnableTcpDebug(unsigned short)
                0x020338a4                socket_struct::ProcessTimer()
                0x02030ecc                socket_struct::SetUpNextRetransmit()
                0x0202eb74                HashSocketList::HashSocketList()
                0x0203264c                SockReadWithTimeout
                0x02030328                GetFreeSocketCount()
                0x02031d38                socket_struct::ProcessFIN(TCPPKT*, unsigned short)
                0x0202f63c                FixHeaderAndSendTcp(pool_buffer*, IPPKT*, socket_struct*)
                0x0202eb20                setsocketackbuffers(int, unsigned char)
                0x0202ea98                socket_struct::CleanUpDeletedListener()
                0x0202e854                FindListenSocket(unsigned short, unsigned long)
                0x0202f740                TcpSendwSum(socket_struct*, unsigned long, pool_buffer*, unsigned short, unsigned char, unsigned long)
                0x02030a14                socket_struct::DoCleanup()
                0x02032d24                socket_struct::TestOutofOrder()
                0x0202ee84                TcpGetLastRxInterval(int)
                0x0202e734                GetFirstSeq()
                0x02030294                FREESOCKET(socket_struct*)
                0x02030bec                ShortSocketList::AddSocket(socket_struct*)
                0x020316ac                socket_struct::DoRetransmit(unsigned char)
                0x0202ed34                ShortSocketList::Init()
                0x02030520                ShortSocketList::processTick()
                0x020317c4                socket_struct::CoreConnect(unsigned long, unsigned short, unsigned short, unsigned long)
                0x02032838                _Socket_Private_close
                0x02032978                accept(int, unsigned long*, unsigned short*, unsigned short)
                0x0202ed2c                ShortSocketList::ShortSocketList()
                0x0202f4a0                SetSocketRxBuffers(int, int)
                0x020320cc                listen(unsigned long, unsigned short, unsigned char)
                0x0202eb84                HashSocketList::Init() const
                0x0202eb9c                ShortSocketList::GetFreeShort()
                0x0202e974                GetSocketRemoteAddr(int)
                0x02030884                HashSocketList::findsocket(unsigned short, unsigned short, unsigned long) const
                0x0202eff4                WaitForSocketFlush(int, unsigned long)
                0x0202eb6c                DumpTcpPacket(IPPKT*)
                0x02030cf4                RemoveFromUserCloseList(socket_struct*)
                0x0202e778                ValidateTCP(IPPKT*, unsigned short)
                0x020305d0                ShortSocketList::process(pool_buffer*, TCPPKT*, unsigned long) const
                0x0202e764                socket_struct::SetState(int)
                0x0202f4e0                socket_struct::processoptions(pool_buffer*, TCPPKT*, IPPKT*)
                0x020313a8                socket_struct::DoClose(int)
                0x02031fe0                GetFreeSocket()
                0x0202e9d4                GetSocketLocalPort(int)
                0x020307d0                HashSocketList::AddSocket(socket_struct*) const
                0x0202ece4                ShortSocketList::FreeShort(ShortSocket*) const
                0x0202ea04                socket_struct::CalcRTO(unsigned long)
                0x0202fdfc                socket_struct::OpenWindow()
                0x0202ff68                SendTcpSynRst(IPPKT*)
                0x0202efa4                TcpAllDataAcked(int)
                0x02031328                clrsockoption(int, int)
                0x0202ee48                TcpGetSocketState(int)
                0x0202eb5c                DumpTcpDebug()
                0x0202e944                GetSocketLocalAddr(int)
                0x020330d0                socket_struct::process(pool_buffer*, TCPPKT*)
                0x0202eda4                RegisterTCPReadNotify
                0x0202f998                socket_struct::SendState(unsigned short, pool_buffer*)
 *fill*         0x02033abe        0x2 00
 .text          0x02033ac0      0x5aa C:\nburn/lib/NetBurner.a(http.o)
                0x02033ac0                StartHTTP
                0x02033bf8                HttpMain(void*)
                0x02033b04                processHttpRequest(char**, char*, char*, int, HTTP_Request&)
 *fill*         0x0203406a        0x2 00
 .text          0x0203406c      0xbee C:\nburn/lib/NetBurner.a(httpinternal.o)
                0x020340a4                SetNewPostHandler
                0x02034744                BaseDoGet
                0x020340ec                SetNewMultiPartHandler
                0x020344ac                SendHTMLHeader
                0x02034074                append(char*&, char*)
                0x02034104                SetNewMultiPartExtractHandler
                0x02034878                HTTP_Request::Respond(int)
                0x020345e0                writesafestring
                0x020346f0                ShowIPOnFd(int, unsigned long)
                0x020343ec                SendGifHeader
                0x02034408                SendTextHeader
                0x02034424                BaseDoHead
                0x02034350                NotFoundResponse
                0x02034098                BaseDoPost
                0x0203411c                SetNewErrorHandler
                0x02034168                ExtractPostData
                0x020343a4                RedirectResponse
                0x020349ac                HTTP_Request::ProcessLine(char*)
                0x020340bc                SetNewGetHandler
                0x0203406c                StopHTTP
                0x02034134                InitHttp()
                0x020340d4                SetNewHeadHandler
                0x020344c8                writeallsafestring
                0x0203482c                SendHTMLHeaderWCookie
                0x020342fc                httpstricmp
 *fill*         0x02034c5a        0x2 00
 .text          0x02034c5c      0x630 C:\nburn/lib/NetBurner.a(htmldecomp.o)
                0x02034d00                SendHtml(int, char*, int, char const*)
                0x02034fd8                SendData(HTML_FILE_RECORD*, int, char const*)
                0x02035098                GetRecordFromName(char*)
                0x02034c5c                SendHeader(int, char const*, int)
                0x020351e4                SendFullResponse(char*, int)
                0x02035118                SendFileFragment(char*, int, char const*)
                0x02034cf4                SendCompressed(int, char*, int)
                0x02035144                SendHeaderResponse(char*, int)
                0x02034cd8                SendXMLHeader(int)
 .text          0x0203528c        0x8 C:\nburn/lib/NetBurner.a(htmlvarplaceholder.o)
                0x0203528c                DoHtmlVariable(int, unsigned short)
 .text          0x02035294      0x69e C:\nburn/lib/NetBurner.a(iosys.o)
                0x020356d0                SetDataAvail
                0x02035570                writeall
                0x020355d0                RawCheckSelects()
                0x0203567c                SetHaveError
                0x0203570c                RemoveSelect(PendingSelect*)
                0x02035694                SetWriteAvail
                0x02035460                ZeroWaitSelect
                0x0203578c                AddSelect(PendingSelect*)
                0x020353b4                FD_ISSET
                0x0203535c                ClrDataAvail
                0x020357e4                select
                0x02035344                ClrWriteAvail
                0x02035648                CheckSelects()
                0x02035514                writestring
                0x02035424                countbits(fd_set*)
                0x02035294                FD_OVERLAP(fd_set*, fd_set*)
                0x020354e4                dataavail
                0x020352d0                FD_ZERO
                0x02035374                FD_SET
                0x0203532c                ClrHaveError
                0x02035400                countdwbits(unsigned long)
                0x02035884                ReadWithTimeout
                0x020352e8                FD_CLR
 *fill*         0x02035932        0x2 00
 .text          0x02035934       0x26 C:\nburn/lib/NetBurner.a(new_ops.o)
                0x02035934                operator new(unsigned long)
 *fill*         0x0203595a        0x2 00
 .text          0x0203595c      0x71c C:\nburn/lib/NetBurner.a(autoip.o)
                0x02035b98                AutoIPClient::AutoIPClient(int)
                0x02035a78                AutoIPClient::stop()
                0x02035ec4                AutoIPClient::arpCheck()
                0x020359e8                AutoIPClient::getNextTick()
                0x02035d20                AutoIPClient::announce()
                0x0203599c                AutoIPClient::addressCollision()
                0x020359d8                AutoIPClient::getState()
                0x02035dfc                AutoIPClient::startArp()
                0x02036020                AutoIPClient::staticTimeTick()
                0x0203595c                AutoIPClient::start()
                0x02035c14                AutoIPClient::AutoIPClient(int)
                0x020359f8                AutoIPClient::tickDelay(int)
                0x02035a20                AutoIPClient::negotiate()
                0x02035d64                AutoIPClient::setRNG()
                0x02035b34                AutoIPClient::~AutoIPClient()
                0x02035fb0                AutoIPClient::timeTick()
                0x02035ab0                AutoIPClient::restart()
                0x02035c90                AddAutoIPInterface(int)
                0x02035ad0                AutoIPClient::~AutoIPClient()
                0x02035dc0                AutoIPClient::generateNewIPAddr()
 .text          0x02036078     0x1d58 C:\nburn/lib/NetBurner.a(dhcpc.o)
                0x020362bc                CompareChaddr(unsigned char*, unsigned char*)
                0x0203693c                DhcpObject::DhcpObject(int)
                0x0203793c                DhcpObject::RestartDHCP()
                0x020367f4                DhcpObject::StopBOOTP()
                0x020367e0                DhcpObject::StopProcessing()
                0x02036180                DHCPMessage::ResetBytes()
                0x020361e8                DHCPMessage::SetRandomXid()
                0x02036858                DhcpObject::~DhcpObject()
                0x02037d90                DhcpObject::staticDHCPTimer()
                0x020362a0                DHCPMessage::GetOptionData(unsigned char)
                0x02037c64                DhcpObject::RenewDHCP()
                0x02036ae4                DHCPMessage::MsgForInterface(int)
                0x020373ec                DhcpObject::StopDHCP()
                0x02037644                DhcpObject::ReTransmitPacket(unsigned long)
                0x020368c8                DhcpObject::UpdateIPRuntimeVars(unsigned char)
                0x02037738                DhcpObject::StartDHCP()
                0x020368b4                SetDHCPDiscoverSeconds(unsigned long)
                0x02037bf0                DhcpObject::staticDHCPPacket(pool_buffer*)
                0x0203634c                AddDhcpOptions(DHCPMessage&, int&)
                0x02037444                DhcpObject::CreateDhcpRenewMsg(DHCPMessage&)
                0x020362f8                ValidDhcpMsg(unsigned char*)
                0x02036a10                DhcpObject::DhcpObject(int)
                0x020367fc                DhcpObject::~DhcpObject()
                0x020364a4                DhcpObject::DhcpConfig(DHCPMessage&)
                0x020372f8                DhcpObject::CreateDhcpReleaseMsg(DHCPMessage&)
                0x020367b4                DhcpObject::GetRemainingDhcpLeaseTime()
                0x02036224                DHCPMessage::GetOptionData(unsigned char, int&)
                0x02036b1c                DHCPMessage::DHCPMessage(unsigned char*)
                0x02037968                __restartDHCP(DhcpObject*)
                0x02037c90                DhcpObject::DHCPTimer()
                0x02036078                DHCPMessage::DHCPMessage()
                0x02037768                GetDHCPAddress(int)
                0x02036b44                DHCPMessage::DHCPMessage(unsigned char*)
                0x02036788                DhcpObject::GetDHCPState()
                0x02036404                DhcpObject::BootpConfig(DHCPMessage&)
                0x0203788c                GetDHCPAddressIfNecessary(int)
                0x0203770c                DhcpObject::StartBOOTP()
                0x02036fb0                CreateDhcpDiscoverMsg(DHCPMessage&, int)
                0x02036f3c                DHCPMessage::SendMsg(unsigned long, int)
                0x02036148                DHCPMessage::ClearOptions()
                0x02036798                DhcpObject::ValidDhcpLease()
                0x02037970                DhcpObject::DHCPPacket(pool_buffer*)
                0x020371a4                DhcpObject::CreateBootpMsg(DHCPMessage&)
                0x02036b6c                CreateDhcpRequestMsg(DHCPMessage&, DHCPMessage&, int)
                0x020360e0                DHCPMessage::DHCPMessage()
                0x02037c38                DhcpObject::RebindDHCP()
 .text          0x02037dd0      0x4b2 C:\nburn/lib/NetBurner.a(netinterface.o)
                0x020381b4                InitializeNetwork(void (*)(pool_buffer*, EFRAME*, unsigned short), void (*)(pool_buffer*, EFRAME*))
                0x02037e88                InterfaceIP(int)
                0x02037f7c                GetEframe(pool_buffer*)
                0x02038154                SaveIfConfig(ConfigRecord*, int)
                0x02038048                RegisterMultiHomeInterface(_InterfaceBlock*)
                0x02037dd0                GetFirstInterface()
                0x02038184                GetIfConfig(int)
                0x02037f38                InterfaceMAC(int)
                0x02037e34                GetInterFaceBlock(int)
                0x02037eb4                InterfaceDNS(int)
                0x02037ee0                InterfaceMASK(int)
                0x02037df0                GetnextInterface(int)
                0x02038220                TransmitBuffer(pool_buffer*, int)
                0x02037fe8                DisableMulticast(MACADR, int)
                0x020380b0                RegisterInterface(_InterfaceBlock*)
                0x02037f90                EnableMulticast(MACADR, int)
                0x02038120                Removeinterface(int)
                0x02038040                StopNetworks()
                0x02037e60                GetInterfaceNumber(_InterfaceBlock*)
                0x02037f0c                InterfaceGate(int)
 *fill*         0x02038282        0x2 00
 .text          0x02038284      0x5c8 C:\nburn/lib/NetBurner.a(taskmon.o)
                0x0203878c                ProcessTaskPacket(UDPPacket&, int)
                0x02038284                EnableTaskMonitor()
                0x02038298                BufferDumpTCBState(os_tcb*)
 .text          0x0203884c     0x131e C:\nburn/lib/NetBurner.a(smarttrap.o)
                0x02038880                EnableSmartTraps()
                0x02038960                WalkStack(os_tcb*, unsigned long, unsigned long)
                0x02038e40                smart_trap_asm
                0x02038c60                Local_OutTCBState(os_tcb*, unsigned long, unsigned long)
                0x0203884c                SafeRead(unsigned long)
                0x0203889c                Local_OutHex(unsigned long, int)
                0x02038e38                Smart_Trap_Holder()
                0x02038930                Local_OutString(char const*)
                0x020389dc                Local_ShowTaskName(os_tcb volatile*)
 *fill*         0x02039b6a        0x2 00
 .text          0x02039b6c      0x538 C:\nburn/lib/NetBurner.a(autoupdate.o)
                0x02039ff4                ProcessAutoUpdatePacket(UDPPacket&)
                0x02039d28                DoData(UDPPacket&)
                0x02039b6c                EnableAutoUpdate
                0x02039b80                DoReboot()
                0x02039bb0                DoExecute(UDPPacket&, int)
                0x02039e18                DoStart(UDPPacket&)
 .text          0x0203a0a4       0x52 C:\nburn/lib/NetBurner.a(device.o)
                0x0203a0c4                DeviceInitializeSem
                0x0203a0a4                DeviceGetQspiSem()
                0x0203a0b4                DeviceGetI2cSem()
 *fill*         0x0203a0f6        0x2 00
 .text          0x0203a0f8     0x1c9e C:\nburn/lib/MOD5270.a(serial.o)
                0x0203bd1c                real_SER0_ISR
                0x0203a0f8                WakeTx(int)
                0x0203a590                Serial485ForceTxActive(int, int)
                0x0203b110                SerialClose
                0x0203b020                SendBreak
                0x0203ad38                SerialSendComplete(int)
                0x0203b258                OpenSerial
                0x0203aba4                GetUartErrorReg
                0x0203adc0                fShowSerialData(__sFILE*)
                0x0203a3c0                fake_SER0_ISR()
                0x0203a4a8                fake_SER2_ISR()
                0x0203a418                SER1_ISR
                0x0203a4fc                SerialEnableTxFlow
                0x0203a544                SerialEnableRxFlow
                0x0203a190                DoSerIsr(int)
                0x0203aa7c                Serial485HalfDupMode
                0x0203a414                fake_SER1_ISR()
                0x0203a890                SerialEnableHwRxFlow
                0x0203b8b4                serread
                0x0203bbfc                BasePutChar(int, unsigned char)
                0x0203b8d0                BaseGetChar(int)
                0x0203bd58                real_SER2_ISR
                0x0203b698                serreadwto
                0x0203badc                serwriteaddress
                0x0203a468                real_SER1_ISR
                0x0203b978                serwrite
                0x0203b234                serexternalclose
                0x0203a3c4                SER0_ISR
                0x0203a4ac                SER2_ISR
                0x0203a68c                SerialEnableHwTxFlow
 *fill*         0x0203bd96        0x2 00
 .text          0x0203bd98     0x1472 C:\nburn/lib/MOD5270.a(ethernet.o)
                0x0203c510                AddEthernetInterface()
                0x0203bf7c                StopEnet()
                0x0203c224                ResetEnet()
                0x0203c0bc                FindSpeedDuplex()
                0x0203bd98                read_eth_addr(MACADR*)
                0x0203c5c4                WarmEnetReset()
                0x0203d05c                real_rxenetisr
                0x0203bdc4                fake_rxenetisr()
                0x0203bdc8                rxenetisr
                0x0203be18                fake_txenetisr()
                0x0203c664                EnablePHY()
                0x0203c438                EthMultifunc(MACADR, unsigned char)
                0x0203be6c                GetMII(unsigned char, unsigned char)
                0x0203c9a4                ProcessLinkStatus()
                0x0203c71c                ResetEnetPart2()
                0x0203be1c                txenetisr
                0x0203bef0                SetMII(unsigned char, unsigned char, unsigned short)
                0x0203c454                InitializeEthernet()
                0x0203ccb8                real_txenetisr
                0x0203bfac                DisablePHY()
                0x0203c6dc                ManualEthernetConfig(unsigned char, unsigned char, unsigned char)
                0x0203bfec                FindPHYAddr()
                0x0203cb64                EthTransmitBuffer(pool_buffer*)
                0x0203ceb0                Ether_ProcessTask(void*)
 *fill*         0x0203d20a        0x2 00
 .text          0x0203d20c      0x152 C:\nburn/lib/MOD5270.a(etherprint.o)
                0x0203d20c                EtherLink()
                0x0203d220                EtherSpeed100()
                0x0203d240                showBinary(unsigned short, unsigned short)
                0x0203d2cc                showMii(unsigned char, unsigned char, char const*, unsigned short)
                0x0203d230                EtherDuplex()
                0x0203d334                switchMiiPage(unsigned long)
 *fill*         0x0203d35e        0x2 00
 .text          0x0203d360      0x196 C:\nburn/lib/MOD5270.a(emulticast.o)
                0x0203d444                EthDisableMulticast(MACADR)
                0x0203d3a0                EthEnableMulticast(MACADR)
                0x0203d360                GetMultiCastCRC(MACADR)
 *fill*         0x0203d4f6        0x2 00
 .text          0x0203d4f8      0x23c C:\nburn/lib/NetBurner.a(extraio.o)
                0x0203d528                ExpandWrite(int, char const*, int)
                0x0203d558                ExpandClose(int)
                0x0203d588                InitExtras()
                0x0203d5c4                GetExtraFD
                0x0203d4f8                ExpandRead(int, char*, int)
                0x0203d6f8                GetFreeExtraFDCount
                0x0203d654                FreeExtraFd
                0x0203d68c                GetExtraData
                0x0203d6c0                GetExtraExtraData
 .text          0x0203d734      0x1f2 C:\nburn/lib/NetBurner.a(netrx.o)
                0x0203d734                NetDoRX(pool_buffer*, unsigned short, int)
 *fill*         0x0203d926        0x2 00
 .text          0x0203d928        0x0 c:/nburn/gcc-m68k/bin/../lib/gcc/m68k-elf/4.2.1/../../../../m68k-elf/lib/m5206e\libstdc++.a(functexcept.o)
 .text          0x0203d928        0x0 c:/nburn/gcc-m68k/bin/../lib/gcc/m68k-elf/4.2.1/../../../../m68k-elf/lib/m5206e\libstdc++.a(ios_failure.o)
 .text          0x0203d928        0x0 c:/nburn/gcc-m68k/bin/../lib/gcc/m68k-elf/4.2.1/../../../../m68k-elf/lib/m5206e\libstdc++.a(stdexcept.o)
 .text          0x0203d928        0x0 c:/nburn/gcc-m68k/bin/../lib/gcc/m68k-elf/4.2.1/../../../../m68k-elf/lib/m5206e\libstdc++.a(tree.o)
 .text          0x0203d928        0x0 c:/nburn/gcc-m68k/bin/../lib/gcc/m68k-elf/4.2.1/../../../../m68k-elf/lib/m5206e\libstdc++.a(string-inst.o)
 .text          0x0203d928        0x0 c:/nburn/gcc-m68k/bin/../lib/gcc/m68k-elf/4.2.1/../../../../m68k-elf/lib/m5206e\libstdc++.a(eh_throw.o)
 .text          0x0203d928        0x0 c:/nburn/gcc-m68k/bin/../lib/gcc/m68k-elf/4.2.1/../../../../m68k-elf/lib/m5206e\libstdc++.a(new_handler.o)
 .text          0x0203d928        0x0 c:/nburn/gcc-m68k/bin/../lib/gcc/m68k-elf/4.2.1/../../../../m68k-elf/lib/m5206e\libstdc++.a(eh_globals.o)
 .text          0x0203d928        0x0 c:/nburn/gcc-m68k/bin/../lib/gcc/m68k-elf/4.2.1/../../../../m68k-elf/lib/m5206e\libstdc++.a(eh_exception.o)
 .text          0x0203d928        0x0 c:/nburn/gcc-m68k/bin/../lib/gcc/m68k-elf/4.2.1/../../../../m68k-elf/lib/m5206e\libstdc++.a(guard.o)
 .text          0x0203d928        0x0 c:/nburn/gcc-m68k/bin/../lib/gcc/m68k-elf/4.2.1/../../../../m68k-elf/lib/m5206e\libstdc++.a(eh_catch.o)
 .text          0x0203d928        0x0 c:/nburn/gcc-m68k/bin/../lib/gcc/m68k-elf/4.2.1/../../../../m68k-elf/lib/m5206e\libstdc++.a(eh_terminate.o)
 .text          0x0203d928        0x0 c:/nburn/gcc-m68k/bin/../lib/gcc/m68k-elf/4.2.1/../../../../m68k-elf/lib/m5206e\libstdc++.a(bad_typeid.o)
 .text          0x0203d928        0x0 c:/nburn/gcc-m68k/bin/../lib/gcc/m68k-elf/4.2.1/../../../../m68k-elf/lib/m5206e\libstdc++.a(del_op.o)
 .text          0x0203d928        0x0 c:/nburn/gcc-m68k/bin/../lib/gcc/m68k-elf/4.2.1/../../../../m68k-elf/lib/m5206e\libstdc++.a(class_type_info.o)
 .text          0x0203d928        0x0 c:/nburn/gcc-m68k/bin/../lib/gcc/m68k-elf/4.2.1/../../../../m68k-elf/lib/m5206e\libstdc++.a(eh_term_handler.o)
 .text          0x0203d928        0x0 c:/nburn/gcc-m68k/bin/../lib/gcc/m68k-elf/4.2.1/../../../../m68k-elf/lib/m5206e\libstdc++.a(eh_personality.o)
 .text          0x0203d928        0x0 c:/nburn/gcc-m68k/bin/../lib/gcc/m68k-elf/4.2.1/../../../../m68k-elf/lib/m5206e\libstdc++.a(pure.o)
 .text          0x0203d928        0x0 c:/nburn/gcc-m68k/bin/../lib/gcc/m68k-elf/4.2.1/../../../../m68k-elf/lib/m5206e\libstdc++.a(eh_alloc.o)
 .text          0x0203d928        0x0 c:/nburn/gcc-m68k/bin/../lib/gcc/m68k-elf/4.2.1/../../../../m68k-elf/lib/m5206e\libstdc++.a(bad_cast.o)
 .text          0x0203d928        0x0 c:/nburn/gcc-m68k/bin/../lib/gcc/m68k-elf/4.2.1/../../../../m68k-elf/lib/m5206e\libstdc++.a(eh_unex_handler.o)
 .text          0x0203d928        0x0 c:/nburn/gcc-m68k/bin/../lib/gcc/m68k-elf/4.2.1/../../../../m68k-elf/lib/m5206e\libstdc++.a(si_class_type_info.o)
 .text          0x0203d928        0x0 c:/nburn/gcc-m68k/bin/../lib/gcc/m68k-elf/4.2.1/../../../../m68k-elf/lib/m5206e\libstdc++.a(vterminate.o)
 .text          0x0203d928        0x0 c:/nburn/gcc-m68k/bin/../lib/gcc/m68k-elf/4.2.1/../../../../m68k-elf/lib/m5206e\libstdc++.a(eh_call.o)
 .text          0x0203d928     0x4ae6 c:/nburn/gcc-m68k/bin/../lib/gcc/m68k-elf/4.2.1/../../../../m68k-elf/lib/m5206e\libstdc++.a(cp-demangle.o)
                0x02042336                __cxa_demangle
 *fill*         0x0204240e        0x2 00
 .text          0x02042410        0x0 c:/nburn/gcc-m68k/bin/../lib/gcc/m68k-elf/4.2.1/../../../../m68k-elf/lib/m5206e\libstdc++.a(tinfo.o)
 .text          0x02042410        0x0 c:/nburn/gcc-m68k/bin/../lib/gcc/m68k-elf/4.2.1/../../../../m68k-elf/lib/m5206e\libstdc++.a(eh_type.o)
 .text          0x02042410       0xf8 c:/nburn/gcc-m68k/bin/../lib/gcc/m68k-elf/4.2.1/../../../../m68k-elf/lib/m5206e\libm.a(lib_a-s_round.o)
                0x02042410                round
 .text          0x02042508      0x10a c:/nburn/gcc-m68k/bin/../lib/gcc/m68k-elf/4.2.1/../../../../m68k-elf/lib/m5206e\libm.a(lib_a-wf_asin.o)
                0x02042508                asinf
 *fill*         0x02042612        0x2 00
 .text          0x02042614      0x6b0 c:/nburn/gcc-m68k/bin/../lib/gcc/m68k-elf/4.2.1/../../../../m68k-elf/lib/m5206e\libm.a(lib_a-wf_pow.o)
                0x02042614                powf
 .text          0x02042cc4      0x3fc c:/nburn/gcc-m68k/bin/../lib/gcc/m68k-elf/4.2.1/../../../../m68k-elf/lib/m5206e\libm.a(lib_a-ef_asin.o)
                0x02042cc4                __ieee754_asinf
 .text          0x020430c0      0xe36 c:/nburn/gcc-m68k/bin/../lib/gcc/m68k-elf/4.2.1/../../../../m68k-elf/lib/m5206e\libm.a(lib_a-ef_pow.o)
                0x020430c0                __ieee754_powf
 *fill*         0x02043ef6        0x2 00
 .text          0x02043ef8      0x110 c:/nburn/gcc-m68k/bin/../lib/gcc/m68k-elf/4.2.1/../../../../m68k-elf/lib/m5206e\libm.a(lib_a-ef_sqrt.o)
                0x02043ef8                __ieee754_sqrtf
 .text          0x02044008       0x10 c:/nburn/gcc-m68k/bin/../lib/gcc/m68k-elf/4.2.1/../../../../m68k-elf/lib/m5206e\libm.a(lib_a-sf_fabs.o)
                0x02044008                fabsf
 .text          0x02044018       0x1c c:/nburn/gcc-m68k/bin/../lib/gcc/m68k-elf/4.2.1/../../../../m68k-elf/lib/m5206e\libm.a(lib_a-sf_finite.o)
                0x02044018                finitef
 .text          0x02044034       0x1c c:/nburn/gcc-m68k/bin/../lib/gcc/m68k-elf/4.2.1/../../../../m68k-elf/lib/m5206e\libm.a(lib_a-sf_isnan.o)
                0x02044034                isnanf
 .text          0x02044050      0x192 c:/nburn/gcc-m68k/bin/../lib/gcc/m68k-elf/4.2.1/../../../../m68k-elf/lib/m5206e\libm.a(lib_a-sf_scalbn.o)
                0x02044050                scalbnf
 *fill*         0x020441e2        0x2 00
 .text          0x020441e4        0x0 c:/nburn/gcc-m68k/bin/../lib/gcc/m68k-elf/4.2.1/../../../../m68k-elf/lib/m5206e\libm.a(lib_a-s_lib_ver.o)
 .text          0x020441e4        0xa c:/nburn/gcc-m68k/bin/../lib/gcc/m68k-elf/4.2.1/../../../../m68k-elf/lib/m5206e\libm.a(lib_a-s_matherr.o)
                0x020441e4                matherr
 *fill*         0x020441ee        0x2 00
 .text          0x020441f0      0x268 c:/nburn/gcc-m68k/bin/../lib/gcc/m68k-elf/4.2.1/../../../../m68k-elf/lib/m5206e\libm.a(lib_a-s_rint.o)
                0x020441f0                rint
 .text          0x02044458       0x1c c:/nburn/gcc-m68k/bin/../lib/gcc/m68k-elf/4.2.1/../../../../m68k-elf/lib/m5206e\libm.a(lib_a-sf_copysign.o)
                0x02044458                copysignf
 .text          0x02044474      0xba0 c:/nburn/gcc-m68k/bin/../lib/gcc/m68k-elf/4.2.1/m5206e\libgcc.a(_double.o)
                0x02044f72                __cmpdf2
                0x020444d4                __adddf3
                0x02044e3c                __negdf2
                0x02044b4c                __divdf3
                0x02044e9a                __cmpdf2_internal
                0x02044970                __muldf3
                0x020444ce                __subdf3
 .text          0x02045014      0x7ca c:/nburn/gcc-m68k/bin/../lib/gcc/m68k-elf/4.2.1/m5206e\libgcc.a(_float.o)
                0x02045486                __divsf3
                0x0204505c                __subsf3
                0x0204567a                __negsf2
                0x0204576c                __cmpsf2
                0x020456cc                __cmpsf2_internal
                0x02045344                __mulsf3
                0x02045062                __addsf3
 *fill*         0x020457de        0x2 00
 .text          0x020457e0       0x74 c:/nburn/gcc-m68k/bin/../lib/gcc/m68k-elf/4.2.1/m5206e\libgcc.a(_floatex.o)
                0x020457ec                $_exception_handler
                0x020457e0                __clear_sticky_bit
 .text          0x02045854       0x22 c:/nburn/gcc-m68k/bin/../lib/gcc/m68k-elf/4.2.1/m5206e\libgcc.a(_nedf2.o)
                0x02045854                __nedf2
 *fill*         0x02045876        0x2 00
 .text          0x02045878       0x22 c:/nburn/gcc-m68k/bin/../lib/gcc/m68k-elf/4.2.1/m5206e\libgcc.a(_gtdf2.o)
                0x02045878                __gtdf2
 *fill*         0x0204589a        0x2 00
 .text          0x0204589c       0x22 c:/nburn/gcc-m68k/bin/../lib/gcc/m68k-elf/4.2.1/m5206e\libgcc.a(_gedf2.o)
                0x0204589c                __gedf2
 *fill*         0x020458be        0x2 00
 .text          0x020458c0       0x22 c:/nburn/gcc-m68k/bin/../lib/gcc/m68k-elf/4.2.1/m5206e\libgcc.a(_ltdf2.o)
                0x020458c0                __ltdf2
 *fill*         0x020458e2        0x2 00
 .text          0x020458e4       0x22 c:/nburn/gcc-m68k/bin/../lib/gcc/m68k-elf/4.2.1/m5206e\libgcc.a(_ledf2.o)
                0x020458e4                __ledf2
 *fill*         0x02045906        0x2 00
 .text          0x02045908       0x1a c:/nburn/gcc-m68k/bin/../lib/gcc/m68k-elf/4.2.1/m5206e\libgcc.a(_eqsf2.o)
                0x02045908                __eqsf2
 *fill*         0x02045922        0x2 00
 .text          0x02045924       0x1a c:/nburn/gcc-m68k/bin/../lib/gcc/m68k-elf/4.2.1/m5206e\libgcc.a(_gtsf2.o)
                0x02045924                __gtsf2
 *fill*         0x0204593e        0x2 00
 .text          0x02045940       0x1a c:/nburn/gcc-m68k/bin/../lib/gcc/m68k-elf/4.2.1/m5206e\libgcc.a(_gesf2.o)
                0x02045940                __gesf2
 *fill*         0x0204595a        0x2 00
 .text          0x0204595c       0x1a c:/nburn/gcc-m68k/bin/../lib/gcc/m68k-elf/4.2.1/m5206e\libgcc.a(_ltsf2.o)
                0x0204595c                __ltsf2
 *fill*         0x02045976        0x2 00
 .text          0x02045978       0x1a c:/nburn/gcc-m68k/bin/../lib/gcc/m68k-elf/4.2.1/m5206e\libgcc.a(_lesf2.o)
                0x02045978                __lesf2
 *fill*         0x02045992        0x2 00
 .text          0x02045994       0x58 c:/nburn/gcc-m68k/bin/../lib/gcc/m68k-elf/4.2.1/m5206e\libgcc.a(_fixunssfsi.o)
                0x02045994                __fixunssfsi
 .text          0x020459ec       0x7a c:/nburn/gcc-m68k/bin/../lib/gcc/m68k-elf/4.2.1/m5206e\libgcc.a(_fixunsdfsi.o)
                0x020459ec                __fixunsdfsi
 *fill*         0x02045a66        0x2 00
 .text          0x02045a68       0x5c c:/nburn/gcc-m68k/bin/../lib/gcc/m68k-elf/4.2.1/m5206e\libgcc.a(_fixdfdi.o)
                0x02045a68                __fixdfdi
 .text          0x02045ac4       0x88 c:/nburn/gcc-m68k/bin/../lib/gcc/m68k-elf/4.2.1/m5206e\libgcc.a(_fixunsdfdi.o)
                0x02045ac4                __fixunsdfdi
 .text          0x02045b4c      0x4f6 c:/nburn/gcc-m68k/bin/../lib/gcc/m68k-elf/4.2.1/m5206e\libgcc.a(_udivdi3.o)
                0x02045b4c                __udivdi3
 *fill*         0x02046042        0x2 00
 .text          0x02046044      0x4f8 c:/nburn/gcc-m68k/bin/../lib/gcc/m68k-elf/4.2.1/m5206e\libgcc.a(_umoddi3.o)
                0x02046044                __umoddi3
 .text          0x0204653c      0x49a c:/nburn/gcc-m68k/bin/../lib/gcc/m68k-elf/4.2.1/m5206e\libgcc.a(fpgnulib.o)
                0x020469bc                __fixsfsi
                0x020466a4                __floatsidf
                0x0204677a                __extendsfdf2
                0x02046632                __floatunsidf
                0x0204693c                __fixdfsi
                0x02046760                __floatsisf
                0x02046814                __truncdfsf2
                0x0204653c                __unordsf2
                0x02046746                __floatunsisf
                0x0204659e                __unorddf2
 *fill*         0x020469d6        0x2 00
 .text          0x020469d8     0x1f0e c:/nburn/gcc-m68k/bin/../lib/gcc/m68k-elf/4.2.1/m5206e\libgcc.a(unwind-dw2.o)
                0x02046d7a                _Unwind_GetIPInfo
                0x02046a5e                _Unwind_GetIP
                0x0204874a                _Unwind_Resume_or_Rethrow
                0x02046a90                _Unwind_GetRegionStart
                0x02048452                _Unwind_Backtrace
                0x02046a4e                _Unwind_GetCFA
                0x02047648                __frame_state_for
                0x020487d8                _Unwind_Resume
                0x02046ac0                _Unwind_DeleteException
                0x0204856e                _Unwind_RaiseException
                0x02046a6e                _Unwind_SetIP
                0x02046ab0                _Unwind_GetTextRelBase
                0x02046d56                _Unwind_FindEnclosingFunction
                0x02046a80                _Unwind_GetLanguageSpecificData
                0x0204885e                _Unwind_ForcedUnwind
                0x02046ade                _Unwind_SetGR
                0x02046b44                _Unwind_GetGR
                0x02046aa0                _Unwind_GetDataRelBase
 *fill*         0x020488e6        0x2 00
 .text          0x020488e8     0x126c c:/nburn/gcc-m68k/bin/../lib/gcc/m68k-elf/4.2.1/m5206e\libgcc.a(unwind-dw2-fde.o)
                0x02049a06                _Unwind_Find_FDE
                0x020491fc                __register_frame
                0x020491da                __register_frame_table
                0x0204895e                __register_frame_info_bases
                0x0204993e                __deregister_frame_info
                0x02049880                __deregister_frame_info_bases
                0x020489ca                __register_frame_info_table_bases
                0x02049948                __deregister_frame
                0x02048a1c                __register_frame_info_table
                0x020489ae                __register_frame_info
 .text          0x02049b54        0x0 c:/nburn/gcc-m68k/bin/../lib/gcc/m68k-elf/4.2.1/m5206e\libgcc.a(_clz.o)
 .text          0x02049b54       0x18 c:/nburn/gcc-m68k/bin/../lib/gcc/m68k-elf/4.2.1/../../../../m68k-elf/lib/m5206e\libc.a(lib_a-abort.o)
                0x02049b54                abort
 .text          0x02049b6c       0x14 c:/nburn/gcc-m68k/bin/../lib/gcc/m68k-elf/4.2.1/../../../../m68k-elf/lib/m5206e\libc.a(lib_a-atof.o)
                0x02049b6c                atof
 .text          0x02049b80       0x34 c:/nburn/gcc-m68k/bin/../lib/gcc/m68k-elf/4.2.1/../../../../m68k-elf/lib/m5206e\libc.a(lib_a-atoi.o)
                0x02049b80                _atoi_r
                0x02049b9c                atoi
 .text          0x02049bb4       0x64 c:/nburn/gcc-m68k/bin/../lib/gcc/m68k-elf/4.2.1/../../../../m68k-elf/lib/m5206e\libc.a(lib_a-bsearch.o)
                0x02049bb4                bsearch
 .text          0x02049c18        0x0 c:/nburn/gcc-m68k/bin/../lib/gcc/m68k-elf/4.2.1/../../../../m68k-elf/lib/m5206e\libc.a(lib_a-ctype_.o)
 .text          0x02049c18       0x1e c:/nburn/gcc-m68k/bin/../lib/gcc/m68k-elf/4.2.1/../../../../m68k-elf/lib/m5206e\libc.a(lib_a-cxa_atexit.o)
                0x02049c18                __cxa_atexit
 *fill*         0x02049c36        0x2 00
 .text          0x02049c38       0x5e c:/nburn/gcc-m68k/bin/../lib/gcc/m68k-elf/4.2.1/../../../../m68k-elf/lib/m5206e\libc.a(lib_a-div.o)
                0x02049c38                div
 *fill*         0x02049c96        0x2 00
 .text          0x02049c98        0xe c:/nburn/gcc-m68k/bin/../lib/gcc/m68k-elf/4.2.1/../../../../m68k-elf/lib/m5206e\libc.a(lib_a-errno.o)
                0x02049c98                __errno
 *fill*         0x02049ca6        0x2 00
 .text          0x02049ca8       0xaa c:/nburn/gcc-m68k/bin/../lib/gcc/m68k-elf/4.2.1/../../../../m68k-elf/lib/m5206e\libc.a(lib_a-fdopen.o)
                0x02049ca8                _fdopen_r
                0x02049d38                fdopen
 *fill*         0x02049d52        0x2 00
 .text          0x02049d54      0x198 c:/nburn/gcc-m68k/bin/../lib/gcc/m68k-elf/4.2.1/../../../../m68k-elf/lib/m5206e\libc.a(lib_a-fflush.o)
                0x02049d54                fflush
 .text          0x02049eec      0x25e c:/nburn/gcc-m68k/bin/../lib/gcc/m68k-elf/4.2.1/../../../../m68k-elf/lib/m5206e\libc.a(lib_a-findfp.o)
                0x02049f46                __sinit
                0x02049ffe                __sfmoreglue
                0x02049fec                _cleanup
                0x02049fd2                _cleanup_r
                0x0204a06c                __sfp
 *fill*         0x0204a14a        0x2 00
 .text          0x0204a14c       0x24 c:/nburn/gcc-m68k/bin/../lib/gcc/m68k-elf/4.2.1/../../../../m68k-elf/lib/m5206e\libc.a(lib_a-fiprintf.o)
                0x0204a14c                fiprintf
 .text          0x0204a170       0x96 c:/nburn/gcc-m68k/bin/../lib/gcc/m68k-elf/4.2.1/../../../../m68k-elf/lib/m5206e\libc.a(lib_a-flags.o)
                0x0204a170                __sflags
 *fill*         0x0204a206        0x2 00
 .text          0x0204a208       0x24 c:/nburn/gcc-m68k/bin/../lib/gcc/m68k-elf/4.2.1/../../../../m68k-elf/lib/m5206e\libc.a(lib_a-fprintf.o)
                0x0204a208                fprintf
 .text          0x0204a22c       0xaa c:/nburn/gcc-m68k/bin/../lib/gcc/m68k-elf/4.2.1/../../../../m68k-elf/lib/m5206e\libc.a(lib_a-fputc.o)
                0x0204a27a                _fputc_r
                0x0204a22c                fputc
 *fill*         0x0204a2d6        0x2 00
 .text          0x0204a2d8       0x90 c:/nburn/gcc-m68k/bin/../lib/gcc/m68k-elf/4.2.1/../../../../m68k-elf/lib/m5206e\libc.a(lib_a-fputs.o)
                0x0204a2d8                _fputs_r
                0x0204a34e                fputs
 .text          0x0204a368      0x37e c:/nburn/gcc-m68k/bin/../lib/gcc/m68k-elf/4.2.1/../../../../m68k-elf/lib/m5206e\libc.a(lib_a-fvwrite.o)
                0x0204a368                __sfvwrite_r
 *fill*         0x0204a6e6        0x2 00
 .text          0x0204a6e8       0xe4 c:/nburn/gcc-m68k/bin/../lib/gcc/m68k-elf/4.2.1/../../../../m68k-elf/lib/m5206e\libc.a(lib_a-fwalk.o)
                0x0204a6e8                _fwalk
                0x0204a758                _fwalk_reent
 .text          0x0204a7cc       0x9e c:/nburn/gcc-m68k/bin/../lib/gcc/m68k-elf/4.2.1/../../../../m68k-elf/lib/m5206e\libc.a(lib_a-fwrite.o)
                0x0204a7cc                _fwrite_r
                0x0204a848                fwrite
 *fill*         0x0204a86a        0x2 00
 .text          0x0204a86c       0x20 c:/nburn/gcc-m68k/bin/../lib/gcc/m68k-elf/4.2.1/../../../../m68k-elf/lib/m5206e\libc.a(lib_a-gmtime.o)
                0x0204a86c                gmtime
 .text          0x0204a88c       0x1a c:/nburn/gcc-m68k/bin/../lib/gcc/m68k-elf/4.2.1/../../../../m68k-elf/lib/m5206e\libc.a(lib_a-gmtime_r.o)
                0x0204a88c                gmtime_r
 *fill*         0x0204a8a6        0x2 00
 .text          0x0204a8a8        0x0 c:/nburn/gcc-m68k/bin/../lib/gcc/m68k-elf/4.2.1/../../../../m68k-elf/lib/m5206e\libc.a(lib_a-impure.o)
 .text          0x0204a8a8       0x54 c:/nburn/gcc-m68k/bin/../lib/gcc/m68k-elf/4.2.1/../../../../m68k-elf/lib/m5206e\libc.a(lib_a-iprintf.o)
                0x0204a8a8                _iprintf_r
                0x0204a8d2                iprintf
 .text          0x0204a8fc       0x3a c:/nburn/gcc-m68k/bin/../lib/gcc/m68k-elf/4.2.1/../../../../m68k-elf/lib/m5206e\libc.a(lib_a-isprint.o)
                0x0204a8fc                isgraph
                0x0204a918                isprint
 *fill*         0x0204a936        0x2 00
 .text          0x0204a938       0x1c c:/nburn/gcc-m68k/bin/../lib/gcc/m68k-elf/4.2.1/../../../../m68k-elf/lib/m5206e\libc.a(lib_a-isspace.o)
                0x0204a938                isspace
 .text          0x0204a954       0x32 c:/nburn/gcc-m68k/bin/../lib/gcc/m68k-elf/4.2.1/../../../../m68k-elf/lib/m5206e\libc.a(lib_a-malloc.o)
                0x0204a96e                malloc
                0x0204a954                free
 *fill*         0x0204a986        0x2 00
 .text          0x0204a988      0x78c c:/nburn/gcc-m68k/bin/../lib/gcc/m68k-elf/4.2.1/../../../../m68k-elf/lib/m5206e\libc.a(lib_a-mallocr.o)
                0x0204a988                _malloc_r
 .text          0x0204b114       0xd2 c:/nburn/gcc-m68k/bin/../lib/gcc/m68k-elf/4.2.1/../../../../m68k-elf/lib/m5206e\libc.a(lib_a-memchr.o)
                0x0204b114                memchr
 *fill*         0x0204b1e6        0x2 00
 .text          0x0204b1e8       0x72 c:/nburn/gcc-m68k/bin/../lib/gcc/m68k-elf/4.2.1/../../../../m68k-elf/lib/m5206e\libc.a(lib_a-memcmp.o)
                0x0204b1e8                memcmp
 *fill*         0x0204b25a        0x2 00
 .text          0x0204b25c       0xb6 c:/nburn/gcc-m68k/bin/../lib/gcc/m68k-elf/4.2.1/../../../../m68k-elf/lib/m5206e\libc.a(lib_a-memmove.o)
                0x0204b25c                memmove
 *fill*         0x0204b312        0x2 00