Archive member included because of file (symbol)

C:\Nburn/lib/MOD5270.a(bsp.o)
                              c:/nburn/gcc-m68k/bin/../lib/gcc/m68k-elf/4.2.1/../../../../m68k-elf/lib/m5206e\nb-crt0.o (atexit)
C:\Nburn/lib/MOD5270.a(ioboard.o)
                              observations.o (getdipsw)
C:\Nburn/lib/MOD5270.a(pins.o)
                              argus_io.o (PinIO::set(unsigned char))
C:\Nburn/lib/MOD5270.a(i2cmulti.o)
                              argus_io.o (Multi_I2CReadBuf)
C:\Nburn/lib/NetBurner.a(ucosmcfa.o)
                              C:\Nburn/lib/MOD5270.a(bsp.o) (OSCtxSw)
C:\Nburn/lib/NetBurner.a(software_init.o)
                              c:/nburn/gcc-m68k/bin/../lib/gcc/m68k-elf/4.2.1/../../../../m68k-elf/lib/m5206e\nb-crt0.o (software_init_hook)
C:\Nburn/lib/NetBurner.a(ucosmcfc.o)
                              services.o (OSTaskCreate)
C:\Nburn/lib/NetBurner.a(ucos.o)
                              C:\Nburn/lib/NetBurner.a(ucosmcfc.o) (OSSched)
C:\Nburn/lib/NetBurner.a(ucosmain.o)
                              C:\Nburn/lib/MOD5270.a(i2cmulti.o) (critical_count)
C:\Nburn/lib/NetBurner.a(fileio.o)
                              C:\Nburn/lib/NetBurner.a(ucosmain.o) (ioctl)
C:\Nburn/lib/NetBurner.a(userparam.o)
                              utils.o (GetUserParameters)
C:\Nburn/lib/NetBurner.a(main.o)
                              c:/nburn/gcc-m68k/bin/../lib/gcc/m68k-elf/4.2.1/../../../../m68k-elf/lib/m5206e\nb-crt0.o (main)
C:\Nburn/lib/NetBurner.a(ip.o)
                              main.o (InitializeStack(unsigned long, unsigned long, unsigned long, unsigned long))
C:\Nburn/lib/NetBurner.a(buffers.o)
                              C:\Nburn/lib/NetBurner.a(ip.o) (FreeBuffer)
C:\Nburn/lib/NetBurner.a(arp.o)
                              C:\Nburn/lib/NetBurner.a(ip.o) (wArpLifetime)
C:\Nburn/lib/NetBurner.a(udp.o)
                              services.o (UDPPacket::SetSourcePort(unsigned short))
C:\Nburn/lib/NetBurner.a(tcp.o)
                              C:\Nburn/lib/NetBurner.a(ip.o) (DumpTcpPacket(IPPKT*))
C:\Nburn/lib/NetBurner.a(http.o)
                              main.o (StartHTTP)
C:\Nburn/lib/NetBurner.a(httpinternal.o)
                              C:\Nburn/lib/NetBurner.a(http.o) (TheErrorHandler)
C:\Nburn/lib/NetBurner.a(httpstricmp.o)
                              C:\Nburn/lib/NetBurner.a(httpinternal.o) (httpstricmp)
C:\Nburn/lib/NetBurner.a(htmldecomp.o)
                              C:\Nburn/lib/NetBurner.a(httpinternal.o) (SendHeaderResponse(char*, int))
C:\Nburn/lib/NetBurner.a(iosys.o)
                              C:\Nburn/lib/NetBurner.a(tcp.o) (FD_ZERO)
C:\Nburn/lib/NetBurner.a(new_ops.o)
                              services.o (operator new(unsigned long))
C:\Nburn/lib/NetBurner.a(autoip.o)
                              C:\Nburn/lib/NetBurner.a(arp.o) (AutoIPClient::addressCollision())
C:\Nburn/lib/NetBurner.a(dhcpc.o)
                              main.o (GetDHCPAddress(int))
C:\Nburn/lib/NetBurner.a(netinterface.o)
                              C:\Nburn/lib/NetBurner.a(ip.o) (GetFirstInterface())
C:\Nburn/lib/NetBurner.a(taskmon.o)
                              main.o (EnableTaskMonitor())
C:\Nburn/lib/NetBurner.a(smarttrap.o)
                              main.o (EnableSmartTraps())
C:\Nburn/lib/NetBurner.a(autoupdate.o)
                              main.o (EnableAutoUpdate)
C:\Nburn/lib/NetBurner.a(device.o)
                              C:\Nburn/lib/NetBurner.a(main.o) (DeviceInitializeSem)
C:\Nburn/lib/NetBurner.a(nbiprintf.o)
                              utils.o (iprintf)
C:\Nburn/lib/NetBurner.a(nbprintf.o)
                              argus_io.o (printf)
C:\Nburn/lib/NetBurner.a(nbsiprintf.o)
                              utils.o (siprintf)
C:\Nburn/lib/NetBurner.a(nbsprintf.o)
                              control.o (sprintf)
C:\Nburn/lib/NetBurner.a(websocket_handler.o)
                              C:\Nburn/lib/NetBurner.a(httpinternal.o) (TheWSHandler)
C:\Nburn/lib/NetBurner.a(system.o)
                              C:\Nburn/lib/NetBurner.a(udp.o) (isvalidcr)
C:\Nburn/lib/NetBurner.a(utils.o)
                              C:\Nburn/lib/NetBurner.a(system.o) (AsciiToIp)
C:\Nburn/lib/NetBurner.a(extraio.o)
                              C:\Nburn/lib/NetBurner.a(httpinternal.o) (GetExtraInterface)
C:\Nburn/lib/NetBurner.a(nbfloatprint.o)
                              C:\Nburn/lib/NetBurner.a(nbprintf.o) (TheFloatPrintf(char, bool (*)(void*, char const*, int), void*, double, pfstate&))
C:\Nburn/lib/MOD5270.a(serial.o)
                              C:\Nburn/lib/NetBurner.a(fileio.o) (SerialClose)
C:\Nburn/lib/MOD5270.a(ethernet.o)
                              C:\Nburn/lib/NetBurner.a(netinterface.o) (AddEthernetInterface())
C:\Nburn/lib/MOD5270.a(etherprint.o)
                              C:\Nburn/lib/MOD5270.a(ethernet.o) (EtherLink())
C:\Nburn/lib/MOD5270.a(emulticast.o)
[...]
Memory Configuration

Name             Origin             Length             Attributes
ram              0x02000000         0x00200000         xrw
SRAM             0x20000400         0x0000fc00         xrw
*default*        0x00000000         0xffffffff

Linker script and memory map

LOAD c:/nburn/gcc-m68k/bin/../lib/gcc/m68k-elf/4.2.1/../../../../m68k-elf/lib/m5206e\nb-crt0.o
LOAD c:/nburn/gcc-m68k/bin/../lib/gcc/m68k-elf/4.2.1/m5206e/crtbegin.o
LOAD utils.o
LOAD services.o
LOAD observations.o
LOAD obs.o
LOAD main.o
LOAD io.o
LOAD dhtml.o
LOAD data.o
LOAD control.o
LOAD boot.o
LOAD argus_io.o
LOAD argus_control.o
LOAD htmldata.o
LOAD C:\Nburn/MOD5270/lib/sys.ld
                0x20000000                vector_base = 0x20000000
                0x20010000                SRAM_END_ADDR = 0x20010000
                0x40000000                sim = 0x40000000
                0xffc04000                gConfigRec = 0xffc04000
                0xffc06000                UserParamBase = 0xffc06000
                0xffc00008                _RESET_ADDR = 0xffc00008
                0xffc08000                FlashAppBase = 0xffc08000
START GROUP
LOAD C:\Nburn/lib/MOD5270.a
LOAD C:\Nburn/lib/NetBurner.a
LOAD C:\Nburn/lib/FatFile.a
LOAD C:\Nburn\lib\debugLibrary.a
END GROUP
LOAD c:/nburn/gcc-m68k/bin/../lib/gcc/m68k-elf/4.2.1/../../../../m68k-elf/lib/m5206e\libstdc++.a
LOAD c:/nburn/gcc-m68k/bin/../lib/gcc/m68k-elf/4.2.1/../../../../m68k-elf/lib/m5206e\libm.a
LOAD c:/nburn/gcc-m68k/bin/../lib/gcc/m68k-elf/4.2.1/m5206e\libgcc.a
LOAD c:/nburn/gcc-m68k/bin/../lib/gcc/m68k-elf/4.2.1/../../../../m68k-elf/lib/m5206e\libc.a
LOAD c:/nburn/gcc-m68k/bin/../lib/gcc/m68k-elf/4.2.1/m5206e\libgcc.a
LOAD c:/nburn/gcc-m68k/bin/../lib/gcc/m68k-elf/4.2.1/m5206e/crtend.o
START GROUP
LOAD c:/nburn/gcc-m68k/bin/../lib/gcc/m68k-elf/4.2.1/../../../../m68k-elf/lib/m5206e\libc.a
LOAD c:/nburn/gcc-m68k/bin/../lib/gcc/m68k-elf/4.2.1/m5206e\libgcc.a
LOAD c:/nburn/gcc-m68k/bin/../lib/gcc/m68k-elf/4.2.1/../../../../m68k-elf/lib/m5206e\libm.a
END GROUP
                0x00000000                __DYNAMIC = 0x0
                0x02200000                PROVIDE (__stack, 0x2200000)
                0x00000000                PROVIDE (hardware_init_hook, 0x0)
                0x00000000                PROVIDE (_hardware_init_hook, 0x0)
                0x00000000                PROVIDE (software_init_hook, 0x0)
                0x00000000                PROVIDE (_software_init_hook, 0x0)

.SRAM_SECT      0x20000400     0x8910
                0x20000400                SRAM_START = .
 *(SYS_VAR_SECT)
 SYS_VAR_SECT   0x20000400      0x238 C:\Nburn/lib/NetBurner.a(ucos.o)
                0x2000052c                TimeTick
                0x2000051c                OSLockNesting
                0x20000526                OSRunning
                0x20000508                OSTCBList
                0x20000530                OSMapTbl
                0x20000528                Secs
                0x20000514                OSTCBFreeList
                0x20000524                OSISRLevel
                0x20000510                OSTCBHighRdy
                0x20000520                OSRdyGrp
                0x20000538                OSUnMapTbl
                0x20000500                OSRdyTbl
                0x20000518                OSIntNesting
                0x2000050c                OSTCBCur
                0x20000400                OSTCBPrioTbl
 SYS_VAR_SECT   0x20000638      0x1ac C:\Nburn/lib/NetBurner.a(ucosmain.o)
                0x20000638                OSTcbStructSize
                0x20000650                critical_count
                0x20000654                OSTCBTbl
 SYS_VAR_SECT   0x200007e4       0x1c C:\Nburn/lib/NetBurner.a(fileio.o)
                0x200007f0                pExtraFdFunc
                0x200007f4                fd_map
 SYS_VAR_SECT   0x20000800       0x20 C:\Nburn/lib/NetBurner.a(iosys.o)
                0x20000800                read_file_sets
                0x20000810                error_file_sets
                0x20000808                write_file_sets
                0x20000820                SYS_VAR_SECT_END = .
                0x20000820                . = ALIGN (0x10)
 *(IDLE_STK_SECT)
                0x20000820                IDLE_STK_SECT_END = .
                0x20000820                . = ALIGN (0x10)
 *(MAIN_STK_SECT)
 MAIN_STK_SECT  0x20000820     0x2000 C:\Nburn/lib/NetBurner.a(main.o)
                0x20000820                MainStk
                0x20002820                MAIN_STK_SECT_END = .
                0x20002820                . = ALIGN (0x4)
 *(ETHER_VAR_SECT)
 ETHER_VAR_SECT
                0x20002820      0x128 C:\Nburn/lib/MOD5270.a(ethernet.o)
                0x200028f6                TxcPosts
                0x200028fa                TxcSems
                0x20002820                EthernetMac
                0x200028ee                LastIsrStatus
                0x20002912                MIILockOut
                0x20002850                RxBD
                0x200028e0                TxBDFlag
                0x200028fe                RxIsr
                0x2000291a                PHY_addr
                0x200028f2                RxPosts
                0x20002916                phy_data
                0x20002920                PHY_ID
                0x2000291c                PHY_OUI_ID
                0x2000290a                bEthLink
                0x2000290e                bEverHadLink
                0x200028d4                RxBDFlag
                0x200028ea                last_rxbd
                0x20002906                bEthAutoNeg
                0x200028a0                RxBDpp
                0x20002924                last_phy_read
                0x20002826                nTx
                0x20002902                TxIsr
                0x200028c8                TxBDpp
                0x20002830                TxBD
                0x20002948                ETHER_VAR_SECT_END = .
                0x20002950                . = ALIGN (0x10)
 *fill*         0x20002948        0x8 00
 *(ETHER_STK_SECT)
 ETHER_STK_SECT
                0x20002950     0x2000 C:\Nburn/lib/MOD5270.a(ethernet.o)
                0x20002950                EtherSendStk
                0x20004950                ETHER_STK_SECT_END = .
                0x20004950                . = ALIGN (0x4)
 *(IP_VAR_SECT)
 IP_VAR_SECT    0x20004950      0x2fe C:\Nburn/lib/NetBurner.a(ip.o)
                0x2000496e                pDHCPServerTick
                0x20004952                bTTL_Default
                0x20004c46                next_arp_time
                0x20004954                ipRxFifo
                0x2000498a                multi_home_if_record
                0x20004966                IcmpFifo
                0x20004986                nAdditional_Homes
                0x20004950                wGlobalPktId
                0x2000497a                pPromisciousPacketFunc
                0x20004982                pFragFunc
                0x2000497e                pMultiCastFunc
                0x20004c4a                delay
                0x20004976                pAutoIPTick
                0x20004972                pMultiTick
                0x2000496a                pDHCPTick
                0x200049b2                multi_if_block
 IP_VAR_SECT    0x20004c4e       0x78 C:\Nburn/lib/NetBurner.a(udp.o)
                0x20004cc2                UdpNetbiosNameServicePtr
                0x20004cba                pDHCPServerProcessFunction
                0x20004c4e                udp_fifos
                0x20004cb6                pDHCPProcessFunction
                0x20004cbe                pTaskPacketFunc
                0x20004cb2                UDP_fifos_used
                0x20004cc6                IP_VAR_SECT_END = .
                0x20004cd0                . = ALIGN (0x10)
 *fill*         0x20004cc6        0xa 00
 *(IP_STK_SECT)
 IP_STK_SECT    0x20004cd0     0x2000 C:\Nburn/lib/NetBurner.a(ip.o)
                0x20004cd0                IPStk
                0x20006cd0                IP_STK_SECT_END = .
                0x20006cd0                . = ALIGN (0x4)
 *(TCP_VAR_SECT)
 TCP_VAR_SECT   0x20006cd0       0x1e C:\Nburn/lib/NetBurner.a(tcp.o)
                0x20006ce0                TCP_TimerSemaphore
                0x20006cd0                TCP_critical_section
                0x20006cee                TCP_VAR_SECT_END = .
                0x20006cf0                . = ALIGN (0x10)
 *fill*         0x20006cee        0x2 00
 *(TCP_STK_SECT)
 TCP_STK_SECT   0x20006cf0     0x2000 C:\Nburn/lib/NetBurner.a(tcp.o)
                0x20006cf0                TCPStk
                0x20008cf0                TCP_STK_SECT_END = .
                0x20008cf0                . = ALIGN (0x10)
 *(HTTP_STK_SECT)
                0x20008cf0                HTTP_STK_SECT_END = .
                0x20008cf0                . = ALIGN (0x10)
 *(FTP_STK_SECT)
                0x20008cf0                FTP_STK_SECT_END = .
                0x20008cf0                . = ALIGN (0x10)
 *(WIFI_STK_SECT)
                0x20008cf0                WIFI_STK_SECT_END = .
                0x20008cf0                . = ALIGN (0x10)
 *(PPP_STK_SECT)
                0x20008cf0                PPP_STK_SECT_END = .
                0x20008cf0                . = ALIGN (0x10)
 *(COMMAND_STK_SECT)
                0x20008cf0                COMMAND_STK_SECT_END = .
                0x20008cf0                . = ALIGN (0x4)
 *(USER_VAR_SECT)
                0x20008cf0                USER_VAR_SECT_END = .
                0x20008cf0                . = ALIGN (0x10)
 *(USER_STK_SECT)
                0x20008cf0                USER_STK_SECT_END = .
                0x20008cf0                . = ALIGN (0x4)
 *(TLS_VAR_SECT)
                0x20008cf0                TLS_VAR_SECT_END = .
                0x20008cf0                BUFFERS_SECT_START = .
                0x20008cf0                . = ALIGN (0x10)
 *(BUFFERS_VAR_SECT)
 BUFFERS_VAR_SECT
                0x20008cf0       0x1c C:\Nburn/lib/NetBurner.a(buffers.o)
                0x20008cf0                FAST_BUFFER_POOL_SIZE
                0x20008cfe                free_fast_list
                0x20008d08                free_list_is_initialized
                0x20008cf4                free_list
                0x20008d10                . = ALIGN (0x10)
 *fill*         0x20008d0c        0x4 00
                0x20008d10                BUFFERS_VAR_SECT_END = .
                0x20008d10                . = ALIGN (0x10)
                0x20008d10                SRAM_END = .

.text           0x02000000    0x7ec70
 *(.text)
 .text          0x02000000       0xaa c:/nburn/gcc-m68k/bin/../lib/gcc/m68k-elf/4.2.1/../../../../m68k-elf/lib/m5206e\nb-crt0.o
                0x02000000                start
 *fill*         0x020000aa        0x2 00
 .text          0x020000ac       0x9c c:/nburn/gcc-m68k/bin/../lib/gcc/m68k-elf/4.2.1/m5206e/crtbegin.o
 .text          0x02000148      0x9ca utils.o
                0x02000800                zpec_change_prio
                0x02000760                zpec_version
                0x02000678                zpec_write_if_full
                0x0200095c                zpec_parse_spec
                0x02000a40                zpec_writeFlash
                0x02000854                zpec_interrupt
                0x02000148                zpec_usleep
                0x020002c4                zpec_iptostr
                0x02000aa4                zpec_readFlash
                0x020001f0                zpec_severity
                0x020008bc                zpec_print_fixed
                0x0200038c                zpec_write_retry
                0x02000514                zpec_write_strcpy
                0x02000308                zpec_log
                0x02000290                zpec_log10_fix16
                0x02000240                zpec_log2_fix16
                0x02000af0                zpec_getSerialNo
 *fill*         0x02000b12        0x2 00
 .text          0x02000b14     0x1ac2 services.o
                0x02001aa4                MessageService::handleClient(Client*)
                0x02000bf8                MonitorService::handleRequest(TcpClient*, char*)
                0x02002324                ControlService::handleClient(Client*)
                0x02001708                TcpService::offerService()
                0x02000ff8                Service::readLine(char*, unsigned int, int, bool)
                0x02001cd0                UdpService::offerService()
                0x02000b14                Service::serviceTask(void*)
                0x02001624                Service::createServer(Client*)
                0x02001134                SimpleTcpService::handleClient(Client*)
                0x0200131c                Service::serverTask(void*)
                0x02002208                MessageService::post(char const*)
                0x02000e34                UdpService::send(void const*, unsigned short, unsigned long, unsigned short)
                0x020011e4                Service::closeClient(Client*)
                0x020013d8                Service::openClient(Client*)
                0x02000ebc                Service::start()
                0x02000d0c                DataService::handleRequest(TcpClient*, char*)
                0x020022d8                zpec_post_msg
 *fill*         0x020025d6        0x2 00
 .text          0x020025d8      0x6aa observations.o
                0x02002c18                StatsObservation::computeStats()
                0x020025d8                StatsObservation::mul_64bit(unsigned int*, unsigned int, unsigned int)
                0x0200289c                StatsObservation::computeMean(int, unsigned int)
                0x02002aac                BasicObservation::processFrame(long const*, long const*)
                0x02002984                PutDispDecimal(unsigned short, unsigned char)
                0x02002b98                StatsObservation::processFrame(long const*, long const*)
                0x02002910                ScopeObservation::processFrame(long const*, long const*)
                0x02002728                StatsObservation::computeVar(int, int, int, unsigned int)
                0x02002680                StatsObservation::div_64bit(unsigned int*, unsigned int const*, unsigned int)
 *fill*         0x02002c82        0x2 00
 .text          0x02002c84     0x3ace obs.o
                0x02003144                Correlator::readADCs(Observation*, unsigned int, Correlator::argument_type&, char*, unsigned int)
                0x02003cb8                Correlator::findCounts(char*, unsigned int*, BasicObservation*, int, unsigned int, unsigned int, int)
                0x02004660                Correlator::execScopeObs(char*, Correlator::argument_type)
                0x020061b4                Correlator::execDiodeObs(char*, Correlator::argument_type)
                0x02005cb8                Correlator::execTotalPower(char*, Correlator::argument_type)
                0x02003e0c                Correlator::execLevel(char*, Correlator::argument_type)
                0x02002c84                Correlator::setIntegStatus(char*, unsigned int, unsigned int, bool)
                0x02004af8                Correlator::execStatsObs(char*, Correlator::argument_type)
                0x020056f0                Correlator::execZero(char*, Correlator::argument_type)
                0x02002f98                Correlator::collateData(LagData const&, unsigned int)
 *fill*         0x02006752        0x2 00
 .text          0x02006754     0x5272 main.o
                0x02007020                initCommandShell()
                0x0200b93c                UserMain
                0x02006754                startNetwork()
 *fill*         0x0200b9c6        0x2 00
 .text          0x0200b9c8     0x111e io.o
                0x0200ba48                zpec_disable_irq
                0x0200bb88                cpld_get_bit
                0x0200c0d8                cpld_read_mon_adc
                0x0200bbf0                zpec_mode_name
                0x0200ba1c                zpec_enable_irq
                0x0200bb18                cpld_set_bit
                0x0200ba74                zpec_setup_irq
                0x0200b9c8                fake_ADC_isr
                0x0200bc64                cpld_set_atten
                0x0200bbb4                Ipow
                0x0200c5e0                zpec_setup_watchdog
                0x0200baf4                zpec_setup_mmap
                0x0200b9cc                ADC_isr
                0x0200bdc4                cpld_init_corl_adc
                0x0200c654                real_ADC_isr
 *fill*         0x0200cae6        0x2 00
 .text          0x0200cae8       0x86 dhtml.o
                0x0200cae8                dhtml_getSerialNo
 *fill*         0x0200cb6e        0x2 00
 .text          0x0200cb70      0x316 data.o
                0x0200ccc0                MonitorData::write(int, char const*) const
                0x0200cb70                ControlData::setAttenuation(unsigned short)
                0x0200cb88                LagData::write(int, unsigned int, unsigned int) const
 *fill*         0x0200ce86        0x2 00
 .text          0x0200ce88     0x3410 control.o
                0x0200d1e4                Correlator::execTime(char*, Correlator::argument_type)
                0x0200f018                Correlator::createHelpSummary(CommandInterpreter<Correlator, Correlator::command_type, char*, Correlator::argument_type, std::string>*)
                0x0200e1c4                Correlator::isMaster() const
                0x0200e3f8                Correlator::execHalt(char*, Correlator::argument_type)
                0x0200dcf8                Correlator::timestamp(unsigned int, unsigned int)
                0x0200ec28                CommandInterpreter<Correlator, Correlator::command_type, char*, Correlator::argument_type, std::string>::parse(std::string&, Correlator::argument_type&, Correlator::command_type&) const
                0x0200d47c                Correlator::getMode() const
                0x0200f648                Correlator::setMonitorPoint(int, bool)
                0x0200d160                Correlator::execVersion(char*, Correlator::argument_type)
                0x0200e030                Correlator::setMode(mode_type_enum)
                0x0200e3b0                Correlator::setAccumulating(bool)
                0x0200fcb0                Correlator::execQuery(char*, Correlator::argument_type)
                0x0200e2c4                Correlator::execBoss(char*, Correlator::argument_type)
                0x0200d028                Correlator::execQuit(char*, Correlator::argument_type)
                0x0200e508                Correlator::execVerbose(char*, Correlator::argument_type)
                0x0200d06c                Correlator::execPeek(char*, Correlator::argument_type)
                0x0200d4b8                Correlator::execReboot(char*, Correlator::argument_type)
                0x0200e4c4                Correlator::setVerbosity(int)
                0x0200ed44                Correlator::execHelp(char*, Correlator::argument_type)
                0x0200ddb4                CommandInterpreter<Correlator, Correlator::command_type, char*, Correlator::argument_type, std::string>::cmdNotFound(char*, std::string&, Correlator::argument_type&, Correlator::command_type&) const
                0x0200e14c                Correlator::setMaster(bool)
                0x0200d858                Correlator::execFlash(char*, Correlator::argument_type)
                0x0200dff4                Correlator::getVerbosity() const
                0x0200de50                Correlator::execInitADCs(char*, Correlator::argument_type)
                0x0200e204                Correlator::execSync(char*, Correlator::argument_type)
                0x0200e93c                Correlator::execSend(char*, Correlator::argument_type)
                0x0200e484                Correlator::isAccumulating() const
                0x0200d508                Correlator::execPower(char*, Correlator::argument_type)
                0x0200d30c                Correlator::execPoke(char*, Correlator::argument_type)
                0x0200cf7c                Correlator::execjUpTime(char*, Correlator::argument_type)
                0x0200e5c8                Correlator::execStatus(char*, Correlator::argument_type)
                0x0200ce88                Correlator::longHelp(char*, char const*, void (Correlator::*)(char*, Correlator::argument_type)) const
                0x0200e074                Correlator::execMode(char*, Correlator::argument_type)
 .text          0x02010298      0x43e boot.o
                0x020102b0                Correlator::initHardware()
                0x020105ec                Correlator::boot(CommandInterpreter<Correlator, Correlator::command_type, char*, Correlator::argument_type, std::string>*, global_io_struct*)
                0x02010298                Correlator::initState()
 *fill*         0x020106d6        0x2 00
 .text          0x020106d8     0x6706 argus_io.o
                0x0201122c                closeI2Cssbus(unsigned char, unsigned char)
                0x020125f8                sb_readPLLmon
                0x020108c0                v2t_670(float)
                0x02011030                argus_test
                0x02013f6c                dcm2_blockMod
                0x02012c78                dcm2_readMBtemp
                0x0201114c                init_vane
                0x020123f8                dcm2_readMBadc
                0x02015970                comap_presets
                0x02010e28                argus_powCheck
                0x020166bc                argus_clearBus
                0x020152d8                argus_setLNAbias
                0x020142dc                dcm2_setPow
                0x020139ac                init_saddlebags
                0x02010f40                argus_thermCheck
                0x02016510                init_bias()
                0x020125a4                readBEX(unsigned char)
                0x02015194                argus_readAllSystemADCs
                0x020135bc                argus_readBCpsV
                0x02011524                vane_angle()
                0x02015e0c                argus_lnaPower
                0x02011d44                AD7860_SPI_bitbang(unsigned char, unsigned char, unsigned char, float, unsigned char)
                0x02012694                sb_ledOnOff
                0x02012d9c                dcm2_ampPow
                0x020112ac                openI2Cssbus(unsigned char, unsigned char, unsigned char, unsigned char)
                0x020113b8                openI2Csbus(unsigned char, unsigned char)
                0x0201101c                argus_systemState
                0x02016c44                argus_init
                0x02013bec                sb_setAllAmps
                0x02011b70                sb_readADC
                0x02011650                vane_obscal
                0x020127bc                AD7814_SPI_bitbang(unsigned char, unsigned char, unsigned char, unsigned char)
                0x02012e64                argus_readThermADCs
                0x02013d84                sb_ampPow
                0x02012014                dcm2_readAllModTotPwr
                0x02010c64                argus_biasCheck
                0x0201467c                dcm2_setAllPow
                0x02014020                HMC624_SPI_bitbang(unsigned char, unsigned char, unsigned char, float, unsigned char, unsigned char*)
                0x020149f0                dcm2_setAtten
                0x020106d8                v2dac(float, float, float, char)
                0x02012cd4                dcm2_ledOnOff
                0x02015cec                argus_setAllBias
                0x02016868                init_dcm2
                0x020119b4                vane_readADC
                0x02011104                configBEX(unsigned char, unsigned char)
                0x020110bc                writeBEX(unsigned char, unsigned char)
                0x020131a8                argus_lnaPowerPIO
                0x02011374                closeI2Csbus(unsigned char)
                0x02014768                dcm2_setAllAttens
                0x020132d0                argus_readPwrADCs
                0x02011440                vane_relayCtrl(char*)
                0x02012ad0                dcm2_readAllModTemps
                0x0201082c                adc2v(short, float, float, char)
                0x02014be0                argus_readLNAbiasADCs
 *fill*         0x02016dde        0x2 00
 .text          0x02016de0     0xac96 argus_control.o
                0x0201816c                Correlator::execVane(char*, Correlator::argument_type)
                0x02016de0                Correlator::execArgusLock(char*, Correlator::argument_type)
                0x02020a18                Correlator::execJArgusSetAll(char*, Correlator::argument_type)
                0x02018d20                Correlator::execJSaddlebag(char*, Correlator::argument_type)
                0x0201a82c                Correlator::execJCOMAPcryo(char*, Correlator::argument_type)
                0x0201a15c                Correlator::execJArgusGate(char*, Correlator::argument_type)
                0x0201a4c4                Correlator::execJArgusDrain(char*, Correlator::argument_type)
                0x02020cdc                Correlator::execJCOMAPpow(char*, Correlator::argument_type)
                0x02019324                Correlator::execJDCM2(char*, Correlator::argument_type)
                0x02019bd8                Correlator::execDCM2(char*, Correlator::argument_type)
                0x02020674                Correlator::execArgusSetAll(char*, Correlator::argument_type)
                0x0201858c                Correlator::execSaddlebag(char*, Correlator::argument_type)
                0x02020530                Correlator::execJCOMAPpresets(char*, Correlator::argument_type)
                0x02020ff0                Correlator::execJCOMAPatten(char*, Correlator::argument_type)
                0x0201a648                Correlator::execArgusDrain(char*, Correlator::argument_type)
                0x02017a20                Correlator::execArgusLimits(char*, Correlator::argument_type)
                0x02017148                Correlator::execJArgusFreeze(char*, Correlator::argument_type)
                0x0202189c                Correlator::execArgusInit(char*, Correlator::argument_type)
                0x020216a4                Correlator::execArgusRxHealth(char*, Correlator::argument_type)
                0x0201a2e0                Correlator::execArgusGate(char*, Correlator::argument_type)
                0x02021160                Correlator::execCOMAPatten(char*, Correlator::argument_type)
                0x020171d0                Correlator::execJCOMAPsets(char*, Correlator::argument_type)
                0x020205c4                Correlator::execCOMAPpresets(char*, Correlator::argument_type)
                0x0201ea24                Correlator::execJCOMAPlna(char*, Correlator::argument_type)
                0x0201f18c                Correlator::execArgusPwrCtrl(char*, Correlator::argument_type)
                0x02021308                Correlator::execArgusEngr(char*, Correlator::argument_type)
                0x02021928                Correlator::execArgusTest(char*, Correlator::argument_type)
                0x02020e48                Correlator::execCOMAPpow(char*, Correlator::argument_type)
                0x02017aac                Correlator::execArgusThaw(char*, Correlator::argument_type)
                0x0201a964                Correlator::execArgusCryo(char*, Correlator::argument_type)
                0x02017ba8                Correlator::execJVane(char*, Correlator::argument_type)
                0x0201ab94                Correlator::execArgusMonPts(char*, Correlator::argument_type)
                0x0201761c                Correlator::execJCOMAPlnaTestRet(char*, Correlator::argument_type)
                0x020170c0                Correlator::execJArgusThaw(char*, Correlator::argument_type)
                0x0201799c                Correlator::execJArgusLimits(char*, Correlator::argument_type)
                0x02017b28                Correlator::execArgusFreeze(char*, Correlator::argument_type)
 *fill*         0x02021a76        0x2 00
 .text          0x02021a78       0x36 htmldata.o
                0x02021aa4                DoHtmlVariable(int, unsigned short)
                0x02021a78                DoHtmlFunction(int, char const*, unsigned short)
 *fill*         0x02021aae        0x2 00
 .text          0x02021ab0      0x5e2 C:\Nburn/lib/MOD5270.a(bsp.o)
                0x02021df4                _sbrk_r
                0x02021f5c                HardwareSetup
                0x02021d88                DisableCache
                0x02021ef4                spaceleft
                0x02021e4c                LocalInByte
                0x02021f40                ForceReboot
                0x02021ccc                FlashProgram
                0x02021f2c                BspGetTickFraction
                0x02021ab0                xTick
                0x02021c4c                FlashErase
                0x02021e80                LocalOutByte
                0x02021e40                atexit
                0x02021ba4                GetPreciseTime
                0x02021d9c                EnableCache
                0x02021acc                SetIntc
                0x02021ed0                LocalCharAvail
                0x02021ab4                Tick5270
 *fill*         0x02022092        0x2 00
 .text          0x02022094      0x43c C:\Nburn/lib/MOD5270.a(ioboard.o)
                0x02022290                getleds
                0x02022478                getCPLDver
                0x020223cc                getDecimal
                0x020221e8                putleds
                0x020222c8                putdisp
                0x0202238c                putDecimal
                0x020224a4                getCPLDrev
                0x02022094                InitChipBoardSelect
                0x02022340                getdisp
                0x02022198                getdipsw
                0x02022400                putSegments
                0x020220ec                OnModDev70
 .text          0x020224d0     0x1d82 C:\Nburn/lib/MOD5270.a(pins.o)
                0x020224d0                PinIO::set(unsigned char)
                0x02023b88                PinIO::function(int)
                0x02023088                PinIO::drive()
                0x020241f0                CReadPin
                0x020234d0                PinIO::read()
                0x02024214                CGPInPin
 *fill*         0x02024252        0x2 00
 .text          0x02024254      0xde2 C:\Nburn/lib/MOD5270.a(i2cmulti.o)
                0x0202485c                Multi_I2CReadBuf
                0x02024318                I2CRXAvail
                0x02024338                I2CTXAvail
                0x02024254                fake_i2c_multi_int_routine()
                0x020244f4                I2CGetByte
                0x02024b34                I2C_Multi_Isr()
                0x020242a8                Multi_I2CStop
                0x020245c4                Multi_I2CSend
                0x02024ef4                real_i2c_multi_int_routine
                0x02024490                Multi_ResetPeripheral()
                0x02024a38                Multi_I2CSendBuf
                0x02024378                I2CFillSlaveTXBuf
                0x02024258                i2c_multi_int_routine
                0x02024654                Multi_I2CRestart
                0x02024f00                Multi_I2CInit
                0x02024548                Multi_I2CRead
                0x0202471c                Multi_I2CStart
 *fill*         0x02025036        0xa 00
 .text          0x02025040      0x44a C:\Nburn/lib/NetBurner.a(ucosmcfa.o)
                0x02025120                OSDebugTraceHalt
                0x02025040                OSStartHighRdy
                0x02025130                TrapOutByte
                0x02025160                memcpy
                0x02025160                fmemcpy
                0x02025060                OSCtxSw
                0x02025150                TrapCharAvail
                0x02025090                OSIntCtxSw
                0x02025140                TrapInByte
                0x020250c0                OSTickISR
                0x02025230                memcpysum
                0x02025100                OSSetupVBR
                0x02025460                GetSR_IntLevel
                0x020253c0                memset
                0x020253c0                fmemset
                0x02025470                SetSR_IntLevel
 *fill*         0x0202548a        0x2 00
 .text          0x0202548c        0x8 C:\Nburn/lib/NetBurner.a(software_init.o)
                0x0202548c                software_init_hook
 .text          0x02025494      0x320 C:\Nburn/lib/NetBurner.a(ucosmcfc.o)
                0x0202577c                OSTaskCreate
                0x020257a8                TopOfStackKillfunction
                0x02025550                OSTaskCreatewName
                0x02025494                OSTCBInit
                0x020257ac                KillFunctionLink
 .text          0x020257b4     0x1e0c C:\Nburn/lib/NetBurner.a(ucos.o)
                0x02027160                OSCritEnterNoWait
                0x02025864                UCOSWAITS_HERE
                0x02026e0c                OSFifoPostFirst
                0x020271d4                OSCritLeave
                0x02026f6c                getpid
                0x02025a70                OSLock
                0x020268dc                OSQPostFirst
                0x020272ec                OSTaskID
                0x020266c8                OSQPendNoWait
                0x02027304                OSSetName
                0x0202732c                OSIntExit
                0x02025ef4                OSSemPendNoWait
                0x02025bdc                OSTaskDelete
                0x02025a98                OSUnlock
                0x02026f84                OSCritInit
                0x02026744                OSQPost
                0x02026fc0                OSCritEnter
                0x02026ac8                OSFifoPend
                0x02025d54                OSSemPend
                0x020260c0                OSMboxInit
                0x020262fc                OSMboxPost
                0x02026a7c                OSFifoInit
                0x020264e0                OSQPend
                0x020257e0                OSSched
                0x0202589c                OSTimeDly
                0x02025f34                OSSemPost
                0x02025ad8                OSChangePrio
                0x02025a40                OSTCBGetFree
                0x02025874                OSIntEnterWAS
                0x020262b4                OSMboxPendNoWait
                0x02026cac                OSFifoPost
                0x02025cf4                OSSemInit
                0x020273c8                OSStart
                0x02025954                OSTimeTick
                0x0202646c                OSQInit
                0x02027318                OSTaskName
                0x02026c5c                OSFifoPendNoWait
                0x02026114                OSMboxPend
                0x02027444                OSInit
                0x02025934                OSChangeTaskDly
 .text          0x020275c0      0x1b8 C:\Nburn/lib/NetBurner.a(ucosmain.o)
                0x0202769c                __malloc_unlock
                0x020275c0                UCosBegin
                0x020276bc                balloc_lock
                0x020276fc                UCosSetup
                0x02027680                balloc_unlock
                0x020276dc                __malloc_lock
 .text          0x02027778      0x5f8 C:\Nburn/lib/NetBurner.a(fileio.o)
                0x02027908                ioctl
                0x02027778                isatty
                0x02027860                CurrentStdioFD
                0x020278d8                lseek
                0x020277b0                ReplaceStdio
                0x02027974                write
                0x02027794                fstat
                0x02027aa4                rawwrite
                0x02027cb0                stdioinbyte
                0x02027b28                read
                0x02027890                outbyte
                0x020278f0                open
                0x020278a8                charavail
                0x02027884                fcntl
                0x02027d28                close
 .text          0x02027d70       0x8e C:\Nburn/lib/NetBurner.a(userparam.o)
                0x02027d70                GetUserParameters
                0x02027d80                SaveUserParameters
 *fill*         0x02027dfe        0x2 00
 .text          0x02027e00       0x78 C:\Nburn/lib/NetBurner.a(main.o)
                0x02027e38                main
                0x02027e00                __do_global_ctors
 .text          0x02027e78     0x1aaa C:\Nburn/lib/NetBurner.a(ip.o)
                0x020282c8                FixUpICMP(IPPKT*, unsigned char, unsigned char, unsigned char*, unsigned short)
                0x02028038                IsMultiCast(unsigned long)
                0x02028c68                FixHeaderAndSend(pool_buffer*, IPPKT*)
                0x020285dc                DoIPPacket(pool_buffer*, EFRAME*, unsigned short)
                0x02027f34                GetSum20
                0x02028f64                PingViaInterface
                0x0202857c                SaveError(pool_buffer*)
                0x020288ec                process_icmp(pool_buffer*, IPPKT*, unsigned short)
                0x02028174                IpProcessEthernetPacket
                0x020287a0                FixHeaderAndSendViaInterface(pool_buffer*, IPPKT*, int)
                0x020291e0                ShowIPBuffer(pool_buffer*)
                0x02028dc8                SendICMPError(pool_buffer*, unsigned char, unsigned char)
                0x020283e0                InitializeStack(unsigned long, unsigned long, unsigned long, unsigned long)
                0x02028088                GetData(IPPKT*)
                0x02028504                InitializeCStack
                0x02029074                Ping
                0x02027e78                GetSum
                0x02028510                GetMultiHomeInterface(unsigned long, int)
                0x020285c0                IsMyIp
                0x02028384                IsBroadCast(unsigned long, int)
                0x02028330                KillStack
                0x020280b4                PrepareIPOutput(pool_buffer*, unsigned long, unsigned short)
                0x02028058                GetMultiAddress(unsigned long)
                0x02028e9c                SendPing
                0x02027f6c                GetSumHdr
                0x0202833c                IsLocal(unsigned long, int)
                0x020290a8                GetLocalIPInterface(unsigned long)
                0x02029100                AddInterface(unsigned long, unsigned long, unsigned long, int)
                0x02028a08                IPTask(void*)
 *fill*         0x02029922        0x2 00
 .text          0x02029924      0xef8 C:\Nburn/lib/NetBurner.a(buffers.o)
                0x02029a08                FreeBufferList
                0x02029e14                fifo_buffer_storage::Full()
                0x02029f04                ShowBuffer
                0x0202a1e8                fifo_buffer_storage::Reset(unsigned char)
                0x02029a38                InitBuffers
                0x02029b64                buffer_list::InsertBefore(pool_buffer*, pool_buffer*)
                0x02029d3c                GetBuffer
                0x02029ee4                fifo_buffer_storage::fifo_buffer_storage(unsigned char, unsigned char)
                0x02029dfc                fifo_buffer_storage::Empty()
                0x0202a660                fifo_buffer_storage::ReadDatawSum(unsigned char*, int, unsigned long&)
                0x02029de8                fifo_buffer_storage::SpaceUsed()
                0x02029924                ShowBuffers()
                0x02029950                buffer_list::InsertHead(pool_buffer*)
                0x0202a030                GetFreeCount
                0x02029934                IncUsageCount
                0x02029ec4                fifo_buffer_storage::fifo_buffer_storage(unsigned char, unsigned char)
                0x02029b00                buffer_list::InsertTail(pool_buffer*)
                0x0202a2a8                fifo_buffer_storage::~fifo_buffer_storage()
                0x0202a398                fifo_buffer_storage::SetMaxBuffers(unsigned char)
                0x0202a0a8                fifo_buffer_storage::ReadData(unsigned char*, int)
                0x02029e5c                fifo_buffer_storage::Init(unsigned char, unsigned char)
                0x0202992c                DumpBuffers()
                0x02029cd4                buffer_list::RemoveHead()
                0x02029c4c                buffer_list::Remove(pool_buffer*)
                0x02029d88                buffer_list::RemoveTail()
                0x0202a2bc                fifo_buffer_storage::LongSpaceAvail()
                0x0202a428                fifo_buffer_storage::WriteData(unsigned char*, int)
                0x020299c0                FreeBuffer
                0x02029bd8                buffer_list::InsertAfter(pool_buffer*, pool_buffer*)
                0x0202a374                fifo_buffer_storage::SpaceAvail()
                0x0202a294                fifo_buffer_storage::~fifo_buffer_storage()
 .text          0x0202a81c     0x1922 C:\Nburn/lib/NetBurner.a(arp.o)
                0x0202b550                FindAddArp(unsigned long)
                0x0202a978                sendGratuitousArp(int)
                0x0202a844                MacEqual(MACADR, MACADR)
                0x0202ab80                InitializeArp()
                0x0202ac28                FindArp(unsigned long)
                0x0202ae84                SendArp(ArpRecord*, int)
                0x0202ab34                GetInterface(unsigned long)
                0x0202be34                AddCheckArp(MACADR*, unsigned long, int)
                0x0202a8a4                SetMac(ArpRecord*, MACADR, int)
                0x0202b38c                DeleteArpFromIp(unsigned long)
                0x0202ad2c                GetArpMacFromIp(unsigned long, MACADR&)
                0x0202b95c                RouteOutVia(EFRAME*, unsigned long, pool_buffer*, int)
                0x0202ade0                GetProperInterface(unsigned long)
                0x0202b4a0                FreeOneArp()
                0x0202bec0                processArp(pool_buffer*, EFRAME*)
                0x0202a93c                NeedsArp(int)
                0x0202afb4                GetNextArp(ArpRecord*)
                0x0202aa48                RawSendArp(ArpRecord*, unsigned long, int)
                0x0202b3ac                AgeArp()
                0x0202bb7c                RouteOut(EFRAME*, unsigned long, pool_buffer*)
                0x0202b07c                ShowArp()
                0x0202b1bc                DeleteArp(ArpRecord*)
                0x0202b024                GetFirstArp()
                0x0202aef0                GetSrcIp
                0x0202b7ec                IsMyAddressUsedArpDetect(unsigned short, int)
                0x0202a83c                Cleanup()
                0x0202a81c                IsNull(ArpRecord*)
                0x0202b110                fShowArp(__sFILE*)
                0x0202ad84                AddPending(MACADR*, unsigned long, int)
 *fill*         0x0202c13e        0x2 00
 .text          0x0202c140     0x149c C:\Nburn/lib/NetBurner.a(udp.o)
                0x0202ca08                UDPPacket::Send(unsigned long, unsigned char)
                0x0202c288                UDPPacket::SetDestinationPort(unsigned short)
                0x0202c34c                UDPPacket::GetPacketId()
                0x0202c398                UDPPacket::GetSourceAddress()
                0x0202d21c                UDPPacket::UDPPacket()
                0x0202c744                UDPPacket::AddDataByte(unsigned char)
                0x0202cb20                UDPPacket::SendAndKeep(unsigned long, unsigned char)
                0x0202c3bc                RegisterUDPFifo(unsigned short, os_fifo*)
                0x0202c78c                UDPPacket::AddData(char const*)
                0x0202c1b4                UDPPacket::UDPPacket(pool_buffer*)
                0x0202c84c                UDPPacket::SendViaInterface(unsigned long, int, unsigned char)
                0x0202c334                UDPPacket::GetIpPacket()
                0x0202c974                UDPPacket::SendVia(unsigned long, unsigned long, unsigned char)
                0x0202cb90                UDPPacket::~UDPPacket()
                0x0202c140                GetUdpFifoRec(unsigned short)
                0x0202c2c4                UDPPacket::GetDataBuffer()
                0x0202c484                RegisterUDPFifoWithNotify(unsigned short, os_fifo*, void (*)(os_fifo*, unsigned short))
                0x0202c200                UDPPacket::UDPPacket(pool_buffer*)
                0x0202c2f8                UDPPacket::GetDataSize() const
                0x0202cbfc                ProcessIDPacket(UDPPacket&, int)
                0x0202c768                UDPPacket::AddDataWord(unsigned short)
                0x0202d260                process_udp(pool_buffer*, IPPKT*, unsigned short)
                0x0202c7bc                UDPPacket::Validate()
                0x0202c2a4                UDPPacket::GetDestinationPort() const
                0x0202c54c                UnregisterUDPFifo(unsigned short)
                0x0202c698                UDPPacket::AddData(unsigned char const*, unsigned short)
                0x0202d51c                UDPPacket::UDPPacket(os_fifo*, unsigned long)
                0x0202c2d8                UDPPacket::SetDataSize(unsigned short)
                0x0202c614                FixIDDataPacket(UDPPacket&, _InterfaceBlock*)
                0x0202c320                UDPPacket::ResetData()
                0x0202cb68                UDPPacket::~UDPPacket()
                0x0202d57c                UDPPacket::UDPPacket(os_fifo*, unsigned long)
                0x0202c9b4                UDPPacket::SendAndKeepVia(unsigned long, unsigned long, unsigned char)
                0x0202c24c                UDPPacket::SetSourcePort(unsigned short)
                0x0202c268                UDPPacket::GetSourcePort() const
                0x0202c670                FixIDDataPacket(UDPPacket&, int)
                0x0202cbb8                UDPPacket::UDPPacket()
                0x0202c374                UDPPacket::GetDestinationAddress()
 .text          0x0202d5dc     0x549a C:\Nburn/lib/NetBurner.a(tcp.o)
                0x0202ed00                SendTcpRst(IPPKT*)
                0x0202dc48                GetTcpState(int)
                0x0202efb0                InitTCP()
                0x0202fa94                _Socket_Private_read
                0x0202dbcc                ShortSocketList::ShortSocketList()
                0x0202dca8                SetOutOfOrderbuffers(int, unsigned char)
                0x0202d84c                GetSocketRemotePort(int)
                0x0202e468                socket_struct::MyAdvertisedWindow()
                0x0202e304                SetSocketTxBuffers(int, int)
                0x0202d960                setsockoption(int, int)
                0x0202e7b4                TcpSend(socket_struct*, unsigned long, pool_buffer*, unsigned short, unsigned char)
                0x02031be0                TCPTimerTask(void*)
                0x020323dc                process_tcp(pool_buffer*, IPPKT*, unsigned short)
                0x020300f0                socket_struct::ProcessRST()
                0x020329ac                NoBlockconnectvia(unsigned long, unsigned short, unsigned short, unsigned long)
                0x0202dcec                TcpGetLastRxTime(int)
                0x0203020c                abortsocket
                0x020305f0                socket_struct::ProcessDataSegment(TCPPKT*, unsigned short, unsigned char*, pool_buffer*&)
                0x02032804                connectvia(unsigned long, unsigned short, unsigned short, unsigned long, unsigned long)
                0x0202f5c8                HashSocketList::RemoveSocket(socket_struct*) const
                0x02030c88                _Socket_Private_write
                0x0202d998                getsockoption(int)
                0x020312d0                socket_struct::ProcessAck(TCPPKT*)
                0x0202fab0                socket_struct::SaveData(unsigned char*, unsigned short, unsigned char)
                0x0202f2b8                GetTcpRtxCount(int)
                0x0202d740                fixoverlap(unsigned long, unsigned long, unsigned long&, unsigned long&)
                0x0202fd90                socket_struct::SetTimer(unsigned long)
                0x02032984                connect(unsigned long, unsigned short, unsigned short, unsigned long)
                0x0202da24                HashSocketList::HashSocketList()
                0x0202f80c                GetTcpSocket(TCPPKT*, unsigned long)
                0x020329fc                NoBlockConnect(unsigned long, unsigned short, unsigned short, unsigned long)
                0x0202df84                TcpGetRxBufferSpaceUsed(int)
                0x020308d0                socket_struct::DoRawSend()
                0x0202dfc4                ShowFdTcpSocket(int)
                0x0202e288                socket_struct::ClearPending(int)
                0x0202f32c                ShortSocketList::findsocket(unsigned short, unsigned short, unsigned long) const
                0x020328fc                connect(unsigned long, unsigned short, unsigned short, unsigned long, unsigned long)
                0x0202f244                TcpSendKeepAlive(int)
                0x0202d7bc                getsocketerror(int)
                0x0202da0c                EnableTcpDebug(unsigned short)
                0x02031aec                socket_struct::ProcessTimer()
                0x020307ac                socket_struct::SetUpNextRetransmit()
                0x0202da1c                HashSocketList::HashSocketList()
                0x0202df44                TcpGetTxBufferAvailSpace(int)
                0x0202f8c4                SockReadWithTimeout
                0x0202ef44                GetFreeSocketCount()
                0x0203157c                socket_struct::ProcessFIN(TCPPKT*, unsigned short)
                0x0202e4e0                FixHeaderAndSendTcp(pool_buffer*, IPPKT*, socket_struct*)
                0x0202d9c8                setsocketackbuffers(int, unsigned char)
                0x0202d940                socket_struct::CleanUpDeletedListener()
                0x0202d6fc                FindListenSocket(unsigned short, unsigned long)
                0x0202e5ec                TcpSendwSum(socket_struct*, unsigned long, pool_buffer*, unsigned short, unsigned char, unsigned long)
                0x0202fe10                socket_struct::DoCleanup()
                0x0202fba0                socket_struct::TestOutofOrder()
                0x0202dd5c                TcpGetLastRxInterval(int)
                0x0202d5dc                GetFirstSeq()
                0x0202f1b0                FREESOCKET(socket_struct*)
                0x0202ffe8                ShortSocketList::AddSocket(socket_struct*)
                0x020311b4                socket_struct::DoRetransmit(unsigned char)
                0x0202dc0c                ShortSocketList::Init()
                0x0202f3d0                ShortSocketList::processTick()
                0x020324f4                socket_struct::CoreConnect(unsigned long, unsigned short, unsigned short, unsigned long)
                0x020316f0                _Socket_Private_close
                0x02031830                accept(int, unsigned long*, unsigned short*, unsigned short)
                0x0202dbec                ShortSocketList::ShortSocketList()
                0x0202e344                SetSocketRxBuffers(int, int)
                0x0203042c                listen(unsigned long, unsigned short, unsigned char)
                0x0202da2c                HashSocketList::Init() const
                0x0202da44                ShortSocketList::GetFreeShort()
                0x0202d81c                GetSocketRemoteAddr(int)
                0x0202f734                HashSocketList::findsocket(unsigned short, unsigned short, unsigned long) const
                0x0202ded8                WaitForSocketFlush(int, unsigned long)
                0x0202da14                DumpTcpPacket(IPPKT*)
                0x02030534                RemoveFromUserCloseList(socket_struct*)
                0x0202d620                ValidateTCP(IPPKT*, unsigned short)
                0x0202f480                ShortSocketList::process(pool_buffer*, TCPPKT*, unsigned long) const
                0x0202d60c                socket_struct::SetState(int)
                0x0202e384                socket_struct::processoptions(pool_buffer*, TCPPKT*, IPPKT*)
                0x02030eb0                socket_struct::DoClose(int)
                0x02030340                GetFreeSocket()
                0x0202d87c                GetSocketLocalPort(int)
                0x0202f680                HashSocketList::AddSocket(socket_struct*) const
                0x0202db8c                ShortSocketList::FreeShort(ShortSocket*) const
                0x0202d8ac                socket_struct::CalcRTO(unsigned long)
                0x0202eca8                socket_struct::OpenWindow()
                0x0202ee14                SendTcpSynRst(IPPKT*)
                0x0202de88                TcpAllDataAcked(int)
                0x02030c08                clrsockoption(int, int)
                0x0202dd20                TcpGetSocketState(int)
                0x0202da04                DumpTcpDebug()
                0x0202d7ec                GetSocketLocalAddr(int)
                0x02031d14                socket_struct::process(pool_buffer*, TCPPKT*)
                0x0202dc7c                RegisterTCPReadNotify
                0x0202e844                socket_struct::SendState(unsigned short, pool_buffer*)
 *fill*         0x02032a76        0x2 00
 .text          0x02032a78      0x552 C:\Nburn/lib/NetBurner.a(http.o)
                0x02032a78                StartHTTP
                0x02032bb0                HttpMain(void*)
                0x02032abc                processHttpRequest(char**, char*, char*, int, HTTP_Request&)
 *fill*         0x02032fca        0x2 00
 .text          0x02032fcc      0xe8c C:\Nburn/lib/NetBurner.a(httpinternal.o)
                0x02033004                SetNewPostHandler
                0x02033734                BaseDoGet
                0x02033064                SetNewMultiPartHandler
                0x02033428                SendHTMLHeader
                0x02032fd4                append(char*&, char*)
                0x0203307c                SetNewMultiPartExtractHandler
                0x02033868                HTTP_Request::Respond(int)
                0x020335d0                writesafestring
                0x020336e0                ShowIPOnFd(int, unsigned long)
                0x02033368                SendGifHeader
                0x02033384                SendTextHeader
                0x0203301c                SetNewWSHandler(int (*)(HTTP_Request*, int, char*, char*))
                0x020333a0                BaseDoHead
                0x020332cc                NotFoundResponse
                0x02032ff8                BaseDoPost
                0x02033094                SetNewErrorHandler
                0x020330e4                ExtractPostData
                0x02033320                RedirectResponse
                0x020339d8                HTTP_Request::ProcessLine(char*)
                0x02033034                SetNewGetHandler
                0x02032fcc                StopHTTP
                0x02033278                ForbiddenResponse
                0x020330ac                InitHttp()
                0x0203304c                SetNewHeadHandler
                0x020334b8                writeallsafestring
                0x0203381c                SendHTMLHeaderWCookie
                0x02033444                BaseInterfaceOK(int, HTML_FILE_RECORD*)
 .text          0x02033e58       0x52 C:\Nburn/lib/NetBurner.a(httpstricmp.o)
                0x02033e58                httpstricmp
 *fill*         0x02033eaa        0x2 00
 .text          0x02033eac      0x6e4 C:\Nburn/lib/NetBurner.a(htmldecomp.o)
                0x02033f50                SendHtml(int, char*, int, char const*)
                0x02034228                SendData(HTML_FILE_RECORD*, int, char const*)
                0x020342e8                GetRecordFromName(char*)
                0x02033eac                SendHeader(int, char const*, int)
                0x020344b0                SendFullResponse(char*, int)
                0x02034368                SendFileFragment(char*, int, char const*)
                0x02033f44                SendCompressed(int, char*, int)
                0x020343d8                SendHeaderResponse(char*, int)
                0x02033f28                SendXMLHeader(int)
 .text          0x02034590      0x69e C:\Nburn/lib/NetBurner.a(iosys.o)
                0x020349cc                SetDataAvail
                0x0203486c                writeall
                0x020348cc                RawCheckSelects()
                0x02034978                SetHaveError
                0x02034a08                RemoveSelect(PendingSelect*)
                0x02034990                SetWriteAvail
                0x0203475c                ZeroWaitSelect
                0x02034a88                AddSelect(PendingSelect*)
                0x020346b0                FD_ISSET
                0x02034658                ClrDataAvail
                0x02034ae0                select
                0x02034640                ClrWriteAvail
                0x02034944                CheckSelects()
                0x02034810                writestring
                0x02034720                countbits(fd_set*)
                0x02034590                FD_OVERLAP(fd_set*, fd_set*)
                0x020347e0                dataavail
                0x020345cc                FD_ZERO
                0x02034670                FD_SET
                0x02034628                ClrHaveError
                0x020346fc                countdwbits(unsigned long)
                0x02034b80                ReadWithTimeout
                0x020345e4                FD_CLR
 *fill*         0x02034c2e        0x2 00
 .text          0x02034c30       0x26 C:\Nburn/lib/NetBurner.a(new_ops.o)
                0x02034c30                operator new(unsigned long)
 *fill*         0x02034c56        0x2 00
 .text          0x02034c58      0x71c C:\Nburn/lib/NetBurner.a(autoip.o)
                0x02034e94                AutoIPClient::AutoIPClient(int)
                0x02034d74                AutoIPClient::stop()
                0x020351c0                AutoIPClient::arpCheck()
                0x02034ce4                AutoIPClient::getNextTick()
                0x0203501c                AutoIPClient::announce()
                0x02034c98                AutoIPClient::addressCollision()
                0x02034cd4                AutoIPClient::getState()
                0x020350f8                AutoIPClient::startArp()
                0x0203531c                AutoIPClient::staticTimeTick()
                0x02034c58                AutoIPClient::start()
                0x02034f10                AutoIPClient::AutoIPClient(int)
                0x02034cf4                AutoIPClient::tickDelay(int)
                0x02034d1c                AutoIPClient::negotiate()
                0x02035060                AutoIPClient::setRNG()
                0x02034e30                AutoIPClient::~AutoIPClient()
                0x020352ac                AutoIPClient::timeTick()
                0x02034dac                AutoIPClient::restart()
                0x02034f8c                AddAutoIPInterface(int)
                0x02034dcc                AutoIPClient::~AutoIPClient()
                0x020350bc                AutoIPClient::generateNewIPAddr()
 .text          0x02035374     0x1f68 C:\Nburn/lib/NetBurner.a(dhcpc.o)
                0x020355e8                CompareChaddr(unsigned char*, unsigned char*)
                0x02035c68                DhcpObject::DhcpObject(int)
                0x02036e48                DhcpObject::RestartDHCP()
                0x02035b20                DhcpObject::StopBOOTP()
                0x02035b0c                DhcpObject::StopProcessing()
                0x020354ac                DHCPMessage::ResetBytes()
                0x02035514                DHCPMessage::SetRandomXid()
                0x02035b84                DhcpObject::~DhcpObject()
                0x0203729c                DhcpObject::staticDHCPTimer()
                0x020355cc                DHCPMessage::GetOptionData(unsigned char)
                0x02037170                DhcpObject::RenewDHCP()
                0x02036268                DHCPMessage::SendServerMsg(unsigned long, int)
                0x02035e10                DHCPMessage::MsgForInterface(int)
                0x0203678c                DhcpObject::StopDHCP()
                0x02036b08                All_GetDHCPAddressIfNecessary(bool)
                0x020369e4                DhcpObject::ReTransmitPacket(unsigned long)
                0x02035bf4                DhcpObject::UpdateIPRuntimeVars(unsigned char)
                0x02036ad8                DhcpObject::StartDHCP()
                0x02035be0                SetDHCPDiscoverSeconds(unsigned long)
                0x020370fc                DhcpObject::staticDHCPPacket(pool_buffer*)
                0x02035678                AddDhcpOptions(DHCPMessage&, int&)
                0x020367e4                DhcpObject::CreateDhcpRenewMsg(DHCPMessage&)
                0x02035444                DHCPMessage::CreateReply(unsigned long, unsigned long)
                0x02035624                ValidDhcpMsg(unsigned char*)
                0x02035d3c                DhcpObject::DhcpObject(int)
                0x02035b28                DhcpObject::~DhcpObject()
                0x020357d0                DhcpObject::DhcpConfig(DHCPMessage&)
                0x02036698                DhcpObject::CreateDhcpReleaseMsg(DHCPMessage&)
                0x02035ae0                DhcpObject::GetRemainingDhcpLeaseTime()
                0x02035550                DHCPMessage::GetOptionData(unsigned char, int&)
                0x02036ddc                GetDHCPAddressIfNecessary(int, bool)
                0x02035e48                DHCPMessage::DHCPMessage(unsigned char*)
                0x02036e74                __restartDHCP(DhcpObject*)
                0x0203719c                DhcpObject::DHCPTimer()
                0x02035374                DHCPMessage::DHCPMessage()
                0x02036cb8                GetDHCPAddress(int)
                0x02035e70                DHCPMessage::DHCPMessage(unsigned char*)
                0x02035ab4                DhcpObject::GetDHCPState()
                0x02035730                DhcpObject::BootpConfig(DHCPMessage&)
                0x02036aac                DhcpObject::StartBOOTP()
                0x02036350                CreateDhcpDiscoverMsg(DHCPMessage&, int)
                0x020362dc                DHCPMessage::SendMsg(unsigned long, int)
                0x02035474                DHCPMessage::ClearOptions()
                0x02035ac4                DhcpObject::ValidDhcpLease()
                0x02036e7c                DhcpObject::DHCPPacket(pool_buffer*)
                0x02036544                DhcpObject::CreateBootpMsg(DHCPMessage&)
                0x02035e98                CreateDhcpRequestMsg(DHCPMessage&, DHCPMessage&, int)
                0x020353dc                DHCPMessage::DHCPMessage()
                0x02037144                DhcpObject::RebindDHCP()
 .text          0x020372dc      0x4b2 C:\Nburn/lib/NetBurner.a(netinterface.o)
                0x020376c0                InitializeNetwork(void (*)(pool_buffer*, EFRAME*, unsigned short), void (*)(pool_buffer*, EFRAME*))
                0x02037394                InterfaceIP(int)
                0x02037488                GetEframe(pool_buffer*)
                0x02037660                SaveIfConfig(ConfigRecord*, int)
                0x02037554                RegisterMultiHomeInterface(_InterfaceBlock*)
                0x020372dc                GetFirstInterface()
                0x02037690                GetIfConfig(int)
                0x02037444                InterfaceMAC(int)
                0x02037340                GetInterFaceBlock(int)
                0x020373c0                InterfaceDNS(int)
                0x020373ec                InterfaceMASK(int)
                0x020372fc                GetnextInterface(int)
                0x0203772c                TransmitBuffer(pool_buffer*, int)
                0x020374f4                DisableMulticast(MACADR, int)
                0x020375bc                RegisterInterface(_InterfaceBlock*)
                0x0203749c                EnableMulticast(MACADR, int)
                0x0203762c                Removeinterface(int)
                0x0203754c                StopNetworks()
                0x0203736c                GetInterfaceNumber(_InterfaceBlock*)
                0x02037418                InterfaceGate(int)
 *fill*         0x0203778e        0x2 00
 .text          0x02037790      0x5c8 C:\Nburn/lib/NetBurner.a(taskmon.o)
                0x02037c98                ProcessTaskPacket(UDPPacket&, int)
                0x02037790                EnableTaskMonitor()
                0x020377a4                BufferDumpTCBState(os_tcb*)
 .text          0x02037d58     0x131e C:\Nburn/lib/NetBurner.a(smarttrap.o)
                0x02037d8c                EnableSmartTraps()
                0x02037e6c                WalkStack(os_tcb*, unsigned long, unsigned long)
                0x0203834c                smart_trap_asm
                0x0203816c                Local_OutTCBState(os_tcb*, unsigned long, unsigned long)
                0x02037d58                SafeRead(unsigned long)
                0x02037da8                Local_OutHex(unsigned long, int)
                0x02038344                Smart_Trap_Holder()
                0x02037e3c                Local_OutString(char const*)
                0x02037ee8                Local_ShowTaskName(os_tcb volatile*)
 *fill*         0x02039076        0x2 00
 .text          0x02039078      0x538 C:\Nburn/lib/NetBurner.a(autoupdate.o)
                0x02039500                ProcessAutoUpdatePacket(UDPPacket&)
                0x02039234                DoData(UDPPacket&)
                0x02039078                EnableAutoUpdate
                0x0203908c                DoReboot()
                0x020390bc                DoExecute(UDPPacket&, int)
                0x02039324                DoStart(UDPPacket&)
 .text          0x020395b0       0x52 C:\Nburn/lib/NetBurner.a(device.o)
                0x020395d0                DeviceInitializeSem
                0x020395b0                DeviceGetQspiSem()
                0x020395c0                DeviceGetI2cSem()
 *fill*         0x02039602        0x2 00
 .text          0x02039604     0x1948 C:\Nburn/lib/NetBurner.a(nbiprintf.o)
                0x02039b54                prespace(int, int, int, bool (*)(void*, char const*, int), void*, int&)
                0x02039688                decimallenull(unsigned long long)
                0x02039c54                NormalGetNextParamFunction(void*)
                0x02039604                decimallen(unsigned long)
                0x02039c68                CoreLongLongDec(unsigned long long, bool (*)(void*, char const*, int), void*, pfstate&)
                0x0203af30                putchars(void*, char const*, int)
                0x02039888                octlen(unsigned long)
                0x0203991c                binlen(unsigned long)
                0x0203af00                NB_internal_iprintf(bool (*)(void*, char const*, int), void*, unsigned long*)
                0x02039fe4                NB_internal_iprintf_ind(bool (*)(void*, char const*, int), void*, unsigned long (*)(void*), void*)
                0x0203af1c                iprintf
                0x02039c04                leadzero(int, int, int, bool (*)(void*, char const*, int), void*, int&)
                0x02039844                hexlenull(unsigned long long)
                0x02039bac                postspace(int, int, int, bool (*)(void*, char const*, int), void*, int&)
                0x02039e60                CoreDec(unsigned long, bool (*)(void*, char const*, int), void*, pfstate&)
                0x020397d8                hexlen(unsigned long)
                0x02039afc                Put20Chars(void*, bool (*)(void*, char const*, int), int, char const*)
 .text          0x0203af4c       0x26 C:\Nburn/lib/NetBurner.a(nbprintf.o)
                0x0203af4c                printf
 *fill*         0x0203af72        0x2 00
 .text          0x0203af74       0xda C:\Nburn/lib/NetBurner.a(nbsiprintf.o)
                0x0203af74                sniprintf
                0x0203afd8                putstrchars(void*, char const*, int)
                0x0203afa8                siprintf
 *fill*         0x0203b04e        0x2 00
 .text          0x0203b050       0x76 C:\Nburn/lib/NetBurner.a(nbsprintf.o)
                0x0203b050                snprintf
                0x0203b090                sprintf
 *fill*         0x0203b0c6        0x2 00
 .text          0x0203b0c8        0x0 C:\Nburn/lib/NetBurner.a(websocket_handler.o)
 .text          0x0203b0c8      0x6a0 C:\Nburn/lib/NetBurner.a(system.o)
                0x0203b460                UpdateConfigRecord_Num
                0x0203b11c                RawGetConfig
                0x0203b0c8                isvalidcr
                0x0203b624                SetupDialog
                0x0203b1d8                ReadLine
                0x0203b610                UpdateConfigRecord
                0x0203b148                GetValidConfig
                0x0203b3ac                IpQuestion
                0x0203b170                ShowChange
 .text          0x0203b768      0xd08 C:\Nburn/lib/NetBurner.a(utils.o)
                0x0203c1d8                fShowMac
                0x0203b9dc                FancyDump(unsigned char*, int)
                0x0203c30c                ShowCounters
                0x0203b808                ValidIPv4
                0x0203b924                convertHexAsciiToBinary
                0x0203bb9c                ShowData
                0x0203c234                snShowIP
                0x0203b768                kill
                0x0203c374                fShowCounters
                0x0203c198                fShowIP
                0x0203b778                _fini
                0x0203bb08                ShowIP
                0x0203b784                AsciiToIp
                0x0203c3ec                sShowCounters
                0x0203c2d8                DiagMenuPicker(int, unsigned char)
                0x0203bb44                ShowMac
                0x0203b88c                convertBinaryToHexAscii
                0x0203b9c4                __builtin_delete
                0x0203b770                _exit
                0x0203c278                snShowMac
 .text          0x0203c470      0x2b0 C:\Nburn/lib/NetBurner.a(extraio.o)
                0x0203c4a0                ExpandWrite(int, char const*, int)
                0x0203c6b0                GetExtraInterface
                0x0203c53c                GetExtraFDwIntf
                0x0203c4d0                ExpandClose(int)
                0x0203c500                InitExtras()
                0x0203c5e8                GetExtraFD
                0x0203c470                ExpandRead(int, char*, int)
                0x0203c6e4                GetFreeExtraFDCount
                0x0203c600                FreeExtraFd
                0x0203c644                GetExtraData
                0x0203c678                GetExtraExtraData
 .text          0x0203c720     0x139c C:\Nburn/lib/NetBurner.a(nbfloatprint.o)
                0x0203c720                ulldecimallen(unsigned long long)
                0x0203d1e0                OutputgFloat(bool (*)(void*, char const*, int), void*, double, pfstate&, g_counter&)
                0x0203d240                OutputEFloat(bool (*)(void*, char const*, int), void*, double, pfstate&, char)
                0x0203cdd4                OutputFFloat(bool (*)(void*, char const*, int), void*, double, pfstate&)
                0x0203d564                Get_g_len(double, pfstate&, g_counter&)
                0x0203cc64                Get_f_len(double, pfstate&)
                0x0203c934                Get_e_len(double, pfstate&)
                0x0203c9e8                pfdigit(int, bool (*)(void*, char const*, int), void*)
                0x0203ca20                printfraction(bool (*)(void*, char const*, int), void*, double, pfstate&)
                0x0203d5e0                TheFloatPrintf(char, bool (*)(void*, char const*, int), void*, double, pfstate&)
                0x0203cb1c                count_gstuff(void*, char const*, int)
 .text          0x0203dabc     0x1d76 C:\Nburn/lib/MOD5270.a(serial.o)
                0x0203f7b8                real_SER0_ISR
                0x0203dabc                WakeTx(int)
                0x0203df7c                Serial485ForceTxActive(int, int)
                0x0203eb9c                SerialClose
                0x0203eaac                SendBreak
                0x0203ece4                OpenSerial
                0x0203e590                GetUartErrorReg
                0x0203e84c                fShowSerialData(__sFILE*)
                0x0203ddac                fake_SER0_ISR()
                0x0203de94                fake_SER2_ISR()
                0x0203de04                SER1_ISR
                0x0203e724                SerialSendComplete
                0x0203dee8                SerialEnableTxFlow
                0x0203df30                SerialEnableRxFlow
                0x0203db54                DoSerIsr(int)
                0x0203e468                Serial485HalfDupMode
                0x0203de00                fake_SER1_ISR()
                0x0203e27c                SerialEnableHwRxFlow
                0x0203f350                serread
                0x0203f698                BasePutChar(int, unsigned char)
                0x0203f36c                BaseGetChar(int)
                0x0203f7f4                real_SER2_ISR
                0x0203f134                serreadwto
                0x0203f578                serwriteaddress
                0x0203de54                real_SER1_ISR
                0x0203f414                serwrite
                0x0203ecc0                serexternalclose
                0x0203ddb0                SER0_ISR
                0x0203de98                SER2_ISR
                0x0203e078                SerialEnableHwTxFlow
 *fill*         0x0203f832        0x2 00
 .text          0x0203f834     0x1486 C:\Nburn/lib/MOD5270.a(ethernet.o)
                0x0203ffac                AddEthernetInterface()
                0x0203fa18                StopEnet()
                0x0203fcc0                ResetEnet()
                0x0203fb58                FindSpeedDuplex()
                0x0203f834                read_eth_addr(MACADR*)
                0x02040060                WarmEnetReset()
                0x02040b0c                real_rxenetisr
                0x0203f860                fake_rxenetisr()
                0x0203f864                rxenetisr
                0x0203f8b4                fake_txenetisr()
                0x02040100                EnablePHY()
                0x0203fed4                EthMultifunc(MACADR, unsigned char)
                0x0203f908                GetMII(unsigned char, unsigned char)
                0x02040440                ProcessLinkStatus()
                0x020401b8                ResetEnetPart2()
                0x0203f8b8                txenetisr
                0x0203f98c                SetMII(unsigned char, unsigned char, unsigned short)
                0x0203fef0                InitializeEthernet()
                0x02040768                real_txenetisr
                0x0203fa48                DisablePHY()
                0x02040178                ManualEthernetConfig(unsigned char, unsigned char, unsigned char)
                0x0203fa88                FindPHYAddr()
                0x02040614                EthTransmitBuffer(pool_buffer*)
                0x02040960                Ether_ProcessTask(void*)
 *fill*         0x02040cba        0x2 00
 .text          0x02040cbc      0x152 C:\Nburn/lib/MOD5270.a(etherprint.o)
                0x02040cbc                EtherLink()
                0x02040cd0                EtherSpeed100()
                0x02040cf0                showBinary(unsigned short, unsigned short)
                0x02040d7c                showMii(unsigned char, unsigned char, char const*, unsigned short)
                0x02040ce0                EtherDuplex()
                0x02040de4                switchMiiPage(unsigned long)
 *fill*         0x02040e0e        0x2 00
 .text          0x02040e10      0x196 C:\Nburn/lib/MOD5270.a(emulticast.o)
                0x02040ef4                EthDisableMulticast(MACADR)
                0x02040e50                EthEnableMulticast(MACADR)
                0x02040e10                GetMultiCastCRC(MACADR)
 *fill*         0x02040fa6        0x2 00
 .text          0x02040fa8      0x1f2 C:\Nburn/lib/NetBurner.a(netrx.o)
                0x02040fa8                NetDoRX(pool_buffer*, unsigned short, int)
 *fill*         0x0204119a        0x2 00
 .text          0x0204119c        0x0 c:/nburn/gcc-m68k/bin/../lib/gcc/m68k-elf/4.2.1/../../../../m68k-elf/lib/m5206e\libstdc++.a(functexcept.o)
 .text          0x0204119c        0x0 c:/nburn/gcc-m68k/bin/../lib/gcc/m68k-elf/4.2.1/../../../../m68k-elf/lib/m5206e\libstdc++.a(ios_failure.o)
 .text          0x0204119c        0x0 c:/nburn/gcc-m68k/bin/../lib/gcc/m68k-elf/4.2.1/../../../../m68k-elf/lib/m5206e\libstdc++.a(stdexcept.o)
 .text          0x0204119c        0x0 c:/nburn/gcc-m68k/bin/../lib/gcc/m68k-elf/4.2.1/../../../../m68k-elf/lib/m5206e\libstdc++.a(tree.o)
 .text          0x0204119c        0x0 c:/nburn/gcc-m68k/bin/../lib/gcc/m68k-elf/4.2.1/../../../../m68k-elf/lib/m5206e\libstdc++.a(string-inst.o)
 .text          0x0204119c        0x0 c:/nburn/gcc-m68k/bin/../lib/gcc/m68k-elf/4.2.1/../../../../m68k-elf/lib/m5206e\libstdc++.a(eh_throw.o)
 .text          0x0204119c        0x0 c:/nburn/gcc-m68k/bin/../lib/gcc/m68k-elf/4.2.1/../../../../m68k-elf/lib/m5206e\libstdc++.a(new_handler.o)
 .text          0x0204119c        0x0 c:/nburn/gcc-m68k/bin/../lib/gcc/m68k-elf/4.2.1/../../../../m68k-elf/lib/m5206e\libstdc++.a(eh_globals.o)
 .text          0x0204119c        0x0 c:/nburn/gcc-m68k/bin/../lib/gcc/m68k-elf/4.2.1/../../../../m68k-elf/lib/m5206e\libstdc++.a(eh_exception.o)
 .text          0x0204119c        0x0 c:/nburn/gcc-m68k/bin/../lib/gcc/m68k-elf/4.2.1/../../../../m68k-elf/lib/m5206e\libstdc++.a(guard.o)
 .text          0x0204119c        0x0 c:/nburn/gcc-m68k/bin/../lib/gcc/m68k-elf/4.2.1/../../../../m68k-elf/lib/m5206e\libstdc++.a(eh_catch.o)
 .text          0x0204119c        0x0 c:/nburn/gcc-m68k/bin/../lib/gcc/m68k-elf/4.2.1/../../../../m68k-elf/lib/m5206e\libstdc++.a(eh_terminate.o)
 .text          0x0204119c        0x0 c:/nburn/gcc-m68k/bin/../lib/gcc/m68k-elf/4.2.1/../../../../m68k-elf/lib/m5206e\libstdc++.a(bad_typeid.o)
 .text          0x0204119c        0x0 c:/nburn/gcc-m68k/bin/../lib/gcc/m68k-elf/4.2.1/../../../../m68k-elf/lib/m5206e\libstdc++.a(del_op.o)
 .text          0x0204119c        0x0 c:/nburn/gcc-m68k/bin/../lib/gcc/m68k-elf/4.2.1/../../../../m68k-elf/lib/m5206e\libstdc++.a(class_type_info.o)
 .text          0x0204119c        0x0 c:/nburn/gcc-m68k/bin/../lib/gcc/m68k-elf/4.2.1/../../../../m68k-elf/lib/m5206e\libstdc++.a(eh_term_handler.o)
 .text          0x0204119c        0x0 c:/nburn/gcc-m68k/bin/../lib/gcc/m68k-elf/4.2.1/../../../../m68k-elf/lib/m5206e\libstdc++.a(eh_personality.o)
 .text          0x0204119c        0x0 c:/nburn/gcc-m68k/bin/../lib/gcc/m68k-elf/4.2.1/../../../../m68k-elf/lib/m5206e\libstdc++.a(pure.o)
 .text          0x0204119c        0x0 c:/nburn/gcc-m68k/bin/../lib/gcc/m68k-elf/4.2.1/../../../../m68k-elf/lib/m5206e\libstdc++.a(eh_alloc.o)
 .text          0x0204119c        0x0 c:/nburn/gcc-m68k/bin/../lib/gcc/m68k-elf/4.2.1/../../../../m68k-elf/lib/m5206e\libstdc++.a(bad_cast.o)
 .text          0x0204119c        0x0 c:/nburn/gcc-m68k/bin/../lib/gcc/m68k-elf/4.2.1/../../../../m68k-elf/lib/m5206e\libstdc++.a(eh_unex_handler.o)
 .text          0x0204119c        0x0 c:/nburn/gcc-m68k/bin/../lib/gcc/m68k-elf/4.2.1/../../../../m68k-elf/lib/m5206e\libstdc++.a(si_class_type_info.o)
 .text          0x0204119c        0x0 c:/nburn/gcc-m68k/bin/../lib/gcc/m68k-elf/4.2.1/../../../../m68k-elf/lib/m5206e\libstdc++.a(vterminate.o)
 .text          0x0204119c        0x0 c:/nburn/gcc-m68k/bin/../lib/gcc/m68k-elf/4.2.1/../../../../m68k-elf/lib/m5206e\libstdc++.a(eh_call.o)
 .text          0x0204119c     0x4ae6 c:/nburn/gcc-m68k/bin/../lib/gcc/m68k-elf/4.2.1/../../../../m68k-elf/lib/m5206e\libstdc++.a(cp-demangle.o)
                0x02045baa                __cxa_demangle
 *fill*         0x02045c82        0x2 00
 .text          0x02045c84        0x0 c:/nburn/gcc-m68k/bin/../lib/gcc/m68k-elf/4.2.1/../../../../m68k-elf/lib/m5206e\libstdc++.a(tinfo.o)
 .text          0x02045c84        0x0 c:/nburn/gcc-m68k/bin/../lib/gcc/m68k-elf/4.2.1/../../../../m68k-elf/lib/m5206e\libstdc++.a(eh_type.o)
 .text          0x02045c84       0x34 c:/nburn/gcc-m68k/bin/../lib/gcc/m68k-elf/4.2.1/../../../../m68k-elf/lib/m5206e\libm.a(lib_a-s_isnand.o)
                0x02045c84                __isnand
 .text          0x02045cb8      0x1b8 c:/nburn/gcc-m68k/bin/../lib/gcc/m68k-elf/4.2.1/../../../../m68k-elf/lib/m5206e\libm.a(lib_a-s_modf.o)
                0x02045cb8                modf
 .text          0x02045e70       0xf8 c:/nburn/gcc-m68k/bin/../lib/gcc/m68k-elf/4.2.1/../../../../m68k-elf/lib/m5206e\libm.a(lib_a-s_round.o)
                0x02045e70                round
 .text          0x02045f68      0x10a c:/nburn/gcc-m68k/bin/../lib/gcc/m68k-elf/4.2.1/../../../../m68k-elf/lib/m5206e\libm.a(lib_a-wf_asin.o)
                0x02045f68                asinf
 *fill*         0x02046072        0x2 00
 .text          0x02046074      0x6b0 c:/nburn/gcc-m68k/bin/../lib/gcc/m68k-elf/4.2.1/../../../../m68k-elf/lib/m5206e\libm.a(lib_a-wf_pow.o)
                0x02046074                powf
 .text          0x02046724      0x3fc c:/nburn/gcc-m68k/bin/../lib/gcc/m68k-elf/4.2.1/../../../../m68k-elf/lib/m5206e\libm.a(lib_a-ef_asin.o)
                0x02046724                __ieee754_asinf
 .text          0x02046b20      0xe36 c:/nburn/gcc-m68k/bin/../lib/gcc/m68k-elf/4.2.1/../../../../m68k-elf/lib/m5206e\libm.a(lib_a-ef_pow.o)
                0x02046b20                __ieee754_powf
 *fill*         0x02047956        0x2 00
 .text          0x02047958      0x110 c:/nburn/gcc-m68k/bin/../lib/gcc/m68k-elf/4.2.1/../../../../m68k-elf/lib/m5206e\libm.a(lib_a-ef_sqrt.o)
                0x02047958                __ieee754_sqrtf
 .text          0x02047a68       0x10 c:/nburn/gcc-m68k/bin/../lib/gcc/m68k-elf/4.2.1/../../../../m68k-elf/lib/m5206e\libm.a(lib_a-sf_fabs.o)
                0x02047a68                fabsf
 .text          0x02047a78       0x1c c:/nburn/gcc-m68k/bin/../lib/gcc/m68k-elf/4.2.1/../../../../m68k-elf/lib/m5206e\libm.a(lib_a-sf_finite.o)
                0x02047a78                finitef
 .text          0x02047a94       0x1c c:/nburn/gcc-m68k/bin/../lib/gcc/m68k-elf/4.2.1/../../../../m68k-elf/lib/m5206e\libm.a(lib_a-sf_isnan.o)
                0x02047a94                isnanf
 .text          0x02047ab0      0x192 c:/nburn/gcc-m68k/bin/../lib/gcc/m68k-elf/4.2.1/../../../../m68k-elf/lib/m5206e\libm.a(lib_a-sf_scalbn.o)
                0x02047ab0                scalbnf
 *fill*         0x02047c42        0x2 00
 .text          0x02047c44        0x0 c:/nburn/gcc-m68k/bin/../lib/gcc/m68k-elf/4.2.1/../../../../m68k-elf/lib/m5206e\libm.a(lib_a-s_lib_ver.o)
 .text          0x02047c44        0xa c:/nburn/gcc-m68k/bin/../lib/gcc/m68k-elf/4.2.1/../../../../m68k-elf/lib/m5206e\libm.a(lib_a-s_matherr.o)
                0x02047c44                matherr
 *fill*         0x02047c4e        0x2 00
 .text          0x02047c50      0x268 c:/nburn/gcc-m68k/bin/../lib/gcc/m68k-elf/4.2.1/../../../../m68k-elf/lib/m5206e\libm.a(lib_a-s_rint.o)
                0x02047c50                rint
 .text          0x02047eb8       0x1c c:/nburn/gcc-m68k/bin/../lib/gcc/m68k-elf/4.2.1/../../../../m68k-elf/lib/m5206e\libm.a(lib_a-sf_copysign.o)
                0x02047eb8                copysignf
 .text          0x02047ed4      0xba0 c:/nburn/gcc-m68k/bin/../lib/gcc/m68k-elf/4.2.1/m5206e\libgcc.a(_double.o)
                0x020489d2                __cmpdf2
                0x02047f34                __adddf3
                0x0204889c                __negdf2
                0x020485ac                __divdf3
                0x020488fa                __cmpdf2_internal
                0x020483d0                __muldf3
                0x02047f2e                __subdf3
 .text          0x02048a74      0x7ca c:/nburn/gcc-m68k/bin/../lib/gcc/m68k-elf/4.2.1/m5206e\libgcc.a(_float.o)
                0x02048ee6                __divsf3
                0x02048abc                __subsf3
                0x020490da                __negsf2
                0x020491cc                __cmpsf2
                0x0204912c                __cmpsf2_internal
                0x02048da4                __mulsf3
                0x02048ac2                __addsf3
 *fill*         0x0204923e        0x2 00
 .text          0x02049240       0x74 c:/nburn/gcc-m68k/bin/../lib/gcc/m68k-elf/4.2.1/m5206e\libgcc.a(_floatex.o)
                0x0204924c                $_exception_handler
                0x02049240                __clear_sticky_bit
 .text          0x020492b4       0x22 c:/nburn/gcc-m68k/bin/../lib/gcc/m68k-elf/4.2.1/m5206e\libgcc.a(_eqdf2.o)
                0x020492b4                __eqdf2
 *fill*         0x020492d6        0x2 00
 .text          0x020492d8       0x22 c:/nburn/gcc-m68k/bin/../lib/gcc/m68k-elf/4.2.1/m5206e\libgcc.a(_nedf2.o)
                0x020492d8                __nedf2
 *fill*         0x020492fa        0x2 00
 .text          0x020492fc       0x22 c:/nburn/gcc-m68k/bin/../lib/gcc/m68k-elf/4.2.1/m5206e\libgcc.a(_gtdf2.o)
                0x020492fc                __gtdf2
 *fill*         0x0204931e        0x2 00
 .text          0x02049320       0x22 c:/nburn/gcc-m68k/bin/../lib/gcc/m68k-elf/4.2.1/m5206e\libgcc.a(_gedf2.o)
                0x02049320                __gedf2
 *fill*         0x02049342        0x2 00
 .text          0x02049344       0x22 c:/nburn/gcc-m68k/bin/../lib/gcc/m68k-elf/4.2.1/m5206e\libgcc.a(_ltdf2.o)
                0x02049344                __ltdf2
 *fill*         0x02049366        0x2 00
 .text          0x02049368       0x1a c:/nburn/gcc-m68k/bin/../lib/gcc/m68k-elf/4.2.1/m5206e\libgcc.a(_eqsf2.o)
                0x02049368                __eqsf2
 *fill*         0x02049382        0x2 00
 .text          0x02049384       0x1a c:/nburn/gcc-m68k/bin/../lib/gcc/m68k-elf/4.2.1/m5206e\libgcc.a(_gtsf2.o)
                0x02049384                __gtsf2
 *fill*         0x0204939e        0x2 00
 .text          0x020493a0       0x1a c:/nburn/gcc-m68k/bin/../lib/gcc/m68k-elf/4.2.1/m5206e\libgcc.a(_gesf2.o)
                0x020493a0                __gesf2
 *fill*         0x020493ba        0x2 00
 .text          0x020493bc       0x1a c:/nburn/gcc-m68k/bin/../lib/gcc/m68k-elf/4.2.1/m5206e\libgcc.a(_ltsf2.o)
                0x020493bc                __ltsf2
 *fill*         0x020493d6        0x2 00
 .text          0x020493d8       0x1a c:/nburn/gcc-m68k/bin/../lib/gcc/m68k-elf/4.2.1/m5206e\libgcc.a(_lesf2.o)
                0x020493d8                __lesf2
 *fill*         0x020493f2        0x2 00
 .text          0x020493f4       0x58 c:/nburn/gcc-m68k/bin/../lib/gcc/m68k-elf/4.2.1/m5206e\libgcc.a(_fixunssfsi.o)
                0x020493f4                __fixunssfsi
 .text          0x0204944c       0x7a c:/nburn/gcc-m68k/bin/../lib/gcc/m68k-elf/4.2.1/m5206e\libgcc.a(_fixunsdfsi.o)
                0x0204944c                __fixunsdfsi
 *fill*         0x020494c6        0x2 00
 .text          0x020494c8       0x5c c:/nburn/gcc-m68k/bin/../lib/gcc/m68k-elf/4.2.1/m5206e\libgcc.a(_fixdfdi.o)
                0x020494c8                __fixdfdi
 .text          0x02049524       0x88 c:/nburn/gcc-m68k/bin/../lib/gcc/m68k-elf/4.2.1/m5206e\libgcc.a(_fixunsdfdi.o)
                0x02049524                __fixunsdfdi
 .text          0x020495ac      0x4f6 c:/nburn/gcc-m68k/bin/../lib/gcc/m68k-elf/4.2.1/m5206e\libgcc.a(_udivdi3.o)
                0x020495ac                __udivdi3
 *fill*         0x02049aa2        0x2 00
 .text          0x02049aa4      0x4f8 c:/nburn/gcc-m68k/bin/../lib/gcc/m68k-elf/4.2.1/m5206e\libgcc.a(_umoddi3.o)
                0x02049aa4                __umoddi3
 .text          0x02049f9c      0x49a c:/nburn/gcc-m68k/bin/../lib/gcc/m68k-elf/4.2.1/m5206e\libgcc.a(fpgnulib.o)
                0x0204a41c                __fixsfsi
                0x0204a104                __floatsidf
                0x0204a1da                __extendsfdf2
                0x0204a092                __floatunsidf
                0x0204a39c                __fixdfsi
                0x0204a1c0                __floatsisf
                0x0204a274                __truncdfsf2
                0x02049f9c                __unordsf2
                0x0204a1a6                __floatunsisf
                0x02049ffe                __unorddf2
 *fill*         0x0204a436        0x2 00
 .text          0x0204a438     0x1f0e c:/nburn/gcc-m68k/bin/../lib/gcc/m68k-elf/4.2.1/m5206e\libgcc.a(unwind-dw2.o)
                0x0204a7da                _Unwind_GetIPInfo
                0x0204a4be                _Unwind_GetIP
                0x0204c1aa                _Unwind_Resume_or_Rethrow
                0x0204a4f0                _Unwind_GetRegionStart
                0x0204beb2                _Unwind_Backtrace
                0x0204a4ae                _Unwind_GetCFA
                0x0204b0a8                __frame_state_for
                0x0204c238                _Unwind_Resume
                0x0204a520                _Unwind_DeleteException
                0x0204bfce                _Unwind_RaiseException
                0x0204a4ce                _Unwind_SetIP
                0x0204a510                _Unwind_GetTextRelBase
                0x0204a7b6                _Unwind_FindEnclosingFunction
                0x0204a4e0                _Unwind_GetLanguageSpecificData
                0x0204c2be                _Unwind_ForcedUnwind
                0x0204a53e                _Unwind_SetGR
                0x0204a5a4                _Unwind_GetGR
                0x0204a500                _Unwind_GetDataRelBase
 *fill*         0x0204c346        0x2 00
 .text          0x0204c348     0x126c c:/nburn/gcc-m68k/bin/../lib/gcc/m68k-elf/4.2.1/m5206e\libgcc.a(unwind-dw2-fde.o)
                0x0204d466                _Unwind_Find_FDE
                0x0204cc5c                __register_frame
                0x0204cc3a                __register_frame_table
                0x0204c3be                __register_frame_info_bases
                0x0204d39e                __deregister_frame_info
                0x0204d2e0                __deregister_frame_info_bases
                0x0204c42a                __register_frame_info_table_bases
                0x0204d3a8                __deregister_frame
                0x0204c47c                __register_frame_info_table
                0x0204c40e                __register_frame_info
 .text          0x0204d5b4        0x0 c:/nburn/gcc-m68k/bin/../lib/gcc/m68k-elf/4.2.1/m5206e\libgcc.a(_clz.o)
 .text          0x0204d5b4       0x18 c:/nburn/gcc-m68k/bin/../lib/gcc/m68k-elf/4.2.1/../../../../m68k-elf/lib/m5206e\libc.a(lib_a-abort.o)
                0x0204d5b4                abort
 .text          0x0204d5cc       0x14 c:/nburn/gcc-m68k/bin/../lib/gcc/m68k-elf/4.2.1/../../../../m68k-elf/lib/m5206e\libc.a(lib_a-atof.o)
                0x0204d5cc                atof
 .text          0x0204d5e0       0x34 c:/nburn/gcc-m68k/bin/../lib/gcc/m68k-elf/4.2.1/../../../../m68k-elf/lib/m5206e\libc.a(lib_a-atoi.o)
                0x0204d5e0                _atoi_r
                0x0204d5fc                atoi
 .text          0x0204d614       0x64 c:/nburn/gcc-m68k/bin/../lib/gcc/m68k-elf/4.2.1/../../../../m68k-elf/lib/m5206e\libc.a(lib_a-bsearch.o)
                0x0204d614                bsearch
 .text          0x0204d678        0x0 c:/nburn/gcc-m68k/bin/../lib/gcc/m68k-elf/4.2.1/../../../../m68k-elf/lib/m5206e\libc.a(lib_a-ctype_.o)
 .text          0x0204d678       0x1e c:/nburn/gcc-m68k/bin/../lib/gcc/m68k-elf/4.2.1/../../../../m68k-elf/lib/m5206e\libc.a(lib_a-cxa_atexit.o)
                0x0204d678                __cxa_atexit
 *fill*         0x0204d696        0x2 00
 .text          0x0204d698       0x5e c:/nburn/gcc-m68k/bin/../lib/gcc/m68k-elf/4.2.1/../../../../m68k-elf/lib/m5206e\libc.a(lib_a-div.o)
                0x0204d698                div
 *fill*         0x0204d6f6        0x2 00