Archive member included because of file (symbol)

C:\Nburn/lib/MOD5270.a(bsp.o)
                              c:/nburn/gcc-m68k/bin/../lib/gcc/m68k-elf/4.2.1/../../../../m68k-elf/lib/m5206e\nb-crt0.o (atexit)
C:\Nburn/lib/MOD5270.a(ioboard.o)
                              observations.o (getdipsw)
C:\Nburn/lib/MOD5270.a(pins.o)
                              argus_io.o (PinIO::set(unsigned char))
C:\Nburn/lib/MOD5270.a(i2cmulti.o)
                              argus_io.o (Multi_I2CReadBuf)
C:\Nburn/lib/NetBurner.a(ucosmcfa.o)
                              C:\Nburn/lib/MOD5270.a(bsp.o) (OSCtxSw)
C:\Nburn/lib/NetBurner.a(software_init.o)
                              c:/nburn/gcc-m68k/bin/../lib/gcc/m68k-elf/4.2.1/../../../../m68k-elf/lib/m5206e\nb-crt0.o (software_init_hook)
C:\Nburn/lib/NetBurner.a(ucosmcfc.o)
                              services.o (OSTaskCreate)
C:\Nburn/lib/NetBurner.a(ucos.o)
                              C:\Nburn/lib/NetBurner.a(ucosmcfc.o) (OSSched)
C:\Nburn/lib/NetBurner.a(ucosmain.o)
                              C:\Nburn/lib/MOD5270.a(i2cmulti.o) (critical_count)
C:\Nburn/lib/NetBurner.a(fileio.o)
                              C:\Nburn/lib/NetBurner.a(ucosmain.o) (ioctl)
C:\Nburn/lib/NetBurner.a(userparam.o)
                              utils.o (GetUserParameters)
C:\Nburn/lib/NetBurner.a(main.o)
                              c:/nburn/gcc-m68k/bin/../lib/gcc/m68k-elf/4.2.1/../../../../m68k-elf/lib/m5206e\nb-crt0.o (main)
C:\Nburn/lib/NetBurner.a(ip.o)
                              main.o (InitializeStack(unsigned long, unsigned long, unsigned long, unsigned long))
C:\Nburn/lib/NetBurner.a(buffers.o)
                              C:\Nburn/lib/NetBurner.a(ip.o) (FreeBuffer)
C:\Nburn/lib/NetBurner.a(arp.o)
                              C:\Nburn/lib/NetBurner.a(ip.o) (wArpLifetime)
C:\Nburn/lib/NetBurner.a(udp.o)
                              services.o (UDPPacket::SetSourcePort(unsigned short))
C:\Nburn/lib/NetBurner.a(tcp.o)
                              C:\Nburn/lib/NetBurner.a(ip.o) (DumpTcpPacket(IPPKT*))
C:\Nburn/lib/NetBurner.a(http.o)
                              main.o (StartHTTP)
C:\Nburn/lib/NetBurner.a(httpinternal.o)
                              C:\Nburn/lib/NetBurner.a(http.o) (TheErrorHandler)
C:\Nburn/lib/NetBurner.a(httpstricmp.o)
                              C:\Nburn/lib/NetBurner.a(httpinternal.o) (httpstricmp)
C:\Nburn/lib/NetBurner.a(htmldecomp.o)
                              C:\Nburn/lib/NetBurner.a(httpinternal.o) (SendHeaderResponse(char*, int))
C:\Nburn/lib/NetBurner.a(iosys.o)
                              C:\Nburn/lib/NetBurner.a(tcp.o) (FD_ZERO)
C:\Nburn/lib/NetBurner.a(new_ops.o)
                              services.o (operator new(unsigned long))
C:\Nburn/lib/NetBurner.a(autoip.o)
                              C:\Nburn/lib/NetBurner.a(arp.o) (AutoIPClient::addressCollision())
C:\Nburn/lib/NetBurner.a(dhcpc.o)
                              main.o (GetDHCPAddress(int))
C:\Nburn/lib/NetBurner.a(netinterface.o)
                              C:\Nburn/lib/NetBurner.a(ip.o) (GetFirstInterface())
C:\Nburn/lib/NetBurner.a(taskmon.o)
                              main.o (EnableTaskMonitor())
C:\Nburn/lib/NetBurner.a(smarttrap.o)
                              main.o (EnableSmartTraps())
C:\Nburn/lib/NetBurner.a(autoupdate.o)
                              main.o (EnableAutoUpdate)
C:\Nburn/lib/NetBurner.a(device.o)
                              C:\Nburn/lib/NetBurner.a(main.o) (DeviceInitializeSem)
C:\Nburn/lib/NetBurner.a(nbiprintf.o)
                              utils.o (iprintf)
C:\Nburn/lib/NetBurner.a(nbprintf.o)
                              argus_io.o (printf)
C:\Nburn/lib/NetBurner.a(nbsiprintf.o)
                              utils.o (siprintf)
C:\Nburn/lib/NetBurner.a(nbsprintf.o)
                              control.o (sprintf)
C:\Nburn/lib/NetBurner.a(websocket_handler.o)
                              C:\Nburn/lib/NetBurner.a(httpinternal.o) (TheWSHandler)
C:\Nburn/lib/NetBurner.a(system.o)
                              C:\Nburn/lib/NetBurner.a(udp.o) (isvalidcr)
C:\Nburn/lib/NetBurner.a(utils.o)
                              C:\Nburn/lib/NetBurner.a(system.o) (AsciiToIp)
C:\Nburn/lib/NetBurner.a(extraio.o)
                              C:\Nburn/lib/NetBurner.a(httpinternal.o) (GetExtraInterface)
C:\Nburn/lib/NetBurner.a(nbfloatprint.o)
                              C:\Nburn/lib/NetBurner.a(nbprintf.o) (TheFloatPrintf(char, bool (*)(void*, char const*, int), void*, double, pfstate&))
C:\Nburn/lib/MOD5270.a(serial.o)
                              C:\Nburn/lib/NetBurner.a(fileio.o) (SerialClose)
C:\Nburn/lib/MOD5270.a(ethernet.o)
                              C:\Nburn/lib/NetBurner.a(netinterface.o) (AddEthernetInterface())
C:\Nburn/lib/MOD5270.a(etherprint.o)
                              C:\Nburn/lib/MOD5270.a(ethernet.o) (EtherLink())
C:\Nburn/lib/MOD5270.a(emulticast.o)
[...]
Memory Configuration

Name             Origin             Length             Attributes
ram              0x02000000         0x00200000         xrw
SRAM             0x20000400         0x0000fc00         xrw
*default*        0x00000000         0xffffffff

Linker script and memory map

LOAD c:/nburn/gcc-m68k/bin/../lib/gcc/m68k-elf/4.2.1/../../../../m68k-elf/lib/m5206e\nb-crt0.o
LOAD c:/nburn/gcc-m68k/bin/../lib/gcc/m68k-elf/4.2.1/m5206e/crtbegin.o
LOAD utils.o
LOAD services.o
LOAD observations.o
LOAD obs.o
LOAD main.o
LOAD io.o
LOAD dhtml.o
LOAD data.o
LOAD control.o
LOAD boot.o
LOAD argus_io.o
LOAD argus_control.o
LOAD htmldata.o
LOAD C:\Nburn/MOD5270/lib/sys.ld
                0x20000000                vector_base = 0x20000000
                0x20010000                SRAM_END_ADDR = 0x20010000
                0x40000000                sim = 0x40000000
                0xffc04000                gConfigRec = 0xffc04000
                0xffc06000                UserParamBase = 0xffc06000
                0xffc00008                _RESET_ADDR = 0xffc00008
                0xffc08000                FlashAppBase = 0xffc08000
START GROUP
LOAD C:\Nburn/lib/MOD5270.a
LOAD C:\Nburn/lib/NetBurner.a
LOAD C:\Nburn/lib/FatFile.a
LOAD C:\Nburn\lib\debugLibrary.a
END GROUP
LOAD c:/nburn/gcc-m68k/bin/../lib/gcc/m68k-elf/4.2.1/../../../../m68k-elf/lib/m5206e\libstdc++.a
LOAD c:/nburn/gcc-m68k/bin/../lib/gcc/m68k-elf/4.2.1/../../../../m68k-elf/lib/m5206e\libm.a
LOAD c:/nburn/gcc-m68k/bin/../lib/gcc/m68k-elf/4.2.1/m5206e\libgcc.a
LOAD c:/nburn/gcc-m68k/bin/../lib/gcc/m68k-elf/4.2.1/../../../../m68k-elf/lib/m5206e\libc.a
LOAD c:/nburn/gcc-m68k/bin/../lib/gcc/m68k-elf/4.2.1/m5206e\libgcc.a
LOAD c:/nburn/gcc-m68k/bin/../lib/gcc/m68k-elf/4.2.1/m5206e/crtend.o
START GROUP
LOAD c:/nburn/gcc-m68k/bin/../lib/gcc/m68k-elf/4.2.1/../../../../m68k-elf/lib/m5206e\libc.a
LOAD c:/nburn/gcc-m68k/bin/../lib/gcc/m68k-elf/4.2.1/m5206e\libgcc.a
LOAD c:/nburn/gcc-m68k/bin/../lib/gcc/m68k-elf/4.2.1/../../../../m68k-elf/lib/m5206e\libm.a
END GROUP
                0x00000000                __DYNAMIC = 0x0
                0x02200000                PROVIDE (__stack, 0x2200000)
                0x00000000                PROVIDE (hardware_init_hook, 0x0)
                0x00000000                PROVIDE (_hardware_init_hook, 0x0)
                0x00000000                PROVIDE (software_init_hook, 0x0)
                0x00000000                PROVIDE (_software_init_hook, 0x0)

.SRAM_SECT      0x20000400     0x8910
                0x20000400                SRAM_START = .
 *(SYS_VAR_SECT)
 SYS_VAR_SECT   0x20000400      0x238 C:\Nburn/lib/NetBurner.a(ucos.o)
                0x2000052c                TimeTick
                0x2000051c                OSLockNesting
                0x20000526                OSRunning
                0x20000508                OSTCBList
                0x20000530                OSMapTbl
                0x20000528                Secs
                0x20000514                OSTCBFreeList
                0x20000524                OSISRLevel
                0x20000510                OSTCBHighRdy
                0x20000520                OSRdyGrp
                0x20000538                OSUnMapTbl
                0x20000500                OSRdyTbl
                0x20000518                OSIntNesting
                0x2000050c                OSTCBCur
                0x20000400                OSTCBPrioTbl
 SYS_VAR_SECT   0x20000638      0x1ac C:\Nburn/lib/NetBurner.a(ucosmain.o)
                0x20000638                OSTcbStructSize
                0x20000650                critical_count
                0x20000654                OSTCBTbl
 SYS_VAR_SECT   0x200007e4       0x1c C:\Nburn/lib/NetBurner.a(fileio.o)
                0x200007f0                pExtraFdFunc
                0x200007f4                fd_map
 SYS_VAR_SECT   0x20000800       0x20 C:\Nburn/lib/NetBurner.a(iosys.o)
                0x20000800                read_file_sets
                0x20000810                error_file_sets
                0x20000808                write_file_sets
                0x20000820                SYS_VAR_SECT_END = .
                0x20000820                . = ALIGN (0x10)
 *(IDLE_STK_SECT)
                0x20000820                IDLE_STK_SECT_END = .
                0x20000820                . = ALIGN (0x10)
 *(MAIN_STK_SECT)
 MAIN_STK_SECT  0x20000820     0x2000 C:\Nburn/lib/NetBurner.a(main.o)
                0x20000820                MainStk
                0x20002820                MAIN_STK_SECT_END = .
                0x20002820                . = ALIGN (0x4)
 *(ETHER_VAR_SECT)
 ETHER_VAR_SECT
                0x20002820      0x128 C:\Nburn/lib/MOD5270.a(ethernet.o)
                0x200028f6                TxcPosts
                0x200028fa                TxcSems
                0x20002820                EthernetMac
                0x200028ee                LastIsrStatus
                0x20002912                MIILockOut
                0x20002850                RxBD
                0x200028e0                TxBDFlag
                0x200028fe                RxIsr
                0x2000291a                PHY_addr
                0x200028f2                RxPosts
                0x20002916                phy_data
                0x20002920                PHY_ID
                0x2000291c                PHY_OUI_ID
                0x2000290a                bEthLink
                0x2000290e                bEverHadLink
                0x200028d4                RxBDFlag
                0x200028ea                last_rxbd
                0x20002906                bEthAutoNeg
                0x200028a0                RxBDpp
                0x20002924                last_phy_read
                0x20002826                nTx
                0x20002902                TxIsr
                0x200028c8                TxBDpp
                0x20002830                TxBD
                0x20002948                ETHER_VAR_SECT_END = .
                0x20002950                . = ALIGN (0x10)
 *fill*         0x20002948        0x8 00
 *(ETHER_STK_SECT)
 ETHER_STK_SECT
                0x20002950     0x2000 C:\Nburn/lib/MOD5270.a(ethernet.o)
                0x20002950                EtherSendStk
                0x20004950                ETHER_STK_SECT_END = .
                0x20004950                . = ALIGN (0x4)
 *(IP_VAR_SECT)
 IP_VAR_SECT    0x20004950      0x2fe C:\Nburn/lib/NetBurner.a(ip.o)
                0x2000496e                pDHCPServerTick
                0x20004952                bTTL_Default
                0x20004c46                next_arp_time
                0x20004954                ipRxFifo
                0x2000498a                multi_home_if_record
                0x20004966                IcmpFifo
                0x20004986                nAdditional_Homes
                0x20004950                wGlobalPktId
                0x2000497a                pPromisciousPacketFunc
                0x20004982                pFragFunc
                0x2000497e                pMultiCastFunc
                0x20004c4a                delay
                0x20004976                pAutoIPTick
                0x20004972                pMultiTick
                0x2000496a                pDHCPTick
                0x200049b2                multi_if_block
 IP_VAR_SECT    0x20004c4e       0x78 C:\Nburn/lib/NetBurner.a(udp.o)
                0x20004cc2                UdpNetbiosNameServicePtr
                0x20004cba                pDHCPServerProcessFunction
                0x20004c4e                udp_fifos
                0x20004cb6                pDHCPProcessFunction
                0x20004cbe                pTaskPacketFunc
                0x20004cb2                UDP_fifos_used
                0x20004cc6                IP_VAR_SECT_END = .
                0x20004cd0                . = ALIGN (0x10)
 *fill*         0x20004cc6        0xa 00
 *(IP_STK_SECT)
 IP_STK_SECT    0x20004cd0     0x2000 C:\Nburn/lib/NetBurner.a(ip.o)
                0x20004cd0                IPStk
                0x20006cd0                IP_STK_SECT_END = .
                0x20006cd0                . = ALIGN (0x4)
 *(TCP_VAR_SECT)
 TCP_VAR_SECT   0x20006cd0       0x1e C:\Nburn/lib/NetBurner.a(tcp.o)
                0x20006ce0                TCP_TimerSemaphore
                0x20006cd0                TCP_critical_section
                0x20006cee                TCP_VAR_SECT_END = .
                0x20006cf0                . = ALIGN (0x10)
 *fill*         0x20006cee        0x2 00
 *(TCP_STK_SECT)
 TCP_STK_SECT   0x20006cf0     0x2000 C:\Nburn/lib/NetBurner.a(tcp.o)
                0x20006cf0                TCPStk
                0x20008cf0                TCP_STK_SECT_END = .
                0x20008cf0                . = ALIGN (0x10)
 *(HTTP_STK_SECT)
                0x20008cf0                HTTP_STK_SECT_END = .
                0x20008cf0                . = ALIGN (0x10)
 *(FTP_STK_SECT)
                0x20008cf0                FTP_STK_SECT_END = .
                0x20008cf0                . = ALIGN (0x10)
 *(WIFI_STK_SECT)
                0x20008cf0                WIFI_STK_SECT_END = .
                0x20008cf0                . = ALIGN (0x10)
 *(PPP_STK_SECT)
                0x20008cf0                PPP_STK_SECT_END = .
                0x20008cf0                . = ALIGN (0x10)
 *(COMMAND_STK_SECT)
                0x20008cf0                COMMAND_STK_SECT_END = .
                0x20008cf0                . = ALIGN (0x4)
 *(USER_VAR_SECT)
                0x20008cf0                USER_VAR_SECT_END = .
                0x20008cf0                . = ALIGN (0x10)
 *(USER_STK_SECT)
                0x20008cf0                USER_STK_SECT_END = .
                0x20008cf0                . = ALIGN (0x4)
 *(TLS_VAR_SECT)
                0x20008cf0                TLS_VAR_SECT_END = .
                0x20008cf0                BUFFERS_SECT_START = .
                0x20008cf0                . = ALIGN (0x10)
 *(BUFFERS_VAR_SECT)
 BUFFERS_VAR_SECT
                0x20008cf0       0x1c C:\Nburn/lib/NetBurner.a(buffers.o)
                0x20008cf0                FAST_BUFFER_POOL_SIZE
                0x20008cfe                free_fast_list
                0x20008d08                free_list_is_initialized
                0x20008cf4                free_list
                0x20008d10                . = ALIGN (0x10)
 *fill*         0x20008d0c        0x4 00
                0x20008d10                BUFFERS_VAR_SECT_END = .
                0x20008d10                . = ALIGN (0x10)
                0x20008d10                SRAM_END = .

.text           0x02000000    0x7ed10
 *(.text)
 .text          0x02000000       0xaa c:/nburn/gcc-m68k/bin/../lib/gcc/m68k-elf/4.2.1/../../../../m68k-elf/lib/m5206e\nb-crt0.o
                0x02000000                start
 *fill*         0x020000aa        0x2 00
 .text          0x020000ac       0x9c c:/nburn/gcc-m68k/bin/../lib/gcc/m68k-elf/4.2.1/m5206e/crtbegin.o
 .text          0x02000148      0x9ca utils.o
                0x02000800                zpec_change_prio
                0x02000760                zpec_version
                0x02000678                zpec_write_if_full
                0x0200095c                zpec_parse_spec
                0x02000a40                zpec_writeFlash
                0x02000854                zpec_interrupt
                0x02000148                zpec_usleep
                0x020002c4                zpec_iptostr
                0x02000aa4                zpec_readFlash
                0x020001f0                zpec_severity
                0x020008bc                zpec_print_fixed
                0x0200038c                zpec_write_retry
                0x02000514                zpec_write_strcpy
                0x02000308                zpec_log
                0x02000290                zpec_log10_fix16
                0x02000240                zpec_log2_fix16
                0x02000af0                zpec_getSerialNo
 *fill*         0x02000b12        0x2 00
 .text          0x02000b14     0x1ac2 services.o
                0x02001aa4                MessageService::handleClient(Client*)
                0x02000bf8                MonitorService::handleRequest(TcpClient*, char*)
                0x02002324                ControlService::handleClient(Client*)
                0x02001708                TcpService::offerService()
                0x02000ff8                Service::readLine(char*, unsigned int, int, bool)
                0x02001cd0                UdpService::offerService()
                0x02000b14                Service::serviceTask(void*)
                0x02001624                Service::createServer(Client*)
                0x02001134                SimpleTcpService::handleClient(Client*)
                0x0200131c                Service::serverTask(void*)
                0x02002208                MessageService::post(char const*)
                0x02000e34                UdpService::send(void const*, unsigned short, unsigned long, unsigned short)
                0x020011e4                Service::closeClient(Client*)
                0x020013d8                Service::openClient(Client*)
                0x02000ebc                Service::start()
                0x02000d0c                DataService::handleRequest(TcpClient*, char*)
                0x020022d8                zpec_post_msg
 *fill*         0x020025d6        0x2 00
 .text          0x020025d8      0x6aa observations.o
                0x02002c18                StatsObservation::computeStats()
                0x020025d8                StatsObservation::mul_64bit(unsigned int*, unsigned int, unsigned int)
                0x0200289c                StatsObservation::computeMean(int, unsigned int)
                0x02002aac                BasicObservation::processFrame(long const*, long const*)
                0x02002984                PutDispDecimal(unsigned short, unsigned char)
                0x02002b98                StatsObservation::processFrame(long const*, long const*)
                0x02002910                ScopeObservation::processFrame(long const*, long const*)
                0x02002728                StatsObservation::computeVar(int, int, int, unsigned int)
                0x02002680                StatsObservation::div_64bit(unsigned int*, unsigned int const*, unsigned int)
 *fill*         0x02002c82        0x2 00
 .text          0x02002c84     0x3ace obs.o
                0x02003144                Correlator::readADCs(Observation*, unsigned int, Correlator::argument_type&, char*, unsigned int)
                0x02003cb8                Correlator::findCounts(char*, unsigned int*, BasicObservation*, int, unsigned int, unsigned int, int)
                0x02004660                Correlator::execScopeObs(char*, Correlator::argument_type)
                0x020061b4                Correlator::execDiodeObs(char*, Correlator::argument_type)
                0x02005cb8                Correlator::execTotalPower(char*, Correlator::argument_type)
                0x02003e0c                Correlator::execLevel(char*, Correlator::argument_type)
                0x02002c84                Correlator::setIntegStatus(char*, unsigned int, unsigned int, bool)
                0x02004af8                Correlator::execStatsObs(char*, Correlator::argument_type)
                0x020056f0                Correlator::execZero(char*, Correlator::argument_type)
                0x02002f98                Correlator::collateData(LagData const&, unsigned int)
 *fill*         0x02006752        0x2 00
 .text          0x02006754     0x5272 main.o
                0x02007020                initCommandShell()
                0x0200b93c                UserMain
                0x02006754                startNetwork()
 *fill*         0x0200b9c6        0x2 00
 .text          0x0200b9c8     0x111e io.o
                0x0200ba48                zpec_disable_irq
                0x0200bb88                cpld_get_bit
                0x0200c0d8                cpld_read_mon_adc
                0x0200bbf0                zpec_mode_name
                0x0200ba1c                zpec_enable_irq
                0x0200bb18                cpld_set_bit
                0x0200ba74                zpec_setup_irq
                0x0200b9c8                fake_ADC_isr
                0x0200bc64                cpld_set_atten
                0x0200bbb4                Ipow
                0x0200c5e0                zpec_setup_watchdog
                0x0200baf4                zpec_setup_mmap
                0x0200b9cc                ADC_isr
                0x0200bdc4                cpld_init_corl_adc
                0x0200c654                real_ADC_isr
 *fill*         0x0200cae6        0x2 00
 .text          0x0200cae8       0x86 dhtml.o
                0x0200cae8                dhtml_getSerialNo
 *fill*         0x0200cb6e        0x2 00
 .text          0x0200cb70      0x316 data.o
                0x0200ccc0                MonitorData::write(int, char const*) const
                0x0200cb70                ControlData::setAttenuation(unsigned short)
                0x0200cb88                LagData::write(int, unsigned int, unsigned int) const
 *fill*         0x0200ce86        0x2 00
 .text          0x0200ce88     0x3428 control.o
                0x0200d1e4                Correlator::execTime(char*, Correlator::argument_type)
                0x0200f030                Correlator::createHelpSummary(CommandInterpreter<Correlator, Correlator::command_type, char*, Correlator::argument_type, std::string>*)
                0x0200e1dc                Correlator::isMaster() const
                0x0200e410                Correlator::execHalt(char*, Correlator::argument_type)
                0x0200dd10                Correlator::timestamp(unsigned int, unsigned int)
                0x0200ec40                CommandInterpreter<Correlator, Correlator::command_type, char*, Correlator::argument_type, std::string>::parse(std::string&, Correlator::argument_type&, Correlator::command_type&) const
                0x0200d47c                Correlator::getMode() const
                0x0200f660                Correlator::setMonitorPoint(int, bool)
                0x0200d160                Correlator::execVersion(char*, Correlator::argument_type)
                0x0200e048                Correlator::setMode(mode_type_enum)
                0x0200e3c8                Correlator::setAccumulating(bool)
                0x0200fcc8                Correlator::execQuery(char*, Correlator::argument_type)
                0x0200e2dc                Correlator::execBoss(char*, Correlator::argument_type)
                0x0200d028                Correlator::execQuit(char*, Correlator::argument_type)
                0x0200e520                Correlator::execVerbose(char*, Correlator::argument_type)
                0x0200d06c                Correlator::execPeek(char*, Correlator::argument_type)
                0x0200d4b8                Correlator::execReboot(char*, Correlator::argument_type)
                0x0200e4dc                Correlator::setVerbosity(int)
                0x0200ed5c                Correlator::execHelp(char*, Correlator::argument_type)
                0x0200ddcc                CommandInterpreter<Correlator, Correlator::command_type, char*, Correlator::argument_type, std::string>::cmdNotFound(char*, std::string&, Correlator::argument_type&, Correlator::command_type&) const
                0x0200e164                Correlator::setMaster(bool)
                0x0200d858                Correlator::execFlash(char*, Correlator::argument_type)
                0x0200e00c                Correlator::getVerbosity() const
                0x0200de68                Correlator::execInitADCs(char*, Correlator::argument_type)
                0x0200e21c                Correlator::execSync(char*, Correlator::argument_type)
                0x0200e954                Correlator::execSend(char*, Correlator::argument_type)
                0x0200e49c                Correlator::isAccumulating() const
                0x0200d508                Correlator::execPower(char*, Correlator::argument_type)
                0x0200d30c                Correlator::execPoke(char*, Correlator::argument_type)
                0x0200cf7c                Correlator::execjUpTime(char*, Correlator::argument_type)
                0x0200e5e0                Correlator::execStatus(char*, Correlator::argument_type)
                0x0200ce88                Correlator::longHelp(char*, char const*, void (Correlator::*)(char*, Correlator::argument_type)) const
                0x0200e08c                Correlator::execMode(char*, Correlator::argument_type)
 .text          0x020102b0      0x43e boot.o
                0x020102c8                Correlator::initHardware()
                0x02010604                Correlator::boot(CommandInterpreter<Correlator, Correlator::command_type, char*, Correlator::argument_type, std::string>*, global_io_struct*)
                0x020102b0                Correlator::initState()
 *fill*         0x020106ee        0x2 00
 .text          0x020106f0     0x6782 argus_io.o
                0x02011244                closeI2Cssbus(unsigned char, unsigned char)
                0x02012610                sb_readPLLmon
                0x020108d8                v2t_670(float)
                0x02011048                argus_test
                0x02013f84                dcm2_blockMod
                0x02012c90                dcm2_readMBtemp
                0x02011164                init_vane
                0x02012410                dcm2_readMBadc
                0x02015a04                comap_presets
                0x02010e40                argus_powCheck
                0x02016750                argus_clearBus
                0x020152f0                argus_setLNAbias
                0x020142f4                dcm2_setPow
                0x020139c4                init_saddlebags
                0x02010f58                argus_thermCheck
                0x020165a4                init_bias()
                0x020125bc                readBEX(unsigned char)
                0x020151ac                argus_readAllSystemADCs
                0x020135d4                argus_readBCpsV
                0x0201153c                vane_angle()
                0x02015ea0                argus_lnaPower
                0x02011d5c                AD7860_SPI_bitbang(unsigned char, unsigned char, unsigned char, float, unsigned char)
                0x020126ac                sb_ledOnOff
                0x02012db4                dcm2_ampPow
                0x020112c4                openI2Cssbus(unsigned char, unsigned char, unsigned char, unsigned char)
                0x020113d0                openI2Csbus(unsigned char, unsigned char)
                0x02011034                argus_systemState
                0x02016cd8                argus_init
                0x02013c04                sb_setAllAmps
                0x02011b88                sb_readADC
                0x02011668                vane_obscal
                0x020127d4                AD7814_SPI_bitbang(unsigned char, unsigned char, unsigned char, unsigned char)
                0x02012e7c                argus_readThermADCs
                0x02013d9c                sb_ampPow
                0x0201202c                dcm2_readAllModTotPwr
                0x02010c7c                argus_biasCheck
                0x02014694                dcm2_setAllPow
                0x02014038                HMC624_SPI_bitbang(unsigned char, unsigned char, unsigned char, float, unsigned char, unsigned char*)
                0x02014a08                dcm2_setAtten
                0x020106f0                v2dac(float, float, float, char)
                0x02012cec                dcm2_ledOnOff
                0x02015d80                argus_setAllBias
                0x020168fc                init_dcm2
                0x020119cc                vane_readADC
                0x0201111c                configBEX(unsigned char, unsigned char)
                0x020110d4                writeBEX(unsigned char, unsigned char)
                0x020131c0                argus_lnaPowerPIO
                0x0201138c                closeI2Csbus(unsigned char)
                0x02014780                dcm2_setAllAttens
                0x020132e8                argus_readPwrADCs
                0x02011458                vane_relayCtrl(char*)
                0x02012ae8                dcm2_readAllModTemps
                0x02010844                adc2v(short, float, float, char)
                0x02014bf8                argus_readLNAbiasADCs
 *fill*         0x02016e72        0x2 00
 .text          0x02016e74     0xaca6 argus_control.o
                0x02018210                Correlator::execVane(char*, Correlator::argument_type)
                0x02016e74                Correlator::execArgusLock(char*, Correlator::argument_type)
                0x02020abc                Correlator::execJArgusSetAll(char*, Correlator::argument_type)
                0x02018dc4                Correlator::execJSaddlebag(char*, Correlator::argument_type)
                0x0201a8d0                Correlator::execJCOMAPcryo(char*, Correlator::argument_type)
                0x0201a200                Correlator::execJArgusGate(char*, Correlator::argument_type)
                0x0201a568                Correlator::execJArgusDrain(char*, Correlator::argument_type)
                0x02020d80                Correlator::execJCOMAPpow(char*, Correlator::argument_type)
                0x020193c8                Correlator::execJDCM2(char*, Correlator::argument_type)
                0x02019c7c                Correlator::execDCM2(char*, Correlator::argument_type)
                0x02020718                Correlator::execArgusSetAll(char*, Correlator::argument_type)
                0x02018630                Correlator::execSaddlebag(char*, Correlator::argument_type)
                0x020205d4                Correlator::execJCOMAPpresets(char*, Correlator::argument_type)
                0x02021094                Correlator::execJCOMAPatten(char*, Correlator::argument_type)
                0x0201a6ec                Correlator::execArgusDrain(char*, Correlator::argument_type)
                0x02017abc                Correlator::execArgusLimits(char*, Correlator::argument_type)
                0x020171dc                Correlator::execJArgusFreeze(char*, Correlator::argument_type)
                0x02021940                Correlator::execArgusInit(char*, Correlator::argument_type)
                0x02021748                Correlator::execArgusRxHealth(char*, Correlator::argument_type)
                0x0201a384                Correlator::execArgusGate(char*, Correlator::argument_type)
                0x02021204                Correlator::execCOMAPatten(char*, Correlator::argument_type)
                0x02017264                Correlator::execJCOMAPsets(char*, Correlator::argument_type)
                0x02020668                Correlator::execCOMAPpresets(char*, Correlator::argument_type)
                0x0201eac8                Correlator::execJCOMAPlna(char*, Correlator::argument_type)
                0x0201f230                Correlator::execArgusPwrCtrl(char*, Correlator::argument_type)
                0x020213ac                Correlator::execArgusEngr(char*, Correlator::argument_type)
                0x020219cc                Correlator::execArgusTest(char*, Correlator::argument_type)
                0x02020eec                Correlator::execCOMAPpow(char*, Correlator::argument_type)
                0x02017b50                Correlator::execArgusThaw(char*, Correlator::argument_type)
                0x0201aa08                Correlator::execArgusCryo(char*, Correlator::argument_type)
                0x02017c4c                Correlator::execJVane(char*, Correlator::argument_type)
                0x0201ac38                Correlator::execArgusMonPts(char*, Correlator::argument_type)
                0x020176b0                Correlator::execJCOMAPlnaTestRet(char*, Correlator::argument_type)
                0x02017154                Correlator::execJArgusThaw(char*, Correlator::argument_type)
                0x02017a30                Correlator::execJArgusLimits(char*, Correlator::argument_type)
                0x02017bcc                Correlator::execArgusFreeze(char*, Correlator::argument_type)
 *fill*         0x02021b1a        0x2 00
 .text          0x02021b1c       0x36 htmldata.o
                0x02021b48                DoHtmlVariable(int, unsigned short)
                0x02021b1c                DoHtmlFunction(int, char const*, unsigned short)
 *fill*         0x02021b52        0x2 00
 .text          0x02021b54      0x5e2 C:\Nburn/lib/MOD5270.a(bsp.o)
                0x02021e98                _sbrk_r
                0x02022000                HardwareSetup
                0x02021e2c                DisableCache
                0x02021f98                spaceleft
                0x02021ef0                LocalInByte
                0x02021fe4                ForceReboot
                0x02021d70                FlashProgram
                0x02021fd0                BspGetTickFraction
                0x02021b54                xTick
                0x02021cf0                FlashErase
                0x02021f24                LocalOutByte
                0x02021ee4                atexit
                0x02021c48                GetPreciseTime
                0x02021e40                EnableCache
                0x02021b70                SetIntc
                0x02021f74                LocalCharAvail
                0x02021b58                Tick5270
 *fill*         0x02022136        0x2 00
 .text          0x02022138      0x43c C:\Nburn/lib/MOD5270.a(ioboard.o)
                0x02022334                getleds
                0x0202251c                getCPLDver
                0x02022470                getDecimal
                0x0202228c                putleds
                0x0202236c                putdisp
                0x02022430                putDecimal
                0x02022548                getCPLDrev
                0x02022138                InitChipBoardSelect
                0x020223e4                getdisp
                0x0202223c                getdipsw
                0x020224a4                putSegments
                0x02022190                OnModDev70
 .text          0x02022574     0x1d82 C:\Nburn/lib/MOD5270.a(pins.o)
                0x02022574                PinIO::set(unsigned char)
                0x02023c2c                PinIO::function(int)
                0x0202312c                PinIO::drive()
                0x02024294                CReadPin
                0x02023574                PinIO::read()
                0x020242b8                CGPInPin
 *fill*         0x020242f6        0x2 00
 .text          0x020242f8      0xde2 C:\Nburn/lib/MOD5270.a(i2cmulti.o)
                0x02024900                Multi_I2CReadBuf
                0x020243bc                I2CRXAvail
                0x020243dc                I2CTXAvail
                0x020242f8                fake_i2c_multi_int_routine()
                0x02024598                I2CGetByte
                0x02024bd8                I2C_Multi_Isr()
                0x0202434c                Multi_I2CStop
                0x02024668                Multi_I2CSend
                0x02024f98                real_i2c_multi_int_routine
                0x02024534                Multi_ResetPeripheral()
                0x02024adc                Multi_I2CSendBuf
                0x0202441c                I2CFillSlaveTXBuf
                0x020242fc                i2c_multi_int_routine
                0x020246f8                Multi_I2CRestart
                0x02024fa4                Multi_I2CInit
                0x020245ec                Multi_I2CRead
                0x020247c0                Multi_I2CStart
 *fill*         0x020250da        0x6 00
 .text          0x020250e0      0x44a C:\Nburn/lib/NetBurner.a(ucosmcfa.o)
                0x020251c0                OSDebugTraceHalt
                0x020250e0                OSStartHighRdy
                0x020251d0                TrapOutByte
                0x02025200                memcpy
                0x02025200                fmemcpy
                0x02025100                OSCtxSw
                0x020251f0                TrapCharAvail
                0x02025130                OSIntCtxSw
                0x020251e0                TrapInByte
                0x02025160                OSTickISR
                0x020252d0                memcpysum
                0x020251a0                OSSetupVBR
                0x02025500                GetSR_IntLevel
                0x02025460                memset
                0x02025460                fmemset
                0x02025510                SetSR_IntLevel
 *fill*         0x0202552a        0x2 00
 .text          0x0202552c        0x8 C:\Nburn/lib/NetBurner.a(software_init.o)
                0x0202552c                software_init_hook
 .text          0x02025534      0x320 C:\Nburn/lib/NetBurner.a(ucosmcfc.o)
                0x0202581c                OSTaskCreate
                0x02025848                TopOfStackKillfunction
                0x020255f0                OSTaskCreatewName
                0x02025534                OSTCBInit
                0x0202584c                KillFunctionLink
 .text          0x02025854     0x1e0c C:\Nburn/lib/NetBurner.a(ucos.o)
                0x02027200                OSCritEnterNoWait
                0x02025904                UCOSWAITS_HERE
                0x02026eac                OSFifoPostFirst
                0x02027274                OSCritLeave
                0x0202700c                getpid
                0x02025b10                OSLock
                0x0202697c                OSQPostFirst
                0x0202738c                OSTaskID
                0x02026768                OSQPendNoWait
                0x020273a4                OSSetName
                0x020273cc                OSIntExit
                0x02025f94                OSSemPendNoWait
                0x02025c7c                OSTaskDelete
                0x02025b38                OSUnlock
                0x02027024                OSCritInit
                0x020267e4                OSQPost
                0x02027060                OSCritEnter
                0x02026b68                OSFifoPend
                0x02025df4                OSSemPend
                0x02026160                OSMboxInit
                0x0202639c                OSMboxPost
                0x02026b1c                OSFifoInit
                0x02026580                OSQPend
                0x02025880                OSSched
                0x0202593c                OSTimeDly
                0x02025fd4                OSSemPost
                0x02025b78                OSChangePrio
                0x02025ae0                OSTCBGetFree
                0x02025914                OSIntEnterWAS
                0x02026354                OSMboxPendNoWait
                0x02026d4c                OSFifoPost
                0x02025d94                OSSemInit
                0x02027468                OSStart
                0x020259f4                OSTimeTick
                0x0202650c                OSQInit
                0x020273b8                OSTaskName
                0x02026cfc                OSFifoPendNoWait
                0x020261b4                OSMboxPend
                0x020274e4                OSInit
                0x020259d4                OSChangeTaskDly
 .text          0x02027660      0x1b8 C:\Nburn/lib/NetBurner.a(ucosmain.o)
                0x0202773c                __malloc_unlock
                0x02027660                UCosBegin
                0x0202775c                balloc_lock
                0x0202779c                UCosSetup
                0x02027720                balloc_unlock
                0x0202777c                __malloc_lock
 .text          0x02027818      0x5f8 C:\Nburn/lib/NetBurner.a(fileio.o)
                0x020279a8                ioctl
                0x02027818                isatty
                0x02027900                CurrentStdioFD
                0x02027978                lseek
                0x02027850                ReplaceStdio
                0x02027a14                write
                0x02027834                fstat
                0x02027b44                rawwrite
                0x02027d50                stdioinbyte
                0x02027bc8                read
                0x02027930                outbyte
                0x02027990                open
                0x02027948                charavail
                0x02027924                fcntl
                0x02027dc8                close
 .text          0x02027e10       0x8e C:\Nburn/lib/NetBurner.a(userparam.o)
                0x02027e10                GetUserParameters
                0x02027e20                SaveUserParameters
 *fill*         0x02027e9e        0x2 00
 .text          0x02027ea0       0x78 C:\Nburn/lib/NetBurner.a(main.o)
                0x02027ed8                main
                0x02027ea0                __do_global_ctors
 .text          0x02027f18     0x1aaa C:\Nburn/lib/NetBurner.a(ip.o)
                0x02028368                FixUpICMP(IPPKT*, unsigned char, unsigned char, unsigned char*, unsigned short)
                0x020280d8                IsMultiCast(unsigned long)
                0x02028d08                FixHeaderAndSend(pool_buffer*, IPPKT*)
                0x0202867c                DoIPPacket(pool_buffer*, EFRAME*, unsigned short)
                0x02027fd4                GetSum20
                0x02029004                PingViaInterface
                0x0202861c                SaveError(pool_buffer*)
                0x0202898c                process_icmp(pool_buffer*, IPPKT*, unsigned short)
                0x02028214                IpProcessEthernetPacket
                0x02028840                FixHeaderAndSendViaInterface(pool_buffer*, IPPKT*, int)
                0x02029280                ShowIPBuffer(pool_buffer*)
                0x02028e68                SendICMPError(pool_buffer*, unsigned char, unsigned char)
                0x02028480                InitializeStack(unsigned long, unsigned long, unsigned long, unsigned long)
                0x02028128                GetData(IPPKT*)
                0x020285a4                InitializeCStack
                0x02029114                Ping
                0x02027f18                GetSum
                0x020285b0                GetMultiHomeInterface(unsigned long, int)
                0x02028660                IsMyIp
                0x02028424                IsBroadCast(unsigned long, int)
                0x020283d0                KillStack
                0x02028154                PrepareIPOutput(pool_buffer*, unsigned long, unsigned short)
                0x020280f8                GetMultiAddress(unsigned long)
                0x02028f3c                SendPing
                0x0202800c                GetSumHdr
                0x020283dc                IsLocal(unsigned long, int)
                0x02029148                GetLocalIPInterface(unsigned long)
                0x020291a0                AddInterface(unsigned long, unsigned long, unsigned long, int)
                0x02028aa8                IPTask(void*)
 *fill*         0x020299c2        0x2 00
 .text          0x020299c4      0xef8 C:\Nburn/lib/NetBurner.a(buffers.o)
                0x02029aa8                FreeBufferList
                0x02029eb4                fifo_buffer_storage::Full()
                0x02029fa4                ShowBuffer
                0x0202a288                fifo_buffer_storage::Reset(unsigned char)
                0x02029ad8                InitBuffers
                0x02029c04                buffer_list::InsertBefore(pool_buffer*, pool_buffer*)
                0x02029ddc                GetBuffer
                0x02029f84                fifo_buffer_storage::fifo_buffer_storage(unsigned char, unsigned char)
                0x02029e9c                fifo_buffer_storage::Empty()
                0x0202a700                fifo_buffer_storage::ReadDatawSum(unsigned char*, int, unsigned long&)
                0x02029e88                fifo_buffer_storage::SpaceUsed()
                0x020299c4                ShowBuffers()
                0x020299f0                buffer_list::InsertHead(pool_buffer*)
                0x0202a0d0                GetFreeCount
                0x020299d4                IncUsageCount
                0x02029f64                fifo_buffer_storage::fifo_buffer_storage(unsigned char, unsigned char)
                0x02029ba0                buffer_list::InsertTail(pool_buffer*)
                0x0202a348                fifo_buffer_storage::~fifo_buffer_storage()
                0x0202a438                fifo_buffer_storage::SetMaxBuffers(unsigned char)
                0x0202a148                fifo_buffer_storage::ReadData(unsigned char*, int)
                0x02029efc                fifo_buffer_storage::Init(unsigned char, unsigned char)
                0x020299cc                DumpBuffers()
                0x02029d74                buffer_list::RemoveHead()
                0x02029cec                buffer_list::Remove(pool_buffer*)
                0x02029e28                buffer_list::RemoveTail()
                0x0202a35c                fifo_buffer_storage::LongSpaceAvail()
                0x0202a4c8                fifo_buffer_storage::WriteData(unsigned char*, int)
                0x02029a60                FreeBuffer
                0x02029c78                buffer_list::InsertAfter(pool_buffer*, pool_buffer*)
                0x0202a414                fifo_buffer_storage::SpaceAvail()
                0x0202a334                fifo_buffer_storage::~fifo_buffer_storage()
 .text          0x0202a8bc     0x1922 C:\Nburn/lib/NetBurner.a(arp.o)
                0x0202b5f0                FindAddArp(unsigned long)
                0x0202aa18                sendGratuitousArp(int)
                0x0202a8e4                MacEqual(MACADR, MACADR)
                0x0202ac20                InitializeArp()
                0x0202acc8                FindArp(unsigned long)
                0x0202af24                SendArp(ArpRecord*, int)
                0x0202abd4                GetInterface(unsigned long)
                0x0202bed4                AddCheckArp(MACADR*, unsigned long, int)
                0x0202a944                SetMac(ArpRecord*, MACADR, int)
                0x0202b42c                DeleteArpFromIp(unsigned long)
                0x0202adcc                GetArpMacFromIp(unsigned long, MACADR&)
                0x0202b9fc                RouteOutVia(EFRAME*, unsigned long, pool_buffer*, int)
                0x0202ae80                GetProperInterface(unsigned long)
                0x0202b540                FreeOneArp()
                0x0202bf60                processArp(pool_buffer*, EFRAME*)
                0x0202a9dc                NeedsArp(int)
                0x0202b054                GetNextArp(ArpRecord*)
                0x0202aae8                RawSendArp(ArpRecord*, unsigned long, int)
                0x0202b44c                AgeArp()
                0x0202bc1c                RouteOut(EFRAME*, unsigned long, pool_buffer*)
                0x0202b11c                ShowArp()
                0x0202b25c                DeleteArp(ArpRecord*)
                0x0202b0c4                GetFirstArp()
                0x0202af90                GetSrcIp
                0x0202b88c                IsMyAddressUsedArpDetect(unsigned short, int)
                0x0202a8dc                Cleanup()
                0x0202a8bc                IsNull(ArpRecord*)
                0x0202b1b0                fShowArp(__sFILE*)
                0x0202ae24                AddPending(MACADR*, unsigned long, int)
 *fill*         0x0202c1de        0x2 00
 .text          0x0202c1e0     0x149c C:\Nburn/lib/NetBurner.a(udp.o)
                0x0202caa8                UDPPacket::Send(unsigned long, unsigned char)
                0x0202c328                UDPPacket::SetDestinationPort(unsigned short)
                0x0202c3ec                UDPPacket::GetPacketId()
                0x0202c438                UDPPacket::GetSourceAddress()
                0x0202d2bc                UDPPacket::UDPPacket()
                0x0202c7e4                UDPPacket::AddDataByte(unsigned char)
                0x0202cbc0                UDPPacket::SendAndKeep(unsigned long, unsigned char)
                0x0202c45c                RegisterUDPFifo(unsigned short, os_fifo*)
                0x0202c82c                UDPPacket::AddData(char const*)
                0x0202c254                UDPPacket::UDPPacket(pool_buffer*)
                0x0202c8ec                UDPPacket::SendViaInterface(unsigned long, int, unsigned char)
                0x0202c3d4                UDPPacket::GetIpPacket()
                0x0202ca14                UDPPacket::SendVia(unsigned long, unsigned long, unsigned char)
                0x0202cc30                UDPPacket::~UDPPacket()
                0x0202c1e0                GetUdpFifoRec(unsigned short)
                0x0202c364                UDPPacket::GetDataBuffer()
                0x0202c524                RegisterUDPFifoWithNotify(unsigned short, os_fifo*, void (*)(os_fifo*, unsigned short))
                0x0202c2a0                UDPPacket::UDPPacket(pool_buffer*)
                0x0202c398                UDPPacket::GetDataSize() const
                0x0202cc9c                ProcessIDPacket(UDPPacket&, int)
                0x0202c808                UDPPacket::AddDataWord(unsigned short)
                0x0202d300                process_udp(pool_buffer*, IPPKT*, unsigned short)
                0x0202c85c                UDPPacket::Validate()
                0x0202c344                UDPPacket::GetDestinationPort() const
                0x0202c5ec                UnregisterUDPFifo(unsigned short)
                0x0202c738                UDPPacket::AddData(unsigned char const*, unsigned short)
                0x0202d5bc                UDPPacket::UDPPacket(os_fifo*, unsigned long)
                0x0202c378                UDPPacket::SetDataSize(unsigned short)
                0x0202c6b4                FixIDDataPacket(UDPPacket&, _InterfaceBlock*)
                0x0202c3c0                UDPPacket::ResetData()
                0x0202cc08                UDPPacket::~UDPPacket()
                0x0202d61c                UDPPacket::UDPPacket(os_fifo*, unsigned long)
                0x0202ca54                UDPPacket::SendAndKeepVia(unsigned long, unsigned long, unsigned char)
                0x0202c2ec                UDPPacket::SetSourcePort(unsigned short)
                0x0202c308                UDPPacket::GetSourcePort() const
                0x0202c710                FixIDDataPacket(UDPPacket&, int)
                0x0202cc58                UDPPacket::UDPPacket()
                0x0202c414                UDPPacket::GetDestinationAddress()
 .text          0x0202d67c     0x549a C:\Nburn/lib/NetBurner.a(tcp.o)
                0x0202eda0                SendTcpRst(IPPKT*)
                0x0202dce8                GetTcpState(int)
                0x0202f050                InitTCP()
                0x0202fb34                _Socket_Private_read
                0x0202dc6c                ShortSocketList::ShortSocketList()
                0x0202dd48                SetOutOfOrderbuffers(int, unsigned char)
                0x0202d8ec                GetSocketRemotePort(int)
                0x0202e508                socket_struct::MyAdvertisedWindow()
                0x0202e3a4                SetSocketTxBuffers(int, int)
                0x0202da00                setsockoption(int, int)
                0x0202e854                TcpSend(socket_struct*, unsigned long, pool_buffer*, unsigned short, unsigned char)
                0x02031c80                TCPTimerTask(void*)
                0x0203247c                process_tcp(pool_buffer*, IPPKT*, unsigned short)
                0x02030190                socket_struct::ProcessRST()
                0x02032a4c                NoBlockconnectvia(unsigned long, unsigned short, unsigned short, unsigned long)
                0x0202dd8c                TcpGetLastRxTime(int)
                0x020302ac                abortsocket
                0x02030690                socket_struct::ProcessDataSegment(TCPPKT*, unsigned short, unsigned char*, pool_buffer*&)
                0x020328a4                connectvia(unsigned long, unsigned short, unsigned short, unsigned long, unsigned long)
                0x0202f668                HashSocketList::RemoveSocket(socket_struct*) const
                0x02030d28                _Socket_Private_write
                0x0202da38                getsockoption(int)
                0x02031370                socket_struct::ProcessAck(TCPPKT*)
                0x0202fb50                socket_struct::SaveData(unsigned char*, unsigned short, unsigned char)
                0x0202f358                GetTcpRtxCount(int)
                0x0202d7e0                fixoverlap(unsigned long, unsigned long, unsigned long&, unsigned long&)
                0x0202fe30                socket_struct::SetTimer(unsigned long)
                0x02032a24                connect(unsigned long, unsigned short, unsigned short, unsigned long)
                0x0202dac4                HashSocketList::HashSocketList()
                0x0202f8ac                GetTcpSocket(TCPPKT*, unsigned long)
                0x02032a9c                NoBlockConnect(unsigned long, unsigned short, unsigned short, unsigned long)
                0x0202e024                TcpGetRxBufferSpaceUsed(int)
                0x02030970                socket_struct::DoRawSend()
                0x0202e064                ShowFdTcpSocket(int)
                0x0202e328                socket_struct::ClearPending(int)
                0x0202f3cc                ShortSocketList::findsocket(unsigned short, unsigned short, unsigned long) const
                0x0203299c                connect(unsigned long, unsigned short, unsigned short, unsigned long, unsigned long)
                0x0202f2e4                TcpSendKeepAlive(int)
                0x0202d85c                getsocketerror(int)
                0x0202daac                EnableTcpDebug(unsigned short)
                0x02031b8c                socket_struct::ProcessTimer()
                0x0203084c                socket_struct::SetUpNextRetransmit()
                0x0202dabc                HashSocketList::HashSocketList()
                0x0202dfe4                TcpGetTxBufferAvailSpace(int)
                0x0202f964                SockReadWithTimeout
                0x0202efe4                GetFreeSocketCount()
                0x0203161c                socket_struct::ProcessFIN(TCPPKT*, unsigned short)
                0x0202e580                FixHeaderAndSendTcp(pool_buffer*, IPPKT*, socket_struct*)
                0x0202da68                setsocketackbuffers(int, unsigned char)
                0x0202d9e0                socket_struct::CleanUpDeletedListener()
                0x0202d79c                FindListenSocket(unsigned short, unsigned long)
                0x0202e68c                TcpSendwSum(socket_struct*, unsigned long, pool_buffer*, unsigned short, unsigned char, unsigned long)
                0x0202feb0                socket_struct::DoCleanup()
                0x0202fc40                socket_struct::TestOutofOrder()
                0x0202ddfc                TcpGetLastRxInterval(int)
                0x0202d67c                GetFirstSeq()
                0x0202f250                FREESOCKET(socket_struct*)
                0x02030088                ShortSocketList::AddSocket(socket_struct*)
                0x02031254                socket_struct::DoRetransmit(unsigned char)
                0x0202dcac                ShortSocketList::Init()
                0x0202f470                ShortSocketList::processTick()
                0x02032594                socket_struct::CoreConnect(unsigned long, unsigned short, unsigned short, unsigned long)
                0x02031790                _Socket_Private_close
                0x020318d0                accept(int, unsigned long*, unsigned short*, unsigned short)
                0x0202dc8c                ShortSocketList::ShortSocketList()
                0x0202e3e4                SetSocketRxBuffers(int, int)
                0x020304cc                listen(unsigned long, unsigned short, unsigned char)
                0x0202dacc                HashSocketList::Init() const
                0x0202dae4                ShortSocketList::GetFreeShort()
                0x0202d8bc                GetSocketRemoteAddr(int)
                0x0202f7d4                HashSocketList::findsocket(unsigned short, unsigned short, unsigned long) const
                0x0202df78                WaitForSocketFlush(int, unsigned long)
                0x0202dab4                DumpTcpPacket(IPPKT*)
                0x020305d4                RemoveFromUserCloseList(socket_struct*)
                0x0202d6c0                ValidateTCP(IPPKT*, unsigned short)
                0x0202f520                ShortSocketList::process(pool_buffer*, TCPPKT*, unsigned long) const
                0x0202d6ac                socket_struct::SetState(int)
                0x0202e424                socket_struct::processoptions(pool_buffer*, TCPPKT*, IPPKT*)
                0x02030f50                socket_struct::DoClose(int)
                0x020303e0                GetFreeSocket()
                0x0202d91c                GetSocketLocalPort(int)
                0x0202f720                HashSocketList::AddSocket(socket_struct*) const
                0x0202dc2c                ShortSocketList::FreeShort(ShortSocket*) const
                0x0202d94c                socket_struct::CalcRTO(unsigned long)
                0x0202ed48                socket_struct::OpenWindow()
                0x0202eeb4                SendTcpSynRst(IPPKT*)
                0x0202df28                TcpAllDataAcked(int)
                0x02030ca8                clrsockoption(int, int)
                0x0202ddc0                TcpGetSocketState(int)
                0x0202daa4                DumpTcpDebug()
                0x0202d88c                GetSocketLocalAddr(int)
                0x02031db4                socket_struct::process(pool_buffer*, TCPPKT*)
                0x0202dd1c                RegisterTCPReadNotify
                0x0202e8e4                socket_struct::SendState(unsigned short, pool_buffer*)
 *fill*         0x02032b16        0x2 00
 .text          0x02032b18      0x552 C:\Nburn/lib/NetBurner.a(http.o)
                0x02032b18                StartHTTP
                0x02032c50                HttpMain(void*)
                0x02032b5c                processHttpRequest(char**, char*, char*, int, HTTP_Request&)
 *fill*         0x0203306a        0x2 00
 .text          0x0203306c      0xe8c C:\Nburn/lib/NetBurner.a(httpinternal.o)
                0x020330a4                SetNewPostHandler
                0x020337d4                BaseDoGet
                0x02033104                SetNewMultiPartHandler
                0x020334c8                SendHTMLHeader
                0x02033074                append(char*&, char*)
                0x0203311c                SetNewMultiPartExtractHandler
                0x02033908                HTTP_Request::Respond(int)
                0x02033670                writesafestring
                0x02033780                ShowIPOnFd(int, unsigned long)
                0x02033408                SendGifHeader
                0x02033424                SendTextHeader
                0x020330bc                SetNewWSHandler(int (*)(HTTP_Request*, int, char*, char*))
                0x02033440                BaseDoHead
                0x0203336c                NotFoundResponse
                0x02033098                BaseDoPost
                0x02033134                SetNewErrorHandler
                0x02033184                ExtractPostData
                0x020333c0                RedirectResponse
                0x02033a78                HTTP_Request::ProcessLine(char*)
                0x020330d4                SetNewGetHandler
                0x0203306c                StopHTTP
                0x02033318                ForbiddenResponse
                0x0203314c                InitHttp()
                0x020330ec                SetNewHeadHandler
                0x02033558                writeallsafestring
                0x020338bc                SendHTMLHeaderWCookie
                0x020334e4                BaseInterfaceOK(int, HTML_FILE_RECORD*)
 .text          0x02033ef8       0x52 C:\Nburn/lib/NetBurner.a(httpstricmp.o)
                0x02033ef8                httpstricmp
 *fill*         0x02033f4a        0x2 00
 .text          0x02033f4c      0x6e4 C:\Nburn/lib/NetBurner.a(htmldecomp.o)
                0x02033ff0                SendHtml(int, char*, int, char const*)
                0x020342c8                SendData(HTML_FILE_RECORD*, int, char const*)
                0x02034388                GetRecordFromName(char*)
                0x02033f4c                SendHeader(int, char const*, int)
                0x02034550                SendFullResponse(char*, int)
                0x02034408                SendFileFragment(char*, int, char const*)
                0x02033fe4                SendCompressed(int, char*, int)
                0x02034478                SendHeaderResponse(char*, int)
                0x02033fc8                SendXMLHeader(int)
 .text          0x02034630      0x69e C:\Nburn/lib/NetBurner.a(iosys.o)
                0x02034a6c                SetDataAvail
                0x0203490c                writeall
                0x0203496c                RawCheckSelects()
                0x02034a18                SetHaveError
                0x02034aa8                RemoveSelect(PendingSelect*)
                0x02034a30                SetWriteAvail
                0x020347fc                ZeroWaitSelect
                0x02034b28                AddSelect(PendingSelect*)
                0x02034750                FD_ISSET
                0x020346f8                ClrDataAvail
                0x02034b80                select
                0x020346e0                ClrWriteAvail
                0x020349e4                CheckSelects()
                0x020348b0                writestring
                0x020347c0                countbits(fd_set*)
                0x02034630                FD_OVERLAP(fd_set*, fd_set*)
                0x02034880                dataavail
                0x0203466c                FD_ZERO
                0x02034710                FD_SET
                0x020346c8                ClrHaveError
                0x0203479c                countdwbits(unsigned long)
                0x02034c20                ReadWithTimeout
                0x02034684                FD_CLR
 *fill*         0x02034cce        0x2 00
 .text          0x02034cd0       0x26 C:\Nburn/lib/NetBurner.a(new_ops.o)
                0x02034cd0                operator new(unsigned long)
 *fill*         0x02034cf6        0x2 00
 .text          0x02034cf8      0x71c C:\Nburn/lib/NetBurner.a(autoip.o)
                0x02034f34                AutoIPClient::AutoIPClient(int)
                0x02034e14                AutoIPClient::stop()
                0x02035260                AutoIPClient::arpCheck()
                0x02034d84                AutoIPClient::getNextTick()
                0x020350bc                AutoIPClient::announce()
                0x02034d38                AutoIPClient::addressCollision()
                0x02034d74                AutoIPClient::getState()
                0x02035198                AutoIPClient::startArp()
                0x020353bc                AutoIPClient::staticTimeTick()
                0x02034cf8                AutoIPClient::start()
                0x02034fb0                AutoIPClient::AutoIPClient(int)
                0x02034d94                AutoIPClient::tickDelay(int)
                0x02034dbc                AutoIPClient::negotiate()
                0x02035100                AutoIPClient::setRNG()
                0x02034ed0                AutoIPClient::~AutoIPClient()
                0x0203534c                AutoIPClient::timeTick()
                0x02034e4c                AutoIPClient::restart()
                0x0203502c                AddAutoIPInterface(int)
                0x02034e6c                AutoIPClient::~AutoIPClient()
                0x0203515c                AutoIPClient::generateNewIPAddr()
 .text          0x02035414     0x1f68 C:\Nburn/lib/NetBurner.a(dhcpc.o)
                0x02035688                CompareChaddr(unsigned char*, unsigned char*)
                0x02035d08                DhcpObject::DhcpObject(int)
                0x02036ee8                DhcpObject::RestartDHCP()
                0x02035bc0                DhcpObject::StopBOOTP()
                0x02035bac                DhcpObject::StopProcessing()
                0x0203554c                DHCPMessage::ResetBytes()
                0x020355b4                DHCPMessage::SetRandomXid()
                0x02035c24                DhcpObject::~DhcpObject()
                0x0203733c                DhcpObject::staticDHCPTimer()
                0x0203566c                DHCPMessage::GetOptionData(unsigned char)
                0x02037210                DhcpObject::RenewDHCP()
                0x02036308                DHCPMessage::SendServerMsg(unsigned long, int)
                0x02035eb0                DHCPMessage::MsgForInterface(int)
                0x0203682c                DhcpObject::StopDHCP()
                0x02036ba8                All_GetDHCPAddressIfNecessary(bool)
                0x02036a84                DhcpObject::ReTransmitPacket(unsigned long)
                0x02035c94                DhcpObject::UpdateIPRuntimeVars(unsigned char)
                0x02036b78                DhcpObject::StartDHCP()
                0x02035c80                SetDHCPDiscoverSeconds(unsigned long)
                0x0203719c                DhcpObject::staticDHCPPacket(pool_buffer*)
                0x02035718                AddDhcpOptions(DHCPMessage&, int&)
                0x02036884                DhcpObject::CreateDhcpRenewMsg(DHCPMessage&)
                0x020354e4                DHCPMessage::CreateReply(unsigned long, unsigned long)
                0x020356c4                ValidDhcpMsg(unsigned char*)
                0x02035ddc                DhcpObject::DhcpObject(int)
                0x02035bc8                DhcpObject::~DhcpObject()
                0x02035870                DhcpObject::DhcpConfig(DHCPMessage&)
                0x02036738                DhcpObject::CreateDhcpReleaseMsg(DHCPMessage&)
                0x02035b80                DhcpObject::GetRemainingDhcpLeaseTime()
                0x020355f0                DHCPMessage::GetOptionData(unsigned char, int&)
                0x02036e7c                GetDHCPAddressIfNecessary(int, bool)
                0x02035ee8                DHCPMessage::DHCPMessage(unsigned char*)
                0x02036f14                __restartDHCP(DhcpObject*)
                0x0203723c                DhcpObject::DHCPTimer()
                0x02035414                DHCPMessage::DHCPMessage()
                0x02036d58                GetDHCPAddress(int)
                0x02035f10                DHCPMessage::DHCPMessage(unsigned char*)
                0x02035b54                DhcpObject::GetDHCPState()
                0x020357d0                DhcpObject::BootpConfig(DHCPMessage&)
                0x02036b4c                DhcpObject::StartBOOTP()
                0x020363f0                CreateDhcpDiscoverMsg(DHCPMessage&, int)
                0x0203637c                DHCPMessage::SendMsg(unsigned long, int)
                0x02035514                DHCPMessage::ClearOptions()
                0x02035b64                DhcpObject::ValidDhcpLease()
                0x02036f1c                DhcpObject::DHCPPacket(pool_buffer*)
                0x020365e4                DhcpObject::CreateBootpMsg(DHCPMessage&)
                0x02035f38                CreateDhcpRequestMsg(DHCPMessage&, DHCPMessage&, int)
                0x0203547c                DHCPMessage::DHCPMessage()
                0x020371e4                DhcpObject::RebindDHCP()
 .text          0x0203737c      0x4b2 C:\Nburn/lib/NetBurner.a(netinterface.o)
                0x02037760                InitializeNetwork(void (*)(pool_buffer*, EFRAME*, unsigned short), void (*)(pool_buffer*, EFRAME*))
                0x02037434                InterfaceIP(int)
                0x02037528                GetEframe(pool_buffer*)
                0x02037700                SaveIfConfig(ConfigRecord*, int)
                0x020375f4                RegisterMultiHomeInterface(_InterfaceBlock*)
                0x0203737c                GetFirstInterface()
                0x02037730                GetIfConfig(int)
                0x020374e4                InterfaceMAC(int)
                0x020373e0                GetInterFaceBlock(int)
                0x02037460                InterfaceDNS(int)
                0x0203748c                InterfaceMASK(int)
                0x0203739c                GetnextInterface(int)
                0x020377cc                TransmitBuffer(pool_buffer*, int)
                0x02037594                DisableMulticast(MACADR, int)
                0x0203765c                RegisterInterface(_InterfaceBlock*)
                0x0203753c                EnableMulticast(MACADR, int)
                0x020376cc                Removeinterface(int)
                0x020375ec                StopNetworks()
                0x0203740c                GetInterfaceNumber(_InterfaceBlock*)
                0x020374b8                InterfaceGate(int)
 *fill*         0x0203782e        0x2 00
 .text          0x02037830      0x5c8 C:\Nburn/lib/NetBurner.a(taskmon.o)
                0x02037d38                ProcessTaskPacket(UDPPacket&, int)
                0x02037830                EnableTaskMonitor()
                0x02037844                BufferDumpTCBState(os_tcb*)
 .text          0x02037df8     0x131e C:\Nburn/lib/NetBurner.a(smarttrap.o)
                0x02037e2c                EnableSmartTraps()
                0x02037f0c                WalkStack(os_tcb*, unsigned long, unsigned long)
                0x020383ec                smart_trap_asm
                0x0203820c                Local_OutTCBState(os_tcb*, unsigned long, unsigned long)
                0x02037df8                SafeRead(unsigned long)
                0x02037e48                Local_OutHex(unsigned long, int)
                0x020383e4                Smart_Trap_Holder()
                0x02037edc                Local_OutString(char const*)
                0x02037f88                Local_ShowTaskName(os_tcb volatile*)
 *fill*         0x02039116        0x2 00
 .text          0x02039118      0x538 C:\Nburn/lib/NetBurner.a(autoupdate.o)
                0x020395a0                ProcessAutoUpdatePacket(UDPPacket&)
                0x020392d4                DoData(UDPPacket&)
                0x02039118                EnableAutoUpdate
                0x0203912c                DoReboot()
                0x0203915c                DoExecute(UDPPacket&, int)
                0x020393c4                DoStart(UDPPacket&)
 .text          0x02039650       0x52 C:\Nburn/lib/NetBurner.a(device.o)
                0x02039670                DeviceInitializeSem
                0x02039650                DeviceGetQspiSem()
                0x02039660                DeviceGetI2cSem()
 *fill*         0x020396a2        0x2 00
 .text          0x020396a4     0x1948 C:\Nburn/lib/NetBurner.a(nbiprintf.o)
                0x02039bf4                prespace(int, int, int, bool (*)(void*, char const*, int), void*, int&)
                0x02039728                decimallenull(unsigned long long)
                0x02039cf4                NormalGetNextParamFunction(void*)
                0x020396a4                decimallen(unsigned long)
                0x02039d08                CoreLongLongDec(unsigned long long, bool (*)(void*, char const*, int), void*, pfstate&)
                0x0203afd0                putchars(void*, char const*, int)
                0x02039928                octlen(unsigned long)
                0x020399bc                binlen(unsigned long)
                0x0203afa0                NB_internal_iprintf(bool (*)(void*, char const*, int), void*, unsigned long*)
                0x0203a084                NB_internal_iprintf_ind(bool (*)(void*, char const*, int), void*, unsigned long (*)(void*), void*)
                0x0203afbc                iprintf
                0x02039ca4                leadzero(int, int, int, bool (*)(void*, char const*, int), void*, int&)
                0x020398e4                hexlenull(unsigned long long)
                0x02039c4c                postspace(int, int, int, bool (*)(void*, char const*, int), void*, int&)
                0x02039f00                CoreDec(unsigned long, bool (*)(void*, char const*, int), void*, pfstate&)
                0x02039878                hexlen(unsigned long)
                0x02039b9c                Put20Chars(void*, bool (*)(void*, char const*, int), int, char const*)
 .text          0x0203afec       0x26 C:\Nburn/lib/NetBurner.a(nbprintf.o)
                0x0203afec                printf
 *fill*         0x0203b012        0x2 00
 .text          0x0203b014       0xda C:\Nburn/lib/NetBurner.a(nbsiprintf.o)
                0x0203b014                sniprintf
                0x0203b078                putstrchars(void*, char const*, int)
                0x0203b048                siprintf
 *fill*         0x0203b0ee        0x2 00
 .text          0x0203b0f0       0x76 C:\Nburn/lib/NetBurner.a(nbsprintf.o)
                0x0203b0f0                snprintf
                0x0203b130                sprintf
 *fill*         0x0203b166        0x2 00
 .text          0x0203b168        0x0 C:\Nburn/lib/NetBurner.a(websocket_handler.o)
 .text          0x0203b168      0x6a0 C:\Nburn/lib/NetBurner.a(system.o)
                0x0203b500                UpdateConfigRecord_Num
                0x0203b1bc                RawGetConfig
                0x0203b168                isvalidcr
                0x0203b6c4                SetupDialog
                0x0203b278                ReadLine
                0x0203b6b0                UpdateConfigRecord
                0x0203b1e8                GetValidConfig
                0x0203b44c                IpQuestion
                0x0203b210                ShowChange
 .text          0x0203b808      0xd08 C:\Nburn/lib/NetBurner.a(utils.o)
                0x0203c278                fShowMac
                0x0203ba7c                FancyDump(unsigned char*, int)
                0x0203c3ac                ShowCounters
                0x0203b8a8                ValidIPv4
                0x0203b9c4                convertHexAsciiToBinary
                0x0203bc3c                ShowData
                0x0203c2d4                snShowIP
                0x0203b808                kill
                0x0203c414                fShowCounters
                0x0203c238                fShowIP
                0x0203b818                _fini
                0x0203bba8                ShowIP
                0x0203b824                AsciiToIp
                0x0203c48c                sShowCounters
                0x0203c378                DiagMenuPicker(int, unsigned char)
                0x0203bbe4                ShowMac
                0x0203b92c                convertBinaryToHexAscii
                0x0203ba64                __builtin_delete
                0x0203b810                _exit
                0x0203c318                snShowMac
 .text          0x0203c510      0x2b0 C:\Nburn/lib/NetBurner.a(extraio.o)
                0x0203c540                ExpandWrite(int, char const*, int)
                0x0203c750                GetExtraInterface
                0x0203c5dc                GetExtraFDwIntf
                0x0203c570                ExpandClose(int)
                0x0203c5a0                InitExtras()
                0x0203c688                GetExtraFD
                0x0203c510                ExpandRead(int, char*, int)
                0x0203c784                GetFreeExtraFDCount
                0x0203c6a0                FreeExtraFd
                0x0203c6e4                GetExtraData
                0x0203c718                GetExtraExtraData
 .text          0x0203c7c0     0x139c C:\Nburn/lib/NetBurner.a(nbfloatprint.o)
                0x0203c7c0                ulldecimallen(unsigned long long)
                0x0203d280                OutputgFloat(bool (*)(void*, char const*, int), void*, double, pfstate&, g_counter&)
                0x0203d2e0                OutputEFloat(bool (*)(void*, char const*, int), void*, double, pfstate&, char)
                0x0203ce74                OutputFFloat(bool (*)(void*, char const*, int), void*, double, pfstate&)
                0x0203d604                Get_g_len(double, pfstate&, g_counter&)
                0x0203cd04                Get_f_len(double, pfstate&)
                0x0203c9d4                Get_e_len(double, pfstate&)
                0x0203ca88                pfdigit(int, bool (*)(void*, char const*, int), void*)
                0x0203cac0                printfraction(bool (*)(void*, char const*, int), void*, double, pfstate&)
                0x0203d680                TheFloatPrintf(char, bool (*)(void*, char const*, int), void*, double, pfstate&)
                0x0203cbbc                count_gstuff(void*, char const*, int)
 .text          0x0203db5c     0x1d76 C:\Nburn/lib/MOD5270.a(serial.o)
                0x0203f858                real_SER0_ISR
                0x0203db5c                WakeTx(int)
                0x0203e01c                Serial485ForceTxActive(int, int)
                0x0203ec3c                SerialClose
                0x0203eb4c                SendBreak
                0x0203ed84                OpenSerial
                0x0203e630                GetUartErrorReg
                0x0203e8ec                fShowSerialData(__sFILE*)
                0x0203de4c                fake_SER0_ISR()
                0x0203df34                fake_SER2_ISR()
                0x0203dea4                SER1_ISR
                0x0203e7c4                SerialSendComplete
                0x0203df88                SerialEnableTxFlow
                0x0203dfd0                SerialEnableRxFlow
                0x0203dbf4                DoSerIsr(int)
                0x0203e508                Serial485HalfDupMode
                0x0203dea0                fake_SER1_ISR()
                0x0203e31c                SerialEnableHwRxFlow
                0x0203f3f0                serread
                0x0203f738                BasePutChar(int, unsigned char)
                0x0203f40c                BaseGetChar(int)
                0x0203f894                real_SER2_ISR
                0x0203f1d4                serreadwto
                0x0203f618                serwriteaddress
                0x0203def4                real_SER1_ISR
                0x0203f4b4                serwrite
                0x0203ed60                serexternalclose
                0x0203de50                SER0_ISR
                0x0203df38                SER2_ISR
                0x0203e118                SerialEnableHwTxFlow
 *fill*         0x0203f8d2        0x2 00
 .text          0x0203f8d4     0x1486 C:\Nburn/lib/MOD5270.a(ethernet.o)
                0x0204004c                AddEthernetInterface()
                0x0203fab8                StopEnet()
                0x0203fd60                ResetEnet()
                0x0203fbf8                FindSpeedDuplex()
                0x0203f8d4                read_eth_addr(MACADR*)
                0x02040100                WarmEnetReset()
                0x02040bac                real_rxenetisr
                0x0203f900                fake_rxenetisr()
                0x0203f904                rxenetisr
                0x0203f954                fake_txenetisr()
                0x020401a0                EnablePHY()
                0x0203ff74                EthMultifunc(MACADR, unsigned char)
                0x0203f9a8                GetMII(unsigned char, unsigned char)
                0x020404e0                ProcessLinkStatus()
                0x02040258                ResetEnetPart2()
                0x0203f958                txenetisr
                0x0203fa2c                SetMII(unsigned char, unsigned char, unsigned short)
                0x0203ff90                InitializeEthernet()
                0x02040808                real_txenetisr
                0x0203fae8                DisablePHY()
                0x02040218                ManualEthernetConfig(unsigned char, unsigned char, unsigned char)
                0x0203fb28                FindPHYAddr()
                0x020406b4                EthTransmitBuffer(pool_buffer*)
                0x02040a00                Ether_ProcessTask(void*)
 *fill*         0x02040d5a        0x2 00
 .text          0x02040d5c      0x152 C:\Nburn/lib/MOD5270.a(etherprint.o)
                0x02040d5c                EtherLink()
                0x02040d70                EtherSpeed100()
                0x02040d90                showBinary(unsigned short, unsigned short)
                0x02040e1c                showMii(unsigned char, unsigned char, char const*, unsigned short)
                0x02040d80                EtherDuplex()
                0x02040e84                switchMiiPage(unsigned long)
 *fill*         0x02040eae        0x2 00
 .text          0x02040eb0      0x196 C:\Nburn/lib/MOD5270.a(emulticast.o)
                0x02040f94                EthDisableMulticast(MACADR)
                0x02040ef0                EthEnableMulticast(MACADR)
                0x02040eb0                GetMultiCastCRC(MACADR)
 *fill*         0x02041046        0x2 00
 .text          0x02041048      0x1f2 C:\Nburn/lib/NetBurner.a(netrx.o)
                0x02041048                NetDoRX(pool_buffer*, unsigned short, int)
 *fill*         0x0204123a        0x2 00
 .text          0x0204123c        0x0 c:/nburn/gcc-m68k/bin/../lib/gcc/m68k-elf/4.2.1/../../../../m68k-elf/lib/m5206e\libstdc++.a(functexcept.o)
 .text          0x0204123c        0x0 c:/nburn/gcc-m68k/bin/../lib/gcc/m68k-elf/4.2.1/../../../../m68k-elf/lib/m5206e\libstdc++.a(ios_failure.o)
 .text          0x0204123c        0x0 c:/nburn/gcc-m68k/bin/../lib/gcc/m68k-elf/4.2.1/../../../../m68k-elf/lib/m5206e\libstdc++.a(stdexcept.o)
 .text          0x0204123c        0x0 c:/nburn/gcc-m68k/bin/../lib/gcc/m68k-elf/4.2.1/../../../../m68k-elf/lib/m5206e\libstdc++.a(tree.o)
 .text          0x0204123c        0x0 c:/nburn/gcc-m68k/bin/../lib/gcc/m68k-elf/4.2.1/../../../../m68k-elf/lib/m5206e\libstdc++.a(string-inst.o)
 .text          0x0204123c        0x0 c:/nburn/gcc-m68k/bin/../lib/gcc/m68k-elf/4.2.1/../../../../m68k-elf/lib/m5206e\libstdc++.a(eh_throw.o)
 .text          0x0204123c        0x0 c:/nburn/gcc-m68k/bin/../lib/gcc/m68k-elf/4.2.1/../../../../m68k-elf/lib/m5206e\libstdc++.a(new_handler.o)
 .text          0x0204123c        0x0 c:/nburn/gcc-m68k/bin/../lib/gcc/m68k-elf/4.2.1/../../../../m68k-elf/lib/m5206e\libstdc++.a(eh_globals.o)
 .text          0x0204123c        0x0 c:/nburn/gcc-m68k/bin/../lib/gcc/m68k-elf/4.2.1/../../../../m68k-elf/lib/m5206e\libstdc++.a(eh_exception.o)
 .text          0x0204123c        0x0 c:/nburn/gcc-m68k/bin/../lib/gcc/m68k-elf/4.2.1/../../../../m68k-elf/lib/m5206e\libstdc++.a(guard.o)
 .text          0x0204123c        0x0 c:/nburn/gcc-m68k/bin/../lib/gcc/m68k-elf/4.2.1/../../../../m68k-elf/lib/m5206e\libstdc++.a(eh_catch.o)
 .text          0x0204123c        0x0 c:/nburn/gcc-m68k/bin/../lib/gcc/m68k-elf/4.2.1/../../../../m68k-elf/lib/m5206e\libstdc++.a(eh_terminate.o)
 .text          0x0204123c        0x0 c:/nburn/gcc-m68k/bin/../lib/gcc/m68k-elf/4.2.1/../../../../m68k-elf/lib/m5206e\libstdc++.a(bad_typeid.o)
 .text          0x0204123c        0x0 c:/nburn/gcc-m68k/bin/../lib/gcc/m68k-elf/4.2.1/../../../../m68k-elf/lib/m5206e\libstdc++.a(del_op.o)
 .text          0x0204123c        0x0 c:/nburn/gcc-m68k/bin/../lib/gcc/m68k-elf/4.2.1/../../../../m68k-elf/lib/m5206e\libstdc++.a(class_type_info.o)
 .text          0x0204123c        0x0 c:/nburn/gcc-m68k/bin/../lib/gcc/m68k-elf/4.2.1/../../../../m68k-elf/lib/m5206e\libstdc++.a(eh_term_handler.o)
 .text          0x0204123c        0x0 c:/nburn/gcc-m68k/bin/../lib/gcc/m68k-elf/4.2.1/../../../../m68k-elf/lib/m5206e\libstdc++.a(eh_personality.o)
 .text          0x0204123c        0x0 c:/nburn/gcc-m68k/bin/../lib/gcc/m68k-elf/4.2.1/../../../../m68k-elf/lib/m5206e\libstdc++.a(pure.o)
 .text          0x0204123c        0x0 c:/nburn/gcc-m68k/bin/../lib/gcc/m68k-elf/4.2.1/../../../../m68k-elf/lib/m5206e\libstdc++.a(eh_alloc.o)
 .text          0x0204123c        0x0 c:/nburn/gcc-m68k/bin/../lib/gcc/m68k-elf/4.2.1/../../../../m68k-elf/lib/m5206e\libstdc++.a(bad_cast.o)
 .text          0x0204123c        0x0 c:/nburn/gcc-m68k/bin/../lib/gcc/m68k-elf/4.2.1/../../../../m68k-elf/lib/m5206e\libstdc++.a(eh_unex_handler.o)
 .text          0x0204123c        0x0 c:/nburn/gcc-m68k/bin/../lib/gcc/m68k-elf/4.2.1/../../../../m68k-elf/lib/m5206e\libstdc++.a(si_class_type_info.o)
 .text          0x0204123c        0x0 c:/nburn/gcc-m68k/bin/../lib/gcc/m68k-elf/4.2.1/../../../../m68k-elf/lib/m5206e\libstdc++.a(vterminate.o)
 .text          0x0204123c        0x0 c:/nburn/gcc-m68k/bin/../lib/gcc/m68k-elf/4.2.1/../../../../m68k-elf/lib/m5206e\libstdc++.a(eh_call.o)
 .text          0x0204123c     0x4ae6 c:/nburn/gcc-m68k/bin/../lib/gcc/m68k-elf/4.2.1/../../../../m68k-elf/lib/m5206e\libstdc++.a(cp-demangle.o)
                0x02045c4a                __cxa_demangle
 *fill*         0x02045d22        0x2 00
 .text          0x02045d24        0x0 c:/nburn/gcc-m68k/bin/../lib/gcc/m68k-elf/4.2.1/../../../../m68k-elf/lib/m5206e\libstdc++.a(tinfo.o)
 .text          0x02045d24        0x0 c:/nburn/gcc-m68k/bin/../lib/gcc/m68k-elf/4.2.1/../../../../m68k-elf/lib/m5206e\libstdc++.a(eh_type.o)
 .text          0x02045d24       0x34 c:/nburn/gcc-m68k/bin/../lib/gcc/m68k-elf/4.2.1/../../../../m68k-elf/lib/m5206e\libm.a(lib_a-s_isnand.o)
                0x02045d24                __isnand
 .text          0x02045d58      0x1b8 c:/nburn/gcc-m68k/bin/../lib/gcc/m68k-elf/4.2.1/../../../../m68k-elf/lib/m5206e\libm.a(lib_a-s_modf.o)
                0x02045d58                modf
 .text          0x02045f10       0xf8 c:/nburn/gcc-m68k/bin/../lib/gcc/m68k-elf/4.2.1/../../../../m68k-elf/lib/m5206e\libm.a(lib_a-s_round.o)
                0x02045f10                round
 .text          0x02046008      0x10a c:/nburn/gcc-m68k/bin/../lib/gcc/m68k-elf/4.2.1/../../../../m68k-elf/lib/m5206e\libm.a(lib_a-wf_asin.o)
                0x02046008                asinf
 *fill*         0x02046112        0x2 00
 .text          0x02046114      0x6b0 c:/nburn/gcc-m68k/bin/../lib/gcc/m68k-elf/4.2.1/../../../../m68k-elf/lib/m5206e\libm.a(lib_a-wf_pow.o)
                0x02046114                powf
 .text          0x020467c4      0x3fc c:/nburn/gcc-m68k/bin/../lib/gcc/m68k-elf/4.2.1/../../../../m68k-elf/lib/m5206e\libm.a(lib_a-ef_asin.o)
                0x020467c4                __ieee754_asinf
 .text          0x02046bc0      0xe36 c:/nburn/gcc-m68k/bin/../lib/gcc/m68k-elf/4.2.1/../../../../m68k-elf/lib/m5206e\libm.a(lib_a-ef_pow.o)
                0x02046bc0                __ieee754_powf
 *fill*         0x020479f6        0x2 00
 .text          0x020479f8      0x110 c:/nburn/gcc-m68k/bin/../lib/gcc/m68k-elf/4.2.1/../../../../m68k-elf/lib/m5206e\libm.a(lib_a-ef_sqrt.o)
                0x020479f8                __ieee754_sqrtf
 .text          0x02047b08       0x10 c:/nburn/gcc-m68k/bin/../lib/gcc/m68k-elf/4.2.1/../../../../m68k-elf/lib/m5206e\libm.a(lib_a-sf_fabs.o)
                0x02047b08                fabsf
 .text          0x02047b18       0x1c c:/nburn/gcc-m68k/bin/../lib/gcc/m68k-elf/4.2.1/../../../../m68k-elf/lib/m5206e\libm.a(lib_a-sf_finite.o)
                0x02047b18                finitef
 .text          0x02047b34       0x1c c:/nburn/gcc-m68k/bin/../lib/gcc/m68k-elf/4.2.1/../../../../m68k-elf/lib/m5206e\libm.a(lib_a-sf_isnan.o)
                0x02047b34                isnanf
 .text          0x02047b50      0x192 c:/nburn/gcc-m68k/bin/../lib/gcc/m68k-elf/4.2.1/../../../../m68k-elf/lib/m5206e\libm.a(lib_a-sf_scalbn.o)
                0x02047b50                scalbnf
 *fill*         0x02047ce2        0x2 00
 .text          0x02047ce4        0x0 c:/nburn/gcc-m68k/bin/../lib/gcc/m68k-elf/4.2.1/../../../../m68k-elf/lib/m5206e\libm.a(lib_a-s_lib_ver.o)
 .text          0x02047ce4        0xa c:/nburn/gcc-m68k/bin/../lib/gcc/m68k-elf/4.2.1/../../../../m68k-elf/lib/m5206e\libm.a(lib_a-s_matherr.o)
                0x02047ce4                matherr
 *fill*         0x02047cee        0x2 00
 .text          0x02047cf0      0x268 c:/nburn/gcc-m68k/bin/../lib/gcc/m68k-elf/4.2.1/../../../../m68k-elf/lib/m5206e\libm.a(lib_a-s_rint.o)
                0x02047cf0                rint
 .text          0x02047f58       0x1c c:/nburn/gcc-m68k/bin/../lib/gcc/m68k-elf/4.2.1/../../../../m68k-elf/lib/m5206e\libm.a(lib_a-sf_copysign.o)
                0x02047f58                copysignf
 .text          0x02047f74      0xba0 c:/nburn/gcc-m68k/bin/../lib/gcc/m68k-elf/4.2.1/m5206e\libgcc.a(_double.o)
                0x02048a72                __cmpdf2
                0x02047fd4                __adddf3
                0x0204893c                __negdf2
                0x0204864c                __divdf3
                0x0204899a                __cmpdf2_internal
                0x02048470                __muldf3
                0x02047fce                __subdf3
 .text          0x02048b14      0x7ca c:/nburn/gcc-m68k/bin/../lib/gcc/m68k-elf/4.2.1/m5206e\libgcc.a(_float.o)
                0x02048f86                __divsf3
                0x02048b5c                __subsf3
                0x0204917a                __negsf2
                0x0204926c                __cmpsf2
                0x020491cc                __cmpsf2_internal
                0x02048e44                __mulsf3
                0x02048b62                __addsf3
 *fill*         0x020492de        0x2 00
 .text          0x020492e0       0x74 c:/nburn/gcc-m68k/bin/../lib/gcc/m68k-elf/4.2.1/m5206e\libgcc.a(_floatex.o)
                0x020492ec                $_exception_handler
                0x020492e0                __clear_sticky_bit
 .text          0x02049354       0x22 c:/nburn/gcc-m68k/bin/../lib/gcc/m68k-elf/4.2.1/m5206e\libgcc.a(_eqdf2.o)
                0x02049354                __eqdf2
 *fill*         0x02049376        0x2 00
 .text          0x02049378       0x22 c:/nburn/gcc-m68k/bin/../lib/gcc/m68k-elf/4.2.1/m5206e\libgcc.a(_nedf2.o)
                0x02049378                __nedf2
 *fill*         0x0204939a        0x2 00
 .text          0x0204939c       0x22 c:/nburn/gcc-m68k/bin/../lib/gcc/m68k-elf/4.2.1/m5206e\libgcc.a(_gtdf2.o)
                0x0204939c                __gtdf2
 *fill*         0x020493be        0x2 00
 .text          0x020493c0       0x22 c:/nburn/gcc-m68k/bin/../lib/gcc/m68k-elf/4.2.1/m5206e\libgcc.a(_gedf2.o)
                0x020493c0                __gedf2
 *fill*         0x020493e2        0x2 00
 .text          0x020493e4       0x22 c:/nburn/gcc-m68k/bin/../lib/gcc/m68k-elf/4.2.1/m5206e\libgcc.a(_ltdf2.o)
                0x020493e4                __ltdf2
 *fill*         0x02049406        0x2 00
 .text          0x02049408       0x22 c:/nburn/gcc-m68k/bin/../lib/gcc/m68k-elf/4.2.1/m5206e\libgcc.a(_ledf2.o)
                0x02049408                __ledf2
 *fill*         0x0204942a        0x2 00
 .text          0x0204942c       0x1a c:/nburn/gcc-m68k/bin/../lib/gcc/m68k-elf/4.2.1/m5206e\libgcc.a(_eqsf2.o)
                0x0204942c                __eqsf2
 *fill*         0x02049446        0x2 00
 .text          0x02049448       0x1a c:/nburn/gcc-m68k/bin/../lib/gcc/m68k-elf/4.2.1/m5206e\libgcc.a(_gtsf2.o)
                0x02049448                __gtsf2
 *fill*         0x02049462        0x2 00
 .text          0x02049464       0x1a c:/nburn/gcc-m68k/bin/../lib/gcc/m68k-elf/4.2.1/m5206e\libgcc.a(_gesf2.o)
                0x02049464                __gesf2
 *fill*         0x0204947e        0x2 00
 .text          0x02049480       0x1a c:/nburn/gcc-m68k/bin/../lib/gcc/m68k-elf/4.2.1/m5206e\libgcc.a(_ltsf2.o)
                0x02049480                __ltsf2
 *fill*         0x0204949a        0x2 00
 .text          0x0204949c       0x1a c:/nburn/gcc-m68k/bin/../lib/gcc/m68k-elf/4.2.1/m5206e\libgcc.a(_lesf2.o)
                0x0204949c                __lesf2
 *fill*         0x020494b6        0x2 00
 .text          0x020494b8       0x58 c:/nburn/gcc-m68k/bin/../lib/gcc/m68k-elf/4.2.1/m5206e\libgcc.a(_fixunssfsi.o)
                0x020494b8                __fixunssfsi
 .text          0x02049510       0x7a c:/nburn/gcc-m68k/bin/../lib/gcc/m68k-elf/4.2.1/m5206e\libgcc.a(_fixunsdfsi.o)
                0x02049510                __fixunsdfsi
 *fill*         0x0204958a        0x2 00
 .text          0x0204958c       0x5c c:/nburn/gcc-m68k/bin/../lib/gcc/m68k-elf/4.2.1/m5206e\libgcc.a(_fixdfdi.o)
                0x0204958c                __fixdfdi
 .text          0x020495e8       0x88 c:/nburn/gcc-m68k/bin/../lib/gcc/m68k-elf/4.2.1/m5206e\libgcc.a(_fixunsdfdi.o)
                0x020495e8                __fixunsdfdi
 .text          0x02049670      0x4f6 c:/nburn/gcc-m68k/bin/../lib/gcc/m68k-elf/4.2.1/m5206e\libgcc.a(_udivdi3.o)
                0x02049670                __udivdi3
 *fill*         0x02049b66        0x2 00
 .text          0x02049b68      0x4f8 c:/nburn/gcc-m68k/bin/../lib/gcc/m68k-elf/4.2.1/m5206e\libgcc.a(_umoddi3.o)
                0x02049b68                __umoddi3
 .text          0x0204a060      0x49a c:/nburn/gcc-m68k/bin/../lib/gcc/m68k-elf/4.2.1/m5206e\libgcc.a(fpgnulib.o)
                0x0204a4e0                __fixsfsi
                0x0204a1c8                __floatsidf
                0x0204a29e                __extendsfdf2
                0x0204a156                __floatunsidf
                0x0204a460                __fixdfsi
                0x0204a284                __floatsisf
                0x0204a338                __truncdfsf2
                0x0204a060                __unordsf2
                0x0204a26a                __floatunsisf
                0x0204a0c2                __unorddf2
 *fill*         0x0204a4fa        0x2 00
 .text          0x0204a4fc     0x1f0e c:/nburn/gcc-m68k/bin/../lib/gcc/m68k-elf/4.2.1/m5206e\libgcc.a(unwind-dw2.o)
                0x0204a89e                _Unwind_GetIPInfo
                0x0204a582                _Unwind_GetIP
                0x0204c26e                _Unwind_Resume_or_Rethrow
                0x0204a5b4                _Unwind_GetRegionStart
                0x0204bf76                _Unwind_Backtrace
                0x0204a572                _Unwind_GetCFA
                0x0204b16c                __frame_state_for
                0x0204c2fc                _Unwind_Resume
                0x0204a5e4                _Unwind_DeleteException
                0x0204c092                _Unwind_RaiseException
                0x0204a592                _Unwind_SetIP
                0x0204a5d4                _Unwind_GetTextRelBase
                0x0204a87a                _Unwind_FindEnclosingFunction
                0x0204a5a4                _Unwind_GetLanguageSpecificData
                0x0204c382                _Unwind_ForcedUnwind
                0x0204a602                _Unwind_SetGR
                0x0204a668                _Unwind_GetGR
                0x0204a5c4                _Unwind_GetDataRelBase
 *fill*         0x0204c40a        0x2 00
 .text          0x0204c40c     0x126c c:/nburn/gcc-m68k/bin/../lib/gcc/m68k-elf/4.2.1/m5206e\libgcc.a(unwind-dw2-fde.o)
                0x0204d52a                _Unwind_Find_FDE
                0x0204cd20                __register_frame
                0x0204ccfe                __register_frame_table
                0x0204c482                __register_frame_info_bases
                0x0204d462                __deregister_frame_info
                0x0204d3a4                __deregister_frame_info_bases
                0x0204c4ee                __register_frame_info_table_bases
                0x0204d46c                __deregister_frame
                0x0204c540                __register_frame_info_table
                0x0204c4d2                __register_frame_info
 .text          0x0204d678        0x0 c:/nburn/gcc-m68k/bin/../lib/gcc/m68k-elf/4.2.1/m5206e\libgcc.a(_clz.o)
 .text          0x0204d678       0x18 c:/nburn/gcc-m68k/bin/../lib/gcc/m68k-elf/4.2.1/../../../../m68k-elf/lib/m5206e\libc.a(lib_a-abort.o)
                0x0204d678                abort
 .text          0x0204d690       0x14 c:/nburn/gcc-m68k/bin/../lib/gcc/m68k-elf/4.2.1/../../../../m68k-elf/lib/m5206e\libc.a(lib_a-atof.o)
                0x0204d690                atof
 .text          0x0204d6a4       0x34 c:/nburn/gcc-m68k/bin/../lib/gcc/m68k-elf/4.2.1/../../../../m68k-elf/lib/m5206e\libc.a(lib_a-atoi.o)
                0x0204d6a4                _atoi_r
                0x0204d6c0                atoi
 .text          0x0204d6d8       0x64 c:/nburn/gcc-m68k/bin/../lib/gcc/m68k-elf/4.2.1/../../../../m68k-elf/lib/m5206e\libc.a(lib_a-bsearch.o)
                0x0204d6d8                bsearch
 .text          0x0204d73c        0x0 c:/nburn/gcc-m68k/bin/../lib/gcc/m68k-elf/4.2.1/../../../../m68k-elf/lib/m5206e\libc.a(lib_a-ctype_.o)
 .text          0x0204d73c       0x1e c:/nburn/gcc-m68k/bin/../lib/gcc/m68k-elf/4.2.1/../../../../m68k-elf/lib/m5206e\libc.a(lib_a-cxa_atexit.o)
                0x0204d73c                __cxa_atexit
 *fill*         0x0204d75a        0x2 00